1 | 00:00:01,000 | 00:00:04,000 | [Промова англійською]
[Переклад з маратхі
2 | 00:00:04,000 | 00:00:07,000 | на англійську]
Першим було виконано бхаджан «Бхай кая тая Прабху Джьячаре».
3 | 00:00:07,000 | 00:00:09,580 | Шрі Матаджі зауважила: «Це була улюблена пісня Мого батька».
[Промова англійською]
4 | 00:00:09,580 | 00:00:16,930 | Багато людей завжди запитували Мене, чому Бог створив цей Всесвіт.
5 | 00:00:16,930 | 00:00:23,730 | Звичайно, ми не повинні ставити запитання Богові.
6 | 00:00:23,730 | 00:00:28,712 | Легко ставити запитання Матаджі, коли Вона читає лекцію.
7 | 00:00:28,712 | 00:00:33,490 | Але Бог – це особистість, яка поза запитаннями.
8 | 00:00:33,490 | 00:00:41,239 | А чому Він створив Всесвіт – це щось на кшталт того, чому Я одягла всі ці прикраси.
9 | 00:00:41,239 | 00:00:53,680 | Я не звикла носити прикраси, але Мені довелося це зробити.
10 | 00:00:53,680 | 00:00:57,590 | Мені довелося це зробити просто щоб порадувати вас,
11 | 00:00:57,590 | 00:01:01,500 | або ж можемо сказати, що Бог створив цю землю просто щоб порадувати
12 | 00:01:01,500 | 00:01:09,250 | Своїх дітей, просто щоб зробити їх щасливими,
13 | 00:01:09,250 | 00:01:14,600 | просто щоб ввести їх до Царства Божого, щоб дати все те, що Він має.
14 | 00:01:14,600 | 00:01:27,970 | Тож Він мав створити це творіння таким чином, щоб міг створити Свій власний образ,
15 | 00:01:27,970 | 00:01:36,800 | відобразити його й дати йому насолоджуватися собою.
16 | 00:01:36,800 | 00:01:51,550 | Це дуже взаємне оцінювання, як ми називаємо це – андолан.
17 | 00:01:51,550 | 00:02:01,850 | Що б Він не робив для нас – це для Його власної втіхи.
18 | 00:02:01,850 | 00:02:07,810 | Але краса цього в тому, що ваша втіха – це Його втіха.
19 | 00:02:07,810 | 00:02:13,610 | І навпаки – Його втіха має бути і вашою втіхою.
20 | 00:02:13,610 | 00:02:24,959 | Як тільки це стає фактом, що втіха Бога стає вашою втіхою,
21 | 00:02:24,959 | 00:02:33,580 | ви входите в цю прекрасну арену небесної радості – сваргія ананд.
22 | 00:02:33,580 | 00:02:45,760 | Тільки якщо це одностороннє підприємство чи одностороннє зусилля, воно втрачається.
23 | 00:02:45,760 | 00:02:55,690 | Людські зусилля односторонні, але Божі зусилля такі,
24 | 00:02:55,690 | 00:02:58,930 | що ними неможливо насолоджуватися, доки вони не відображені.
25 | 00:02:58,930 | 00:03:07,420 | Тож що б Він не дав нам, ми не можемо це порахувати, ми можемо лише сказати,
26 | 00:03:07,420 | 00:03:10,550 | що це благословення, бо це абстрактний спосіб говорити про речі.
27 | 00:03:10,550 | 00:03:19,550 | Таке є благословення Бога – що Він дав усі благословення.
28 | 00:03:19,550 | 00:03:29,590 | Це абстрактна річ, бо ми не можемо порахувати,
29 | 00:03:29,590 | 00:03:34,770 | не можемо надати цьому форму, не можемо сказати, що Він зробив для нас.
30 | 00:03:34,770 | 00:03:41,110 | І коли ця радість Його творіння відчувається в нашому серці, коли ми починаємо
31 | 00:03:41,110 | 00:03:44,950 | насолоджуватися цією радістю всередині себе, тоді це стає повною картиною.
32 | 00:03:44,950 | 00:03:54,870 | Коли вона повна, ви не можете її описати, бо вона не є відносною.
33 | 00:03:54,870 | 00:03:57,870 | Ви можете лише насолоджуватися нею.
34 | 00:03:57,870 | 00:04:08,769 | І ось як описується глибина насолоди – на тій глибині, що ми можемо сказати?
35 | 00:04:08,769 | 00:04:09,989 | Ми розчиняємося.
36 | 00:04:09,989 | 00:04:14,580 | Крапля стала океаном, а океан став краплею.
37 | 00:04:14,580 | 00:04:21,959 | Спочатку океан стає краплею, а потім крапля стає океаном.
38 | 00:04:21,959 | 00:04:27,819 | І тоді океан намагається стати краплею.
39 | 00:04:27,819 | 00:04:36,770 | Це прекрасна система давання та отримання,
40 | 00:04:36,770 | 00:04:42,699 | яку можуть оцінити лише ті, хто скуштував нектар краси Божої любові.
41 | 00:04:42,699 | 00:04:50,279 | Дуже легко сказати, що Бога немає.
42 | 00:04:50,279 | 00:04:55,330 | Це найлегше, що можна сказати.
43 | 00:04:55,330 | 00:04:59,710 | Але насолоджуватися Богом ще легше за це.
44 | 00:04:59,710 | 00:05:02,779 | Це найлегше – насолоджуватися Ним, бо Він такий доступний.
45 | 00:05:02,779 | 00:05:04,120 | Він так прагне цього.
46 | 00:05:04,120 | 00:05:07,270 | Увесь сенс створення – дати вам радість, дати вам щастя.
47 | 00:05:07,270 | 00:05:13,610 | Як сьогодні, коли Мені потрібно було піти до банку, Я думала: «Я ніколи не носила
48 | 00:05:13,610 | 00:05:23,300 | ці прикраси за все життя, а сьогодні прийшов час, і Мені потрібно їх надіти».
49 | 00:05:23,300 | 00:05:27,900 | Я просто подумала про це: «Це просто для Моїх дітей».
50 | 00:05:27,900 | 00:05:29,105 | Якщо Мені потрібно їх носити, яка різниця?
51 | 00:05:29,105 | 00:05:32,339 | Просто щоб зробити їх щасливими, яка різниця?
52 | 00:05:32,339 | 00:05:38,050 | Якщо вони почуваються щасливими, тоді Моє щастя повне.
53 | 00:05:38,050 | 00:05:42,385 | Але ви відчули за Мене, що Мені варто їх надіти,
54 | 00:05:42,385 | 00:05:46,720 | і це вже показує, що ви хотіли побачити їх на Мені.
55 | 00:05:46,720 | 00:05:50,100 | Це також таке вшанування вашої дуже тонкої бхакті,
56 | 00:05:50,100 | 00:05:53,479 | дуже тонкої любові до вашої Матері.
57 | 00:05:53,479 | 00:06:00,569 | У ці сучасні часи мати таких бхакти – це вже велике благословення для Мене.
58 | 00:06:00,569 | 00:06:03,509 | Тож як ви кажете: «Мати, благослови нас», Я кажу: «Ви також благословіть Мене».
59 | 00:06:03,509 | 00:06:11,289 | Ви вже благословили Мене цим прекрасним облаштуванням, яке ви зробили,
60 | 00:06:11,289 | 00:06:20,080 | тим, як ви піддали себе, віддали себе на милість для цієї великої Пуджі.
61 | 00:06:20,080 | 00:06:25,689 | Бо все це такий взаємозалежний процес.
62 | 00:06:25,689 | 00:06:31,190 | Ви робите Пуджу.
63 | 00:06:31,190 | 00:06:35,180 | Я не можу робити Пуджу.
64 | 00:06:35,180 | 00:06:37,649 | Ви маєте робити Пуджу.
65 | 00:06:37,649 | 00:06:40,680 | Коли ви робите Пуджу, чакри пробуджуються.
66 | 00:06:40,680 | 00:06:43,919 | Мої пробуджені, але у вас вони пробуджуються.
67 | 00:06:43,919 | 00:06:48,370 | А тепер, як пояснити людям, у чому важливість Пуджі.
68 | 00:06:48,370 | 00:06:56,710 | Якщо ви не скуштували плід Пуджі, це неможливо пояснити.
69 | 00:06:56,710 | 00:07:06,539 | Лише на вищому рівні можна зрозуміти все це.
70 | 00:07:06,539 | 00:07:14,939 | Але досі все, що робилося, робилося
71 | 00:07:14,939 | 00:07:16,080 | на такому низькому рівні такими нікчемними людьми, що все стало абсолютно нечистим.
72 | 00:07:16,080 | 00:07:32,960 | Це все було нечисте діяння, і через це нечисте діяння Сам Бог нещасний.
73 | 00:07:32,960 | 00:07:36,525 | Тож Він створив цей Всесвіт, щоб створити реалізовані душі,
74 | 00:07:36,525 | 00:07:40,089 | не для того, щоб створити нікчемних людей, не для
75 | 00:07:40,089 | 00:07:49,189 | того, щоб створити людей, які не вірять у Бога,
76 | 00:07:49,189 | 00:07:56,929 | які не вірять у вище життя, які не вірять у ведення чистого життя.
77 | 00:07:56,929 | 00:07:59,719 | Він ніколи не створював цей Всесвіт для них.
78 | 00:07:59,719 | 00:08:03,889 | Вони просто існують, як мертві люди.
79 | 00:08:03,889 | 00:08:06,689 | Вони не живі люди.
80 | 00:08:06,689 | 00:08:16,409 | Тож ті, хто вірить у Бога, ті, хто поклоняється Йому з усією чистотою,
81 | 00:08:16,409 | 00:08:19,539 | насправді в певному сенсі дають благословення
82 | 00:08:19,539 | 00:08:22,669 | Богові, бо це так приємно для Нього – бачити,
83 | 00:08:22,669 | 00:08:27,479 | що вони зрозуміли, що вони це відчули, що їм це сподобалося.
84 | 00:08:27,479 | 00:08:31,330 | Сахаджа йоґи також, деякі з них мають проблеми, це не має значення.
85 | 00:08:31,330 | 00:08:39,479 | Але поки бажання чисте, ваша Кундаліні чиста,
86 | 00:08:39,479 | 00:08:45,645 | поки ви відчуваєте, що маєте здійснювати своє
87 | 00:08:45,645 | 00:08:51,810 | сходження належним чином, у стані віддачі на милість,
88 | 00:08:51,810 | 00:08:55,960 | все стане повною прекрасною картиною.
89 | 00:08:55,960 | 00:09:11,400 | І щоб створити це піднесене Царство Боже в нашому серці та зовні,
90 | 00:09:11,400 | 00:09:19,280 | потрібно знати, що Божі зусилля абсолютно повні.
91 | 00:09:19,280 | 00:09:24,450 | Він створив вас.
92 | 00:09:24,450 | 00:09:27,960 | Тепер лишилося лише трохи.
93 | 00:09:27,960 | 00:09:31,680 | Це з іншого боку.
94 | 00:09:31,680 | 00:09:39,950 | Він створив цей Всесвіт так красиво, і після створення цього
95 | 00:09:39,950 | 00:09:45,480 | прекрасного Всесвіту цей Всесвіт має повністю відобразити Бога.
96 | 00:09:45,480 | 00:09:47,220 | Ось і все.
97 | 00:09:47,220 | 00:09:50,090 | Тож п'ятдесят відсотків роботи зроблено.
98 | 00:09:50,090 | 00:09:53,360 | Лише інші п'ятдесят відсотків роботи маєте зробити ви.
99 | 00:09:53,360 | 00:09:55,695 | Вам не варто хвилюватися, якщо є люди,
100 | 00:09:55,695 | 00:09:58,030 | яких не цікавить Сахаджа Йоґа, ті, хто не збирається
101 | 00:09:58,030 | 00:10:03,760 | медитувати, ті, хто не збирається робити Пуджу,
102 | 00:10:03,760 | 00:10:05,300 | ті, хто не насолоджується цим вищим життям.
103 | 00:10:05,300 | 00:10:06,450 | Просто не турбуйтеся про них.
104 | 00:10:06,450 | 00:10:15,650 | Але ви повинні знати, що ви – особливі люди, і що ви маєте створити ядро,
105 | 00:10:15,650 | 00:10:25,360 | повне тіло тієї частини, яка завершить цю роботу великого почуття.
106 | 00:10:25,360 | 00:10:36,860 | Сьогодні Я так зачарована, що швидкість усього для Мене зараз знизилася до нуля.
107 | 00:10:36,860 | 00:10:37,940 | Ніщо не рухається.
108 | 00:10:37,940 | 00:10:52,420 | В Мені більше не залишилося ніякої ґаті, настільки зачарована і переповнена
109 | 00:10:52,420 | 00:11:01,970 | вашим святкуванням, вашою добротою, що Я просто не знаю, як висловити Себе.
110 | 00:11:01,970 | 00:11:09,730 | Все це свідчить про таку неймовірну глибину і вдячність у ваших серцях за щось,
111 | 00:11:09,730 | 00:11:10,730 | для чого Я не зробила абсолютно нічого.
112 | 00:11:10,730 | 00:11:12,780 | Я не зробила нічого, бо Я не досягла нічого в житті Сама.
113 | 00:11:12,780 | 00:11:15,050 | Я була тим, чим Я є.
114 | 00:11:15,050 | 00:11:18,180 | Я буду такою ж.
115 | 00:11:18,180 | 00:11:25,250 | Я не робила ніякої тапасьї чи чого-небудь.
116 | 00:11:25,250 | 00:11:33,140 | Я не пройшла навіть кроку для досягнення Своєї мети.
117 | 00:11:33,140 | 00:11:44,130 | Це ви підготували себе, ви підійшли все ближче і ближче, як готова лампа,
118 | 00:11:44,130 | 00:11:55,500 | діпак, і запалили себе, просвітили себе завдяки своїй підготовці.
119 | 00:11:55,500 | 00:12:03,100 | Це лише ваше власне діяння, яке дало це світло повсюди.
120 | 00:12:03,100 | 00:12:10,190 | Ви добре знаєте, що світло не може поширюватися у вакуумі.
121 | 00:12:10,190 | 00:12:11,700 | Воно не може поширюватися.
122 | 00:12:11,700 | 00:12:15,470 | Якщо є вакуум, світло не може поширюватися.
123 | 00:12:15,470 | 00:12:23,020 | Ось чому без сахаджа йоґів Я не маю жодного існування.
124 | 00:12:23,020 | 00:12:24,490 | Я не існую.
125 | 00:12:24,490 | 00:12:27,580 | Все Моє існування тут завдяки вам.
126 | 00:12:27,580 | 00:12:28,920 | Я не маю сенсу.
127 | 00:12:28,920 | 00:12:30,260 | Я не маю роботи.
128 | 00:12:30,260 | 00:12:32,610 | Я не виконую жодної роботи взагалі.
129 | 00:12:32,610 | 00:12:38,120 | Я – та, хто найлінивіша і не виконує жодної роботи взагалі.
130 | 00:12:38,120 | 00:12:42,370 | Це лише ви досягли цього.
131 | 00:12:42,370 | 00:12:45,460 | Це ви піднесли себе.
132 | 00:12:45,460 | 00:12:50,100 | Насправді це ваші дні народження мають святкуватися замість Мого,
133 | 00:12:50,100 | 00:12:51,350 | бо Я не старію і не молодшаю.
134 | 00:12:51,350 | 00:12:53,440 | Я просто та ж сама.
135 | 00:12:53,440 | 00:12:56,590 | Немає жодної різниці.
136 | 00:12:56,590 | 00:13:00,782 | І Я думаю, що сьогодні мав би святкуватися день народження Сахаджа Йоґи.
137 | 00:13:00,782 | 00:13:06,276 | Можемо сказати сьогодні,
138 | 00:13:06,276 | 00:13:11,770 | що минуло близько дванадцяти років і десяти місяців, як Сахаджа Йоґа
139 | 00:13:11,770 | 00:13:15,940 | була розпочата на публічній основі,
140 | 00:13:15,940 | 00:13:20,110 | хоча Я розпочала її давно, Я не знаю, скільки років тому.
141 | 00:13:20,110 | 00:13:31,740 | Тож на цьому етапі ми маємо зрозуміти, що Пуджа – це абстрактне досягнення,
142 | 00:13:31,740 | 00:13:38,860 | яке можна лише відчути, і всі ви маєте сидіти з тим відчуттям, що ми
143 | 00:13:38,860 | 00:13:53,140 | збираємося досягти порожнечі всередині нас, стану без его, відсутності его,
144 | 00:13:53,140 | 00:13:58,620 | порожнечі, очищення, щоб світло любові затопило всі простори всередині нас.
145 | 00:13:58,620 | 00:14:08,529 | І це можливо лише тоді, коли, звичайно, чакри мають бути пробуджені.
146 | 00:14:08,529 | 00:14:20,580 | Це спрацює, а також ви маєте повністю відкрити свої серця.
147 | 00:14:20,580 | 00:14:27,001 | Не сумніватися ні в чому, не думати ні про що, а просто відкрити свої серця,
148 | 00:14:27,001 | 00:14:35,320 | просто прийняти це з повною вірою і розумінням.
149 | 00:14:35,320 | 00:14:42,170 | У вас є люди з усіх країн, з такої кількості країн.
150 | 00:14:42,170 | 00:14:47,240 | Увесь світ представлений тут.
151 | 00:14:47,240 | 00:14:55,620 | Я відчуваю, що ми вже торкнулися кожного куточка світу.
152 | 00:14:55,620 | 00:15:02,720 | У цей день єдине,
153 | 00:15:02,720 | 00:15:03,860 | що ми маємо проголосити – нехай Сахаджа Йоґа стане Махайоґою в повному сенсі.
154 | 00:15:03,860 | 00:15:11,660 | Щоб кожен у всьому світі визнав, що Сахаджа Йоґа – єдиний шлях,
155 | 00:15:11,660 | 00:15:28,579 | яким люди можуть піднятися у своїй еволюції, і новий світ може бути створений.
156 | 00:15:28,579 | 00:15:39,980 | І такий розвиток, який є колективним розвитком, який є не зовнішнього світу,
157 | 00:15:39,980 | 00:15:51,050 | а внутрішнього, який спрямовує корені цього творіння в новий
158 | 00:15:51,050 | 00:16:07,750 | вимір, у нову особистість, бо на той час корені досягнуть джерела,
159 | 00:16:07,750 | 00:16:12,040 | джерела цієї Божественної любові, цієї Всепроникної Сили – Брахмашакті.
160 | 00:16:12,040 | 00:16:23,490 | Сьогодні Я прошу вас, щоб ви всі дали обітницю, що всі ви спробуєте привести більше
161 | 00:16:23,490 | 00:16:27,125 | людей до Сахаджа Йоґи
162 | 00:16:27,125 | 00:16:30,760 | і спробуєте врятувати якомога більше людей через усі ваші зусилля.
163 | 00:16:30,760 | 00:16:40,480 | Це єдине, що якщо ви зможете дати Мені на Мій День Народження, Я буду дуже вдячна.
164 | 00:16:40,480 | 00:16:44,000 | Нехай Бог благословить усіх вас.
[Переклад з маратхі на англійську]
165 | 00:16:44,000 | 00:16:51,000 | У Махараштрі не можна жити, не розмовляючи маратхі.
166 | 00:16:51,000 | 00:16:58,000 | Треба говорити трохи маратхі, і факт у тому,
167 | 00:16:58,000 | 00:17:05,000 | що ми прожили шістдесят років, тобто якось справлялися.
168 | 00:17:05,000 | 00:17:12,000 | Особливість людей Махараштри в тому, що вони народилися на цій землі святих,
169 | 00:17:12,000 | 00:17:19,000 | які поливали цю землю водою зі своїх рук.
170 | 00:17:19,000 | 00:17:26,000 | Святі багато проповідували, і Боги встановили тут три з половиною Шакті Пітхи,
171 | 00:17:26,000 | 00:17:33,000 | вісім Аштавінаяків перебувають тут, і
172 | 00:17:33,000 | 00:17:40,000 | отримавши все це, якщо люди Махараштри не досягнуть божественності,
173 | 00:17:40,000 | 00:17:47,000 | тоді люди Махараштри будуть відповідальні перед усіма.
174 | 00:17:47,000 | 00:17:54,000 | Слід пам'ятати, що в Махараштрі було докладено багато зусиль.
175 | 00:17:54,000 | 00:18:01,000 | Ви не знайдете такого об'єднання стількох речей де-небудь іще,
176 | 00:18:01,000 | 00:18:08,000 | і після цієї особливості цієї землі,
177 | 00:18:08,000 | 00:18:15,000 | якщо Сахаджа Йоґа все ще не процвітатиме тут,
178 | 00:18:15,000 | 00:18:22,000 | тоді немає надії, що це станеться де-небудь іще.
179 | 00:18:22,000 | 00:18:29,000 | У Махараштрі є багато негідних вчинків, які вплинули на людей тут.
180 | 00:18:29,000 | 00:18:36,000 | Все це має бути знищено, тобто всі види тютюну тощо.
181 | 00:18:36,000 | 00:18:43,000 | Сьогодні всі ви маєте вирішити, що якщо людина вживає тютюн,
182 | 00:18:43,000 | 00:18:50,000 | то її не слід запрошувати на обід додому.
183 | 00:18:50,000 | 00:18:57,000 | Відсторонити її.
184 | 00:18:57,000 | 00:19:04,000 | Вживання тютюну в різних формах широко поширене в нашій країні,
185 | 00:19:04,000 | 00:19:11,000 | але в Махараштрі тютюну вживають особливо багато.
186 | 00:19:11,000 | 00:19:18,000 | Якщо він варкарі (відданий Бога Вітхала), не кличте його, скажіть йому,
187 | 00:19:18,000 | 00:19:25,000 | що Шрі Крішна сказав нам, що якщо ти вживаєш тютюн, не сідай у нашій компанії.
188 | 00:19:25,000 | 00:19:32,000 | У Махараштрі є багато негідних вчинків, але цей – найгірший.
189 | 00:19:32,000 | 00:19:39,000 | Якщо ви позбудетеся цього, мова стане солодшою.
190 | 00:19:39,000 | 00:19:46,000 | Це маленька річ, але урок буде дуже красивим.
191 | 00:19:46,000 | 00:19:53,000 | Решту Я приберу.
192 | 00:19:53,000 | 00:20:00,000 | Просто подбайте про тютюнову проблему.
193 | 00:20:00,000 | 00:20:07,000 | Кожен має розділити роботу.
194 | 00:20:07,000 | 00:20:14,000 | Є багато людей, які прийшли з таких місць (сміється) (звук
195 | 00:20:14,000 | 00:20:21,000 | феєрверків) – вони запускають петарди одну за одною (сміється).
196 | 00:20:21,000 | 00:20:28,000 | Тут є люди, які прийшли з таких місць, де вживання тютюну зросло.
197 | 00:20:28,000 | 00:20:35,000 | Тож, будь ласка, Я прошу всіх вас, без будь-якого страху називайте Моє ім'я
198 | 00:20:35,000 | 00:20:42,000 | і повідомляйте людям – не потрапляйте у звичку вживати тютюн.
199 | 00:20:42,000 | 00:20:49,000 | Ця тютюнова справа стане дуже жахливою тепер.
200 | 00:20:49,000 | 00:20:56,000 | Я кажу вам, Я вже говорила це.
201 | 00:20:56,000 | 00:21:03,000 | Тоді не кажіть Мені: «Матаджі, Ти нас не попереджала».
202 | 00:21:03,000 | 00:21:10,000 | Тютюн дуже небезпечного різновиду, люди вживали тютюн багато років.
203 | 00:21:10,000 | 00:21:17,000 | Але людям слід подумати, чому зараз через тютюн люди страждають більше.
204 | 00:21:17,000 | 00:21:24,000 | Має бути якась причина, чому тютюн тепер є табу для Всевишнього,
205 | 00:21:24,000 | 00:21:31,000 | тож ви маєте зрозуміти і повністю відмовитися від тютюну.
206 | 00:21:31,000 | 00:21:38,000 | Це прохання на Мій День Народження до всієї махараштрійської спільноти.
207 | 00:21:38,000 | 00:21:45,000 | Слава Махараштри занадто велика, це місце отримало назву Махараштра,
208 | 00:21:45,000 | 00:21:52,000 | і то з незапам'ятних часів, ніхто не може сказати, чому Махараштра і відколи.
209 | 00:21:52,000 | 00:21:59,000 | Коли санскрит вперше трансформувався в пракріт (слово «пракріт» походить від природи
210 | 00:21:59,000 | 00:22:06,000 | або першоджерела – група мов, які були природними, заснованими на
211 | 00:22:06,000 | 00:22:13,000 | звичайному мовленні простого народу), саме тоді існувала махараштрі бхаша (мова),
212 | 00:22:13,000 | 00:22:20,000 | махараштрі пайшачі, ардхамаґадхі (нерозбірливо), таких п'ять мов було.
213 | 00:22:20,000 | 00:22:27,000 | З них махараштрі бхаша (мова) вживалася в Махараштрі,
214 | 00:22:27,000 | 00:22:34,000 | тож вона стала Махараштрою, отже Махараштра – вічна.
215 | 00:22:34,000 | 00:22:41,000 | До Шрі Рами це місце називалося Махараштрою.
216 | 00:22:41,000 | 00:22:48,000 | Тобто наскільки вічне це місце.
217 | 00:22:48,000 | 00:22:55,000 | І багато територій Дандакараньї (Лісу покарання) входять до Махараштри;
218 | 00:22:55,000 | 00:23:02,000 | не повністю, деякі частини входять із Дандакараньї, а деякі ні.
219 | 00:23:02,000 | 00:23:09,000 | Деякі частини є в Махараштрі.
220 | 00:23:09,000 | 00:23:16,000 | Отже, все це було заздалегідь сплановано Богом Всемогутнім,
221 | 00:23:16,000 | 00:23:23,000 | така особлива земля була підготовлена.
222 | 00:23:23,000 | 00:23:30,000 | Значення цього таке величезне, що ми дізнаємося поступово.
223 | 00:23:30,000 | 00:23:37,000 | Якщо щось зараз видається таємничим, то в Сахаджа Йозі все відкривається поступово.
224 | 00:23:37,000 | 00:23:44,000 | Тож зрозумійте, що ми сидимо на дуже великій землі чеснот.
225 | 00:23:44,000 | 00:23:51,000 | Наприклад, ми дізналися про одну ділянку землі, і Я сказала, що вам слід купити
226 | 00:23:51,000 | 00:23:58,000 | цю землю, але в той час люди не зрозуміли, чому Матаджі так хоче цю землю.
227 | 00:23:58,000 | 00:24:05,000 | Люди дивувалися, чому Матаджі так хоче цю землю.
228 | 00:24:05,000 | 00:24:12,000 | Але вони не думають, що в цьому щось є.
229 | 00:24:12,000 | 00:24:19,000 | Зараз у газеті з'явилася велика стаття про цю землю.
230 | 00:24:19,000 | 00:24:26,000 | Вся священна робота робилася там із Третаюґи (в індуїзмі це друга
231 | 00:24:26,000 | 00:24:33,000 | і найкраща з чотирьох юґ – світових епох), і наскільки важлива ця земля.
232 | 00:24:33,000 | 00:24:40,000 | Прахлад мандрував там, і це місце Шанділья Муні тощо.
233 | 00:24:40,000 | 00:24:47,000 | Коли це було опубліковано, люди Махараштри зрозуміли, що те, що Матаджі сказала,
234 | 00:24:47,000 | 00:24:54,000 | було дуже особливим, і що Вона не просила цього без значення.
235 | 00:24:54,000 | 00:25:01,000 | У такій ситуації слід розуміти, що перспектива,
236 | 00:25:01,000 | 00:25:08,000 | яку ми пізнаємо через вібрації, – глибока.
237 | 00:25:08,000 | 00:25:15,000 | І коли Я (Шрі Матаджі) розумію це, це ще глибше.
238 | 00:25:15,000 | 00:25:22,000 | Я не описую надмірно глибину цієї Махараштри, але Я лише кажу,
239 | 00:25:22,000 | 00:25:29,000 | що це місце, яке потребує шанування і ставлення з глибокою повагою.
240 | 00:25:29,000 | 00:25:36,000 | Тож, щоб захистити Махараштру, захистити її святість,
241 | 00:25:36,000 | 00:25:43,000 | саме в цій Махараштрі ви знайдете справжні корені Сахаджа Йоґи.
242 | 00:25:43,000 | 00:25:50,000 | Тож розум людей Махараштри має бути повністю зосереджений на Сахаджа Йозі.
243 | 00:25:50,000 | 00:25:57,000 | Будь-яким чином, яким ми можемо, ми маємо це робити.
244 | 00:25:57,000 | 00:26:04,000 | У Махараштрі, якщо ви поширюватимете Сахаджа Йоґу,
245 | 00:26:04,000 | 00:26:11,000 | Я не маю сумніву, що вона пошириться по всьому світу.
246 | 00:26:11,000 | 00:26:18,000 | Бо корені всього світу – Шрі Аштавінаяки – вкорінені в Махараштрі.
247 | 00:26:18,000 | 00:26:25,000 | Також Рамдас Свамі встановив стільки Шрі Хануманів у цьому місці.
248 | 00:26:25,000 | 00:26:32,000 | Багато завдань було виконано тут, і завдяки своїй суті ця земля стала священною.
249 | 00:26:32,000 | 00:26:39,000 | Люди Махараштри мають знати її переваги.
250 | 00:26:39,000 | 00:26:46,000 | У махараштрійській мові є особлива гострота,
251 | 00:26:46,000 | 00:26:53,000 | і дотримуючись моральності та чистоти, нею можна володіти як мечем.
252 | 00:26:53,000 | 00:27:00,000 | Але навіть тоді думка про те, що ви не хочете вивчати іншу мову, – хибна.
253 | 00:27:00,000 | 00:27:07,000 | Якщо ми не вивчимо інші мови, ми не зможемо поширювати Сахаджа Йоґу цими мовами.
254 | 00:27:07,000 | 00:27:14,000 | Тож усі махараштрійці сьогодні мають вирішити,
255 | 00:27:14,000 | 00:27:21,000 | що ми також маємо вивчати інші мови та поважати їх.
256 | 00:27:21,000 | 00:27:28,000 | Ми маємо запрошувати їх до Махараштри з великим серцем і приймати їх щиросердно.
257 | 00:27:28,000 | 00:27:35,000 | У вас, людей, дуже велика віра в Мене, яка дуже глибока.
258 | 00:27:35,000 | 00:27:42,000 | Чому вона така глибока?
259 | 00:27:42,000 | 00:27:49,000 | Відповіді не знаєте ні ви, ні Я не можу сказати, чому.
260 | 00:27:49,000 | 00:27:56,000 | Але ніщо подібне не трапляється без причини.
261 | 00:27:56,000 | 00:28:03,000 | Якщо немає старих чи нових стосунків, такі речі не відбуваються.
262 | 00:28:03,000 | 00:28:10,000 | Маючи це на увазі, чому ми заглиблюємося в медитацію, що ж ми зробили?
263 | 00:28:10,000 | 00:28:17,000 | Замість того, щоб думати, що ми, можливо, щось зробили – з такою повною думкою на
264 | 00:28:17,000 | 00:28:24,000 | увазі потрібно мати самоповагу,
265 | 00:28:24,000 | 00:28:31,000 | таку собі повну впевненість, яку слід пробудити в собі.
266 | 00:28:31,000 | 00:28:38,000 | Ми маємо бути чимось, ось чому Мати благословила нас.
267 | 00:28:38,000 | 00:28:45,000 | Маючи це на увазі, якщо ви рухатиметеся вперед,
268 | 00:28:45,000 | 00:28:52,000 | тоді всі залишені питання будуть вирішені.
269 | 00:28:52,000 | 00:28:59,000 | Тому що ми є чимось, тож Матаджі благословила нас, і ми досягли цього – Реалізації.
270 | 00:28:59,000 | 00:29:06,000 | Ми отримали те, що було нашим, і маємо поширювати те, що отримали.
271 | 00:29:06,000 | 00:29:13,000 | Ми є чимось, тому ми це отримали; отже, ми маємо це поширювати, бо ми є чимось.
272 | 00:29:13,000 | 00:29:20,000 | Ми є чимось, тож ми не можемо бути егоїстичними,
273 | 00:29:20,000 | 00:29:27,000 | але тому що ми є чимось, ми маємо цим ділитися.
274 | 00:29:27,000 | 00:29:34,000 | Ось які ви, люди, – такі радісні та прекрасні.
275 | 00:29:34,000 | 00:29:41,000 | Нехай інші скажуть вам, і вони скажуть вам про це.
276 | 00:29:41,000 | 00:29:48,000 | Коли це потрапить у ваше поле зору, ви будете здивовані.
277 | 00:29:48,000 | 00:29:55,000 | Нехай цей день буде благословенний, радісний і святкується як свято.
278 | 00:29:55,000 | 00:30:02,000 | Для всіх вас Я гарно одяглася з нагоди свята.
279 | 00:30:02,000 | 00:30:09,000 | Тепер, що б ви не хотіли робити, продовжуйте.
280 | 00:30:09,000 | 00:30:16,000 | Я не хочу нічого казати.
281 | 00:30:16,000 | 00:30:23,000 | Виконуйте Пуджу як бажаєте.
282 | 00:30:23,000 | 00:30:30,000 | Не потрібно просити дозволу ні на що.
283 | 00:30:30,000 | 00:30:37,000 | Робіть те, що вважаєте правильним, Я готова до всього.
