1 | 00:00:00,080 | 00:00:01,296 | Пуджа Сахасрари, «Як це було вирішено».
2 | 00:00:01,376 | 00:00:02,576 | Фреджене (Італія), 8 травня 1988 року.
3 | 00:00:06,900 | 00:00:14,739 | Сьогодні дев'ятнадцятий День Сахасрари,
4 | 00:00:14,819 | 00:00:26,516 | якщо рахувати перший – день, коли Сахасрара була відкрита.
5 | 00:00:26,596 | 00:00:35,247 | Я маю розповісти вам історію Дня Сахасрари,
6 | 00:00:35,327 | 00:00:48,648 | про який було вирішено дуже давно, ще до того, як Я інкарнувалась.
7 | 00:00:48,728 | 00:01:05,704 | Вони мали велику нараду на Небесах, усі тридцять п'ять крорів (350 мільйонів) богів,
8 | 00:01:05,784 | 00:01:18,293 | божества були там присутні, щоб вирішити, що потрібно зробити.
9 | 00:01:18,373 | 00:01:32,709 | Це є найвищим, що ми маємо зробити для людей – відкрити їхню Сахасрару,
10 | 00:01:32,789 | 00:01:43,267 | відкрити їхнє усвідомлення для Духа, для справжнього
11 | 00:01:43,347 | 00:01:53,419 | знання Божественного, усунути темряву невігластва,
12 | 00:01:53,499 | 00:02:06,211 | і це мало відбутися спонтанно, бо працювати має жива сила Бога.
13 | 00:02:06,291 | 00:02:12,505 | Також це мало бути дуже швидко.
14 | 00:02:16,980 | 00:02:25,691 | Тож усі боги попросили, щоб тепер Я, Аді Шакті, мала народитися.
15 | 00:02:25,771 | 00:02:29,949 | Вони всі намагалися якнайкраще.
16 | 00:02:30,029 | 00:02:40,388 | Вони зробили все, що було можливо; святих було створено ними, але дуже мало.
17 | 00:02:40,468 | 00:02:47,256 | Вони інкарнувались, і люди створили з них релігії,
18 | 00:02:47,336 | 00:02:53,849 | які були спотворені та принесли їм погану славу.
19 | 00:02:55,570 | 00:02:58,999 | Жодної реальності в тих релігіях.
20 | 00:02:59,079 | 00:03:04,422 | Ці релігії були зорієнтовані на гроші або на владу.
21 | 00:03:04,502 | 00:03:13,248 | Не було жодної божественної сили, що діяла; насправді все це було антибожественним.
22 | 00:03:17,420 | 00:03:25,442 | Як тепер відвернути людей від цих поверхневих релігій,
23 | 00:03:25,522 | 00:03:30,543 | цих спотворених шляхів руйнування?
24 | 00:03:30,623 | 00:03:38,195 | Як розповісти їм про всі ці утверджені організації?
25 | 00:03:38,275 | 00:03:47,798 | Протягом віків вони правили, заробляючи гроші, здобуваючи владу.
26 | 00:03:52,840 | 00:03:55,745 | Це було надзвичайне завдання,
27 | 00:03:55,825 | 00:04:01,715 | його потрібно було виконати з великим терпінням і любов'ю.
28 | 00:04:01,795 | 00:04:05,420 | Це також була дуже делікатна робота,
29 | 00:04:05,500 | 00:04:11,699 | тому що вони вірили в ті релігії – невинні люди, прості люди.
30 | 00:04:11,779 | 00:04:17,669 | Заявити їм прямо, що все це нісенітниця, що це не релігії,
31 | 00:04:17,749 | 00:04:25,492 | що вони спрямовані проти Інкарнацій, проти всіх пророків, проти всіх святих.
32 | 00:04:25,572 | 00:04:29,918 | Ось чому всі справжні святі мали страждати.
33 | 00:04:29,998 | 00:04:35,167 | Це була потужна робота, яку потрібно було виконати,
34 | 00:04:35,247 | 00:04:40,416 | і саме тому Аді Шакті мала народитися на цій Землі.
35 | 00:04:43,950 | 00:04:49,791 | Це мало відбутися до шостого травня,
36 | 00:04:49,871 | 00:04:57,686 | тому що шосте травня було судним днем того року.
37 | 00:04:57,766 | 00:05:05,581 | Це було зроблено п'ятого травня, в останню мить.
38 | 00:05:05,661 | 00:05:18,247 | Все було вирішено заздалегідь, і кожному божеству була відведена його робота.
39 | 00:05:18,327 | 00:05:24,662 | Дуже ефективні божества, дуже слухняні,
40 | 00:05:24,742 | 00:05:33,380 | вони знали Мене дуже добре, повністю віддані й вірні.
41 | 00:05:33,460 | 00:05:44,072 | Вони знали Мене дуже, дуже добре, кожну Мою волосинку вони знали.
42 | 00:05:44,152 | 00:05:56,080 | Мені не потрібно було навчати їх протоколу – сама любов дає вам протокол,
43 | 00:05:56,160 | 00:06:04,962 | але любов, яка є божественною; це не егоїстична любов.
44 | 00:06:05,042 | 00:06:18,450 | Це не те, як ми любимо – моя дитина, мій чоловік, моя країна, мій одяг – це любов,
45 | 00:06:18,530 | 00:06:32,267 | яка є божественною, яка поширюється з вашого серця, з вашого Духа, як світло знання.
46 | 00:06:32,347 | 00:06:37,695 | Яке це було надзвичайне завдання.
47 | 00:06:40,410 | 00:06:47,086 | Тож Я сказала, що на Сахасрарі Я маю бути Махамайєю.
48 | 00:06:47,166 | 00:06:49,944 | Я мала бути Махамайєю.
49 | 00:06:50,024 | 00:06:58,519 | Я мала бути чимось таким, щоб люди не могли легко Мене розпізнати.
50 | 00:06:58,599 | 00:06:59,948 | А божества?
51 | 00:07:00,028 | 00:07:01,228 | Ні.
52 | 00:07:01,308 | 00:07:05,905 | Ця Махамайя мала прийти на цю Землю,
53 | 00:07:05,985 | 00:07:12,531 | а не Аді Шакті в Її найчистішій формі – це занадто.
54 | 00:07:12,611 | 00:07:16,400 | Тож Вона була вкрита цією Махамайєю.
55 | 00:07:21,820 | 00:07:32,095 | Тепер дивіться, за дев'ятнадцять років, чого ми досягли.
56 | 00:07:32,175 | 00:07:38,751 | Так багато йоґів сидять переді Мною.
57 | 00:07:38,831 | 00:07:51,510 | Різниця між святим і йоґом полягає в тому, що святий сам є праведним,
58 | 00:07:51,590 | 00:08:00,940 | сам є святим, але він не знає багато про Кундаліні.
59 | 00:08:01,020 | 00:08:05,562 | А йоґ знає про Кундаліні.
60 | 00:08:05,642 | 00:08:14,622 | Різниця між йоґом і сахаджа йоґом полягає в тому,
61 | 00:08:14,702 | 00:08:28,120 | що сахаджа йоґ має сили, сахаджа йоґиня має сили давати Реалізацію іншим.
62 | 00:08:28,200 | 00:08:38,290 | Йоґ може очистити себе, але він не може очистити інших,
63 | 00:08:38,370 | 00:08:48,645 | тоді як сахаджа йоґ може очистити інших і очистити себе.
64 | 00:08:50,530 | 00:09:02,174 | Отже, це найвищий стан, якого ви досягли завдяки вашим великим пуньям, Я б сказала.
65 | 00:09:02,254 | 00:09:08,954 | Так багато з вас шукали Істину в минулих життях,
66 | 00:09:09,034 | 00:09:15,593 | і тепер ви тут, щоб досягти того, що ви шукали.
67 | 00:09:15,673 | 00:09:20,819 | Все це відбулося тепер так прекрасно.
68 | 00:09:20,899 | 00:09:27,175 | Ви навіть не усвідомлюєте, що з вами сталося.
69 | 00:09:27,255 | 00:09:28,870 | Автоматично,
70 | 00:09:28,950 | 00:09:39,040 | спонтанно ви отримали сили у вашій центральній нервовій системі за мить.
71 | 00:09:39,120 | 00:09:43,136 | Ваша увага тепер зафіксована.
72 | 00:09:45,900 | 00:09:51,333 | Звичайно, навіть зараз деякі люди не мають цього.
73 | 00:09:51,413 | 00:09:55,833 | Навіть зараз Я бачу, що увага хитається.
74 | 00:09:55,913 | 00:10:05,171 | Але так багато з вас досягли того стану, як ми говорили: Шівохам, Шівохам, Шівохам.
75 | 00:10:05,251 | 00:10:06,858 | Ви це отримали.
76 | 00:10:06,938 | 00:10:15,296 | Те, що Аді Шанкарачар'я сказав про себе, ви можете сказати це про всіх вас.
77 | 00:10:15,376 | 00:10:20,696 | Так багато Аді Шанкарачар'їв сидять переді Мною!
78 | 00:10:24,620 | 00:10:28,168 | Але все ж таки Я – Махамайя.
79 | 00:10:28,248 | 00:10:36,333 | Я просто поводжуся як ви, Я також маю сім'ю, Я також маю дітей,
80 | 00:10:36,413 | 00:10:42,554 | яких можна назвати Моїми, і ви – Мої діти також.
81 | 00:10:42,634 | 00:10:52,792 | Тож коли ви достатньо зрілі, перша ознака – це те, що ви отримуєте розрізнення.
82 | 00:10:52,872 | 00:10:59,401 | Те божественне розрізнення є любов'ю, знову ж таки.
83 | 00:10:59,481 | 00:11:03,289 | Але Я бачу, як люди хитаються.
84 | 00:11:03,369 | 00:11:10,676 | Їм не заважає сказати: «Мати, в мене блокування на Аґії».
85 | 00:11:10,756 | 00:11:11,956 | Чому?
86 | 00:11:12,036 | 00:11:15,325 | Ви знаєте, як її очистити.
87 | 00:11:15,405 | 00:11:18,824 | Ви знаєте, що з цим робити.
88 | 00:11:18,904 | 00:11:21,804 | Чому ви це не очистите?
89 | 00:11:21,884 | 00:11:25,044 | Чому ви не займетесь цим?
90 | 00:11:25,124 | 00:11:26,858 | У чому справа?
91 | 00:11:26,938 | 00:11:28,138 | Майя.
92 | 00:11:28,200 | 00:11:37,285 | Спочатку починається проблема сім'ї: моя дружина,
93 | 00:11:37,365 | 00:11:46,637 | моя мати, мій брат, мій чоловік, мої діти – добре.
94 | 00:11:46,717 | 00:11:48,133 | Це Майя.
95 | 00:11:48,213 | 00:11:51,873 | Від цього ви тонете.
96 | 00:11:51,953 | 00:11:55,613 | Знову вас витягують.
97 | 00:11:55,693 | 00:12:02,907 | Потім ця Майя стає все тоншою і тоншою.
98 | 00:12:06,090 | 00:12:10,815 | Ситуація в сім'ї покращується; усі це знають.
99 | 00:12:10,895 | 00:12:17,435 | Але так багато хитаються, так багато губляться в Сахаджа Йозі,
100 | 00:12:17,515 | 00:12:22,133 | бо мали погану дружину чи поганого чоловіка.
101 | 00:12:22,213 | 00:12:25,657 | Ви маєте сходити самі, самотужки.
102 | 00:12:25,737 | 00:12:29,394 | Вам не потрібно залежати від інших.
103 | 00:12:29,474 | 00:12:35,267 | І тих, хто не дозволяє вам сходити, потрібно відкинути.
104 | 00:12:39,700 | 00:12:47,847 | Ніщо не є важливішим за ваше сходження, вище і вище,
105 | 00:12:47,927 | 00:12:55,125 | тому що воно має дуже велику божественну мету.
106 | 00:12:55,205 | 00:13:07,466 | Кінцева кульмінація, де все людство має бути врятоване завдяки вашим зусиллям.
107 | 00:13:07,546 | 00:13:11,105 | Ви маєте це опрацювати.
108 | 00:13:11,185 | 00:13:17,908 | І в цій ситуації ми бачимо тисячу пелюсток.
109 | 00:13:17,988 | 00:13:22,496 | Це сили Вірати всередині вас.
110 | 00:13:22,576 | 00:13:31,515 | І тут ми хитаємося – світло Сахасрари – це Брахмарандхра,
111 | 00:13:31,595 | 00:13:35,945 | яка є вашою серцевою чакрою.
112 | 00:13:38,970 | 00:13:46,100 | Тепер серцеву чакру також можна дуже неправильно зрозуміти.
113 | 00:13:46,180 | 00:13:54,166 | І це непорозуміння завжди приходить від Махамайї для випробування.
114 | 00:13:54,246 | 00:13:59,421 | Наприклад, ми сказали, що маємо мати сім'ю.
115 | 00:13:59,501 | 00:14:05,164 | Ми повинні мати хороші сім'ї, у нас добрі діти.
116 | 00:14:05,244 | 00:14:07,730 | Негайно Махамайя діє.
117 | 00:14:07,810 | 00:14:15,184 | Ми починаємо хвилюватися про чоловіка, хвилюватися про сім'ю.
118 | 00:14:15,264 | 00:14:18,728 | Ми повинні бути вашою сім'єю.
119 | 00:14:18,808 | 00:14:27,649 | Є приказка на санскриті: «Удаара чарітаанаам васудхайва кутумбакам» – ті,
120 | 00:14:27,729 | 00:14:34,126 | хто мають характер святих, весь світ є їхньою сім'єю.
121 | 00:14:37,890 | 00:14:47,971 | Ви турбуєтесь про окрему сім'ю, щоб колективна сім'я зміцнювалася.
122 | 00:14:48,051 | 00:14:57,055 | Не турбуватися про окремі сім'ї так, щоб колектив страждав.
123 | 00:14:57,135 | 00:15:05,677 | І якщо є така сімейна прив'язаність, краще відкиньте її.
124 | 00:15:05,757 | 00:15:08,756 | Ви маєте жертвувати.
125 | 00:15:08,836 | 00:15:16,146 | Ніякої жертви – це лише позбавлення від хвороби.
126 | 00:15:16,226 | 00:15:25,384 | Тож ми витрачаємо наш час з дітьми, з сім'єю, яка дуже мала.
127 | 00:15:25,464 | 00:15:37,547 | Потім ситуація змінюється в різних сферах – це співчуття, любов і прихильність.
128 | 00:15:41,200 | 00:15:47,679 | Ми вважаємо, що повинні любити сахаджа йоґів.
129 | 00:15:47,759 | 00:15:57,591 | Я попросила когось піти, тому що він мав хворобу і він Мені збрехав.
130 | 00:15:57,671 | 00:16:04,733 | Тож увага негативної людини піде більше до нього,
131 | 00:16:04,813 | 00:16:16,977 | і вона намагатиметься більше піклуватися про цю людину, ніж про інших сахаджа йоґів.
132 | 00:16:21,220 | 00:16:28,037 | Чи є у вас більше співчуття і любові, ніж у Мене?
133 | 00:16:28,117 | 00:16:35,075 | Чому вас приваблюють люди, які поза Сахаджа Йоґою?
134 | 00:16:35,155 | 00:16:40,705 | Чому ви співчуваєте людям, які є такими?
135 | 00:16:40,785 | 00:16:51,403 | Ви не тут, щоб допомагати знедоленим, бідним, так званим страждальним людям.
136 | 00:16:51,483 | 00:16:54,359 | Ні, ви не Інкарнації.
137 | 00:16:54,439 | 00:17:02,101 | Ви не тут, щоб допомагати жінкам, які весь час плачуть,
138 | 00:17:02,181 | 00:17:09,843 | і допомагати дітям, яких довелося розлучити з батьками.
139 | 00:17:09,923 | 00:17:14,629 | Це лікарня, в якій ми перебуваємо.
140 | 00:17:14,709 | 00:17:17,022 | Ми всі лікуємося.
141 | 00:17:17,102 | 00:17:25,186 | Чи чули ви, щоб пацієнт ходив і допомагав іншим пацієнтам?
142 | 00:17:25,266 | 00:17:30,394 | Це лікарі мають виконувати цю роботу.
143 | 00:17:32,440 | 00:17:36,330 | Але сахаджа йоґи завжди, на початку,
144 | 00:17:36,410 | 00:17:44,602 | піддавалися такому заклику – як із поганим яблуком, а хороших яблук багато.
145 | 00:17:44,682 | 00:17:51,440 | Як можуть хороші яблука вилікувати погане яблуко, хіба можуть?
146 | 00:17:51,520 | 00:18:00,484 | Навіть якщо ви покладете двадцять тисяч на це погане яблуко, воно зіпсує всі інші.
147 | 00:18:00,564 | 00:18:04,234 | Це не ваша робота, це робота Бога.
148 | 00:18:04,314 | 00:18:11,955 | Єдине, що ви можете зробити – це притягнути цю людину в колективність,
149 | 00:18:12,035 | 00:18:20,779 | показуючи: «Ти помиляєшся, ти помиляєшся, ти помиляєшся, і ти маєш виправитися».
150 | 00:18:20,859 | 00:18:23,426 | Але ці ідеї – Я не знаю,
151 | 00:18:23,506 | 00:18:30,154 | звідки вони приповзли – що «в цьому світі немає нічого злого.
152 | 00:18:30,234 | 00:18:34,235 | В цьому світі немає нічого поганого».
153 | 00:18:35,100 | 00:18:37,248 | Є зло, є щось погане.
154 | 00:18:37,328 | 00:18:42,660 | І ви можете це знати: якщо ваші вібрації правильні,
155 | 00:18:42,740 | 00:18:47,966 | ваше розрізнення правильне – ви одразу дізнаєтесь.
156 | 00:18:48,046 | 00:18:56,562 | Тож ви витрачаєте свою енергію на виправлення людей, яких ніколи, ніколи не можна
157 | 00:18:56,642 | 00:19:05,158 | виправити, і забуваєте, що ви не виправили цю людину, а навпаки – ви зіпсувалися.
158 | 00:19:05,238 | 00:19:09,297 | Це означає, що ви ще недостатньо зрілі.
159 | 00:19:13,920 | 00:19:17,968 | У відкритті Сахасрари Я ніколи не залишала
160 | 00:19:18,048 | 00:19:22,096 | нічого незробленим – це бездоганна робота.
161 | 00:19:22,176 | 00:19:24,553 | Ваші нерви не пошкоджені.
162 | 00:19:24,633 | 00:19:27,010 | Ваш мозок не пошкоджений.
163 | 00:19:27,090 | 00:19:30,548 | Така потужна Кундаліні піднімається.
164 | 00:19:30,628 | 00:19:35,659 | Як ніжно, прекрасно, делікатно Вона проходить крізь.
165 | 00:19:35,739 | 00:19:37,624 | Лише нитка виходить.
166 | 00:19:37,704 | 00:19:41,162 | І як потім з'єднання встановлюється,
167 | 00:19:41,242 | 00:19:47,354 | і розслаблення починає приходити на симпатичну нервову систему.
168 | 00:19:48,440 | 00:19:54,722 | Як прекрасно всі чакри відкриваються, і все більше цих ниток піднімаються.
169 | 00:19:54,802 | 00:19:58,504 | Тепер вам також сказано, як з цим працювати.
170 | 00:19:58,584 | 00:20:01,169 | Ви знаєте все технічне ноу-хау.
171 | 00:20:02,340 | 00:20:10,203 | Але те, чого ви не знаєте – це те, що ви ще не досконалий механізм.
172 | 00:20:10,283 | 00:20:16,486 | Ви маєте вдосконалити себе; більше того – є Махамайя.
173 | 00:20:16,566 | 00:20:22,769 | Вона не сприймає вас як належне, ось у чому проблема.
174 | 00:20:22,849 | 00:20:27,036 | Вона навмисно вводить вас у спокуси.
175 | 00:20:27,116 | 00:20:30,474 | Навмисно Вона дає вам посади.
176 | 00:20:30,554 | 00:20:36,164 | Тепер – лідери, світові лідери, лідери всесвіту.
177 | 00:20:36,244 | 00:20:42,210 | У вас спочатку виростає один хвіст, потім один ріг,
178 | 00:20:42,290 | 00:20:47,426 | а потім щось з'являється із Сахасрари також.
179 | 00:20:47,506 | 00:20:49,797 | Виглядаєте як клоун.
180 | 00:20:49,877 | 00:20:57,740 | Щоб випробувати вас, Вона може також одружити вас з дивними людьми.
181 | 00:20:57,820 | 00:21:01,770 | Це випробування має бути зроблено.
182 | 00:21:01,850 | 00:21:04,022 | Це робота Махамайї.
183 | 00:21:04,102 | 00:21:06,985 | Вона має вас випробувати.
184 | 00:21:09,180 | 00:21:11,716 | Золото має бути випробуване.
185 | 00:21:11,796 | 00:21:14,519 | Діамант має бути випробуваний.
186 | 00:21:14,599 | 00:21:18,163 | Все, що є цінним, має бути випробуване.
187 | 00:21:18,243 | 00:21:21,340 | Без цього як ви можете засвідчити?
188 | 00:21:21,420 | 00:21:24,143 | Це не те, що ходити до церкви.
189 | 00:21:24,223 | 00:21:31,618 | Хтось поллє воду на вашу голову – добре, тепер ви хрещені, все, тепер ви обрані.
190 | 00:21:31,698 | 00:21:34,327 | Вода випарується дуже швидко.
191 | 00:21:34,407 | 00:21:41,148 | І коли ви підете до Бога, Він скаже: «Як ти хрещений?» «Водою.» «Де вона?
192 | 00:21:41,228 | 00:21:42,456 | Я її не бачу.»
193 | 00:21:49,420 | 00:21:55,305 | Тож усе це потрібно розуміти в правильній перспективі.
194 | 00:21:55,385 | 00:21:57,956 | Це для нашого сходження.
195 | 00:21:58,036 | 00:21:59,833 | Для нашого блага.
196 | 00:21:59,913 | 00:22:02,484 | Для нашого вищого стану.
197 | 00:22:02,564 | 00:22:10,548 | Але для цього, ви маєте знати, ми повинні спрямувати на це всю нашу волю.
198 | 00:22:10,628 | 00:22:15,408 | Коли люди піднімаються, скажімо, на Гімалаї.
199 | 00:22:15,488 | 00:22:17,175 | Що вони роблять?
200 | 00:22:17,255 | 00:22:23,250 | Вони беруть великий цвях, забивають його у вищій точці,
201 | 00:22:23,330 | 00:22:28,773 | потім прив'язують мотузку і піднімаються до нього.
202 | 00:22:28,853 | 00:22:31,313 | Вони не дивляться вниз.
203 | 00:22:31,393 | 00:22:37,388 | Потім забивають інший цвях вище, піднімаються до нього.
204 | 00:22:37,468 | 00:22:41,254 | І так вони піднімаються на Гімалаї.
205 | 00:22:43,800 | 00:22:52,437 | Тепер, що ми робимо в Сахаджа Йозі – ми беремо цвях зверху, забиваємо його вниз.
206 | 00:22:52,517 | 00:22:59,302 | Першого дня, коли ви отримуєте Реалізацію, досвід надзвичайний.
207 | 00:22:59,382 | 00:23:03,987 | І один за одним спускаємося вниз – навпаки.
208 | 00:23:04,067 | 00:23:08,127 | Але як тільки ви отримуєте Реалізацію,
209 | 00:23:08,207 | 00:23:14,011 | якщо ви достатньо розумні, тоді ви вирішуєте: «Як мені
210 | 00:23:14,091 | 00:23:19,895 | зафіксувати себе?» Наприклад, вирішіть так: допустімо,
211 | 00:23:19,975 | 00:23:24,907 | ви дуже любите молоко, візьміть це за приклад.
212 | 00:23:24,987 | 00:23:32,752 | Тепер скажіть: «Поки я не досягну певного стану, я не буду пити молоко».
213 | 00:23:32,832 | 00:23:39,726 | Але це не повинно сприйматися як жертва, а як радісне сходження.
214 | 00:23:42,050 | 00:23:47,151 | Чи відчувають люди, які забивають цвяхи вгору,
215 | 00:23:47,231 | 00:23:55,711 | щоб піднятися на вершину Гімалаїв – чи відчувають вони, що жертвують чимось?
216 | 00:23:55,791 | 00:24:04,158 | Якщо ви почнете думати: «О Боже, я пожертвував молоком», тоді все – кінець.
217 | 00:24:04,238 | 00:24:06,523 | Починається рух вниз.
218 | 00:24:06,603 | 00:24:13,393 | Але якщо вам щось подобається, тоді ви маєте сказати: «Добре,
219 | 00:24:13,473 | 00:24:21,953 | якщо мені це подобається, нехай мені моє сходження подобається більше за це.
220 | 00:24:22,033 | 00:24:26,345 | Поки я не зійду, я не буду мати цього».
221 | 00:24:26,425 | 00:24:29,048 | Така рішучість має бути.
222 | 00:24:29,128 | 00:24:35,017 | Без цього, як ви думаєте, ви можете подолати жахливу,
223 | 00:24:35,097 | 00:24:39,635 | чудовищну гору невігластва, яку ви маєте?
224 | 00:24:42,840 | 00:24:49,997 | Насправді, при Реалізації Я поставила вас на вершину гори.
225 | 00:24:50,077 | 00:24:53,740 | Але ви починаєте ковзати вниз.
226 | 00:24:53,820 | 00:24:59,354 | Тож ви маєте триматися на цій найвищій точці.
227 | 00:24:59,434 | 00:25:02,473 | Я розповідаю вам про все.
228 | 00:25:02,553 | 00:25:07,089 | Підіть і запитайте будь-якого святого
229 | 00:25:07,169 | 00:25:15,948 | чи будь-яку з великих Інкарнацій – чи знали вони стільки про Кундаліні?
230 | 00:25:16,028 | 00:25:20,315 | Якби знали, вони б написали про це.
231 | 00:25:20,395 | 00:25:25,680 | Вони ніколи не писали нічого про Кундаліні.
232 | 00:25:25,760 | 00:25:29,173 | Якщо й писали, то дуже мало.
233 | 00:25:29,253 | 00:25:36,035 | До такого ступеня, що це діє на ваших кінчиках пальців.
234 | 00:25:36,720 | 00:25:43,772 | Те, що тепер ми наблизили науку до реальності,
235 | 00:25:43,852 | 00:25:50,594 | до Істини, божественну науку – все пояснено.
236 | 00:25:50,674 | 00:25:56,951 | Стало повністю інтегрованим тепер з нами.
237 | 00:25:57,031 | 00:26:07,805 | Сахаджа Йоґа – найбільш наукова річ, яку ви можете собі уявити, точна.
238 | 00:26:07,885 | 00:26:17,263 | Найбільший комп'ютер, яким ви є, але комп'ютер має працювати.
239 | 00:26:17,343 | 00:26:21,604 | І ось де ми зазнали невдачі.
240 | 00:26:21,684 | 00:26:25,945 | І ми зазнаємо невдачі щодня.
241 | 00:26:26,025 | 00:26:30,906 | Іноді це катастрофічно, жахливо.
242 | 00:26:34,020 | 00:26:48,288 | Тепер дев'ятнадцять років ми маємо Сахасрару, і вісімнадцять років Я працювала.
243 | 00:26:48,368 | 00:26:56,824 | Ви маєте тепер зрозуміти свою відповідальність.
244 | 00:26:56,904 | 00:27:01,909 | Ми маємо емансипувати людей.
245 | 00:27:01,989 | 00:27:12,988 | Ми не хочемо робити нічого, що хоча б трохи виходить за межі.
246 | 00:27:16,000 | 00:27:23,790 | Тепер День Сахасрари п'ятого числа, але ми маємо святкувати сьогодні,
247 | 00:27:23,870 | 00:27:28,694 | тому що всі повинні мати вихідний у неділю.
248 | 00:27:28,774 | 00:27:34,853 | Згідно з нашими зручностями ми маємо все влаштовувати.
249 | 00:27:34,933 | 00:27:39,073 | Добре, не має значення, це дозволено.
250 | 00:27:39,153 | 00:27:48,654 | Божества – вони працюють двадцять чотири години, усі місяці й увесь рік безперервно,
251 | 00:27:48,734 | 00:27:56,638 | тому що вони мають постійне джерело енергії, яке ви також можете мати.
252 | 00:27:58,360 | 00:28:04,828 | Значення, яке надається вашому сходженню, дуже мале,
253 | 00:28:04,908 | 00:28:11,754 | Я думаю, порівняно зі зростанням за вісімнадцять років.
254 | 00:28:11,834 | 00:28:21,576 | Ви знаєте, в західних країнах після вісімнадцяти років вас вважають дорослими,
255 | 00:28:21,656 | 00:28:27,494 | більше не дітьми; ви всі тепер стали дорослими.
256 | 00:28:27,574 | 00:28:34,168 | Дорослі – добре, але Я не знаю, наскільки ви виросли.
257 | 00:28:34,248 | 00:28:39,960 | Я справді не знаю, ви все ще великі немовлята,
258 | 00:28:40,040 | 00:28:45,500 | чи ви дійсно досягли цього стану дорослості.
259 | 00:28:45,580 | 00:28:53,055 | І тоді, в той час, вам дають багато поступок, свобод і прав.
260 | 00:28:53,140 | 00:28:55,140 | Ви вже маєте всі права.
261 | 00:28:55,220 | 00:28:58,666 | Якщо хочете потрапити на небо – можете,
262 | 00:28:58,746 | 00:29:05,539 | якщо хочете потрапити в пекло – можете, повна свобода, жодних проблем з цим.
263 | 00:29:08,770 | 00:29:16,112 | Дорослі – це ті, хто мають розрізнення, хто знають, яка мета їхнього життя,
264 | 00:29:16,192 | 00:29:24,425 | хто можуть зробити все для досягнення цієї мети, хто мають сили боротися і розуміти.
265 | 00:29:24,505 | 00:29:32,540 | Тоді як Я бачу людей, які навіть є зрілими людьми в Сахаджа Йозі, поводяться таким
266 | 00:29:32,620 | 00:29:40,457 | чином, що ви дивуєтесь: як ви піддаєтесь впливу поверхневих людей, поверховості?
267 | 00:29:40,840 | 00:29:45,289 | Якщо хтось дуже солодко розмовляє, це не означає,
268 | 00:29:45,369 | 00:29:50,465 | що ця людина добра, що ця людина божественна, чи не так?
269 | 00:29:50,545 | 00:29:56,288 | Навпаки, божественна людина ніколи не буває настільки солодкою,
270 | 00:29:56,368 | 00:29:59,523 | щоб вас нудило від цієї солодкості.
271 | 00:29:59,603 | 00:30:03,127 | Потрібно тримати обидві поводи в руках.
272 | 00:30:03,207 | 00:30:08,488 | Так, свобода – добре, акселератор – добре, і гальмо також.
273 | 00:30:11,640 | 00:30:14,886 | Але вам завжди подобається людина,
274 | 00:30:14,966 | 00:30:19,875 | яка потурає вашому его, говорить щось дуже солодке.
275 | 00:30:19,955 | 00:30:23,690 | Що потрібно, щоб говорити щось солодке?
276 | 00:30:23,770 | 00:30:27,407 | Нині людей тренують у такому штучному.
277 | 00:30:28,210 | 00:30:32,337 | Ви маєте судити про людину за її вібраціями.
278 | 00:30:32,417 | 00:30:37,883 | Але оскільки ви поверхневі, ви не можете відчути вібрації.
279 | 00:30:37,963 | 00:30:42,377 | Ви звертаєте увагу на людей, які є безглуздими.
280 | 00:30:42,457 | 00:30:48,496 | Тепер прийміть одну річ на цьому етапі: вам ще потрібно дозріти.
281 | 00:30:48,576 | 00:30:53,372 | Цього ви не приймаєте – тоді ваше его піднімається,
282 | 00:30:53,452 | 00:30:56,623 | о Боже, або ви відчуваєте провину.
283 | 00:30:56,703 | 00:30:59,587 | Як ви тоді будете прогресувати?
284 | 00:30:59,667 | 00:31:06,280 | Єдине, що вам потрібно зробити – це повністю сісти в човен, ось і все.
285 | 00:31:06,360 | 00:31:10,965 | Але тут ви ставите ногу в пащу крокодила – добре.
286 | 00:31:11,045 | 00:31:17,945 | Якщо витягуєте її звідти – в пащу акули, а човен тягне вас; де ви стоїте?
287 | 00:31:24,170 | 00:31:28,766 | Але найгірші – це людські акули й крокодили,
288 | 00:31:28,846 | 00:31:33,867 | тому що вони ніколи не покажуть вам своїх зубів.
289 | 00:31:33,947 | 00:31:38,011 | Вони ніколи не покажуть вам своїх очей.
290 | 00:31:38,091 | 00:31:46,087 | Вони прикриваються такою оманливою зовнішністю, такою двозначною поведінкою,
291 | 00:31:46,167 | 00:31:52,888 | що ви не можете їх побачити, доки не станете реалізованою душею.
292 | 00:31:55,280 | 00:31:59,145 | Тож тепер ми йдемо далі в нашій дорослості.
293 | 00:31:59,225 | 00:32:06,669 | І жінка, яку виховано належним чином, у своїй дорослості розвиває свою скромність,
294 | 00:32:06,749 | 00:32:10,156 | свій сором, своє відчуття цнотливості.
295 | 00:32:10,236 | 00:32:13,276 | Дитиною вона не знає всього цього.
296 | 00:32:13,356 | 00:32:17,864 | Але тут навпаки – як тільки вони стають дорослими,
297 | 00:32:17,944 | 00:32:23,369 | вони шаленіють, хлопці стають бродягами; коли це дорослість?
298 | 00:32:23,449 | 00:32:26,947 | Таке ніколи не трапляється з тваринами.
299 | 00:32:27,027 | 00:32:28,965 | Я не знаю, що це таке.
300 | 00:32:32,950 | 00:32:37,890 | Але ми – сахаджа йоґи, і ми маємо нашу сахаджа культуру.
301 | 00:32:37,970 | 00:32:43,448 | Ми живемо з нашою культурою, пишаємося нею, і це наша релігія.
302 | 00:32:43,528 | 00:32:50,799 | Ми маємо нашу чисту релігію, на якій ми процвітаємо; ми не збираємося змінюватися.
303 | 00:32:50,879 | 00:32:54,205 | Самі ми збираємося змінити увесь світ.
304 | 00:32:54,285 | 00:33:01,556 | Ми маємо свою власну культуру, і ми будемо поводитися так, щоб змінити увесь світ.
305 | 00:33:01,636 | 00:33:03,797 | Це наша відповідальність.
306 | 00:33:03,877 | 00:33:06,127 | Ви обрані для цієї роботи.
307 | 00:33:06,207 | 00:33:08,009 | Ви – справжні обрані.
308 | 00:33:08,089 | 00:33:09,801 | Ви – справжні чисті.
309 | 00:33:09,881 | 00:33:16,076 | Ви – ті, хто встановили Халістан («Країну Чистих» згідно з сикхізмом).
310 | 00:33:21,220 | 00:33:24,853 | Усвідомлюйте це, свою відповідальність.
311 | 00:33:24,933 | 00:33:27,043 | Усвідомлюйте свої сили.
312 | 00:33:27,123 | 00:33:33,803 | Найбільша сила, яку ви маєте – це божественна любов, не та дурна любов,
313 | 00:33:33,883 | 00:33:40,849 | яка засліплює вас і від якої ви закохуєтесь, а та, в якій ви піднімаєтесь.
314 | 00:33:52,550 | 00:33:58,407 | Те, як ми говоримо, як ми ходимо, як ми живемо,
315 | 00:33:58,487 | 00:34:03,459 | як ми поводимося – все має бути сахаджа.
316 | 00:34:03,539 | 00:34:10,912 | І це така справжня, жива культура прекрасних людей у світі.
317 | 00:34:10,992 | 00:34:20,765 | Ми бачимо серед тварин, серед птахів – описується лебідь, серед тварин – слон,
318 | 00:34:20,845 | 00:34:28,976 | який має мудрість, лебідь, що знає, як відділити воду від молока.
319 | 00:34:29,056 | 00:34:36,808 | Потім серед людей – сахаджа йоґи, сьогодні, в ці сучасні часи.
320 | 00:34:36,888 | 00:34:43,629 | Я думаю, що до того часу, коли мине двадцять один рік,
321 | 00:34:43,709 | 00:34:48,176 | ми всі будемо дуже добре утверджені,
322 | 00:34:48,256 | 00:34:51,586 | зрілі, чудові сахаджа йоґи,
323 | 00:34:51,666 | 00:35:00,302 | які витягують цей божевільний світ з його невігластва та з його Майї.
324 | 00:35:00,382 | 00:35:09,776 | Ви будете тими потужними людьми любові, розуміння, розрізнення та смирення.
325 | 00:35:09,856 | 00:35:14,955 | Я хотіла б побачити ці дні за Мого життя.
326 | 00:35:15,035 | 00:35:21,144 | Я сподіваюся, що ви надасте Мені повну підтримку.
327 | 00:35:23,570 | 00:35:27,494 | Ви маєте знати, що була лише одна умова,
328 | 00:35:27,574 | 00:35:33,100 | зафіксована на цій нараді Девів, яку Я не можу подолати.
329 | 00:35:33,180 | 00:35:38,105 | Вони сказали: «Ми будемо терпіти будь-які дурниці,
330 | 00:35:38,185 | 00:35:42,309 | бо вони йдуть з невігластва, але будь-хто,
331 | 00:35:42,389 | 00:35:47,014 | хто не любить Тебе, будь-хто, хто ображає Тебе,
332 | 00:35:47,094 | 00:35:51,218 | будь-хто, хто використовує Тебе, будь-хто,
333 | 00:35:51,298 | 00:35:54,221 | хто експлуатує Тебе, будь-хто,
334 | 00:35:54,301 | 00:36:00,127 | хто виявляє недотримання протоколу, будь-хто, хто не визнає
335 | 00:36:00,207 | 00:36:06,033 | Тебе – ми вдаримо їх сильно, і цей дозвіл Ти маєш нам дати,
336 | 00:36:06,113 | 00:36:09,036 | інакше ми не для цієї роботи».
337 | 00:36:09,116 | 00:36:12,640 | Вони утворили профспілку проти Мене.
338 | 00:36:12,720 | 00:36:15,443 | І Мені довелося поступитися.
339 | 00:36:15,523 | 00:36:22,651 | І будьте дуже обережні, Я вам кажу, не торкайтеся Мене, будьте обережні.
340 | 00:36:22,731 | 00:36:27,556 | Деякі люди просто намагаються поправити Моє сарі.
341 | 00:36:27,636 | 00:36:32,561 | Ви не повинні цього робити, не треба цього робити.
342 | 00:36:32,641 | 00:36:40,169 | Не грайте з Моїми грошима, не зловживайте Моєю гостинністю, будьте обережні.
343 | 00:36:41,130 | 00:36:47,181 | Я кажу вам стільки, скільки можу, і ось як все є.
344 | 00:36:47,261 | 00:36:57,691 | З одного боку – Махамайя, з іншого боку – божества, а бідні сахаджа йоґи посередині.
345 | 00:36:57,771 | 00:37:04,072 | Я вам співчуваю, Я знаю, але краще будьте обережні.
346 | 00:37:04,152 | 00:37:11,329 | Це лезо бритви, Я думаю, звичайно, але в іншому це чудово.
347 | 00:37:13,300 | 00:37:16,792 | Якщо ці дві речі – якщо ви знаєте,
348 | 00:37:16,872 | 00:37:22,466 | що це Махамайя і що божества сидять тут зараз навколо,
349 | 00:37:22,546 | 00:37:27,720 | усі вони, вдивляючись у вас, усі вони, судячи вас,
350 | 00:37:27,800 | 00:37:31,923 | проводячи велику нараду там – хто є хто.
351 | 00:37:32,003 | 00:37:34,129 | «Де увага цього пана?
352 | 00:37:34,209 | 00:37:36,020 | Куди він дивиться?
353 | 00:37:36,100 | 00:37:37,596 | Що він робить?»
354 | 00:37:38,550 | 00:37:39,830 | Усі сидять тут.
355 | 00:37:39,910 | 00:37:46,725 | Але водночас вони мають квіти, божественні квіти, божественні благословення,
356 | 00:37:46,805 | 00:37:51,533 | і всі ангели просто ходять навколо, Я можу їх бачити.
357 | 00:37:51,613 | 00:37:54,617 | Ваші камери можуть їх зафіксувати.
358 | 00:37:54,697 | 00:37:59,697 | У вас є фотографії, які покажуть вам усіх їх, що сидять.
359 | 00:38:01,910 | 00:38:08,733 | Вже передбачено, що весь світ припаде до лотосових Стіп вашої Матері,
360 | 00:38:08,813 | 00:38:13,435 | і що ви будете вирішувати майбутнє цього світу.
361 | 00:38:13,515 | 00:38:21,539 | Це вже написано чотирнадцять тисяч років тому, і є ще один, хто пророкує те саме.
362 | 00:38:33,860 | 00:38:38,266 | Тож ви маєте бути уважними.
363 | 00:38:38,346 | 00:38:40,592 | Де ваша увага?
364 | 00:38:40,672 | 00:38:44,081 | Про що ви турбуєтесь?
365 | 00:38:44,161 | 00:38:48,900 | На що ви витрачаєте свій час?
366 | 00:38:48,980 | 00:38:53,054 | Залиште ваших дітей Мені.
367 | 00:38:53,134 | 00:38:57,042 | Залиште ваші сім'ї Мені.
368 | 00:38:57,122 | 00:39:04,187 | Ви можете залишити собі лише свій гаманець,
369 | 00:39:04,267 | 00:39:11,997 | а решту – всі ваші головні болі – залиште Мені.
370 | 00:39:14,600 | 00:39:18,763 | Але не грайте зі Мною в хитрощі.
371 | 00:39:18,843 | 00:39:26,188 | Махамайя знає всі ваші хитрощі, все, зсередини і ззовні.
372 | 00:39:26,268 | 00:39:34,542 | Якщо Я захочу знати, Я можу знати все і кожну дрібницю про вас.
373 | 00:39:34,622 | 00:39:36,663 | Я не хочу знати.
374 | 00:39:36,743 | 00:39:43,425 | За цих обставин ми підтримані, доглянуті, керовані,
375 | 00:39:43,505 | 00:39:50,983 | приведені до реальності так легко, так щедро, з турботою.
376 | 00:39:51,063 | 00:40:01,591 | Ви Мені кажете: «Мати, раптом я прийшов туди, і що я бачу – сидять сахаджа йоґи.
377 | 00:40:01,671 | 00:40:05,038 | І ми хотіли когось знайти.
378 | 00:40:05,118 | 00:40:07,557 | Він був просто там.
379 | 00:40:07,637 | 00:40:08,837 | Як це?»
380 | 00:40:13,680 | 00:40:15,032 | Вам допомагають.
381 | 00:40:15,112 | 00:40:19,778 | Ці прем'єр-міністри мають лише п'ять-шість охоронців,
382 | 00:40:19,858 | 00:40:24,076 | а у вас їх мільйони й мільйони, у кожного з вас.
383 | 00:40:24,156 | 00:40:30,971 | Ніхто не може вас зачепити, хіба що ви самі можете нашкодити собі, ось і все.
384 | 00:40:31,051 | 00:40:33,478 | Ніхто не може вам нашкодити.
385 | 00:40:34,710 | 00:40:44,005 | Тож сьогодні – знову день великої рішучості й прийняття обітниці, що для нас
386 | 00:40:44,085 | 00:40:53,627 | наше сходження є єдиною турботою, єдиною ідеєю, і нічого іншого, і це спрацює.
387 | 00:40:53,707 | 00:40:56,834 | Про все інше буде подбано.
388 | 00:40:56,914 | 00:41:00,781 | Ви маєте всю механіку для цього,
389 | 00:41:00,861 | 00:41:08,183 | але спочатку передайте це механікам, щоб вони це опрацювали.
390 | 00:41:08,263 | 00:41:11,637 | Все працюватиме рефлекторно.
391 | 00:41:12,300 | 00:41:14,659 | Очищайте, очищайте свої чакри.
392 | 00:41:14,739 | 00:41:17,749 | Не кажіть: «У мене є це, у мене є те».
393 | 00:41:17,829 | 00:41:19,050 | Просто очищайте.
394 | 00:41:19,130 | 00:41:21,652 | «Як я смію мати всі ці проблеми?
395 | 00:41:21,732 | 00:41:28,076 | Як я смію мати всі ці чакри, що досі не в порядку?» Очищайте – вранці, ввечері.
396 | 00:41:28,156 | 00:41:29,356 | Очищайте.
397 | 00:41:34,960 | 00:41:36,993 | Я впевнена, що все спрацює.
398 | 00:41:37,073 | 00:41:40,749 | Наступного року Я сподіваюся мати хороші новини.
399 | 00:41:42,230 | 00:41:43,430 | Нехай Бог благословить вас.
