1 | 00:00:01,340 | 00:00:12,000 | Тема, яку вам сьогодні представлено, дуже цікава та приваблива.
2 | 00:00:15,640 | 00:00:18,240 | Кундаліні та Ісус Христос,
3 | 00:00:18,320 | 00:00:28,580 | Господь Ісус Христос – для простих людей це дуже незвичайна річ.
4 | 00:00:29,540 | 00:00:34,320 | І такий зв'язок до цього часу ніхто ніколи не встановлював.
5 | 00:00:38,980 | 00:00:56,700 | Причина в тому, що на дереві Дхарми, коли розквітали квіти – вони розквітали
6 | 00:00:58,580 | 00:01:07,300 | в різних регіонах, різних країнах, на різних мовах, поширюючи свій аромат.
7 | 00:01:07,300 | 00:01:15,580 | Але який зв'язок між ними був – це може знати лише саме дерево.
8 | 00:01:16,480 | 00:01:18,040 | Де б вони не розквітали,
9 | 00:01:18,060 | 00:01:24,300 | де б їхній аромат не поширювався – тамтешні люди їх ніколи не приймали.
10 | 00:01:24,380 | 00:01:31,080 | Тоді як інші люди могли дізнатися чи зрозуміти, що ці квіти росли на одному дереві?
11 | 00:01:34,460 | 00:01:46,740 | Зараз Ми говоримо з того рівня, до якого вас ще не піднесено.
12 | 00:01:46,820 | 00:01:51,880 | Коли ви туди дістанетесь, тоді Наші слова стануть вам легко зрозумілими.
13 | 00:01:52,600 | 00:01:53,100 | Адже те,
14 | 00:01:53,180 | 00:01:59,280 | що Ми говоримо – правда це чи ні – у вас немає жодного способу це перевірити.
15 | 00:01:59,360 | 00:02:01,740 | Немає жодного доказу.
16 | 00:02:01,820 | 00:02:06,090 | Як ви дізнаєтесь, чи те, що Ми кажемо – правда чи неправда?
17 | 00:02:08,250 | 00:02:13,550 | Спосіб дізнатися такий: ви ще не пізнали свого власного значення.
18 | 00:02:14,570 | 00:02:22,710 | Ви ще не на тому рівні, де ви з'єднані з істиною.
19 | 00:02:24,030 | 00:02:29,010 | Тому чи щось є істинним, чи хибним, чи це просто чутки,
20 | 00:02:29,090 | 00:02:33,210 | чи вигадка розуму – ви не можете сказати.
21 | 00:02:34,070 | 00:02:41,330 | Ті люди, яких ми називаємо «отримали реалізацію» – вони можуть повністю розпізнати,
22 | 00:02:41,410 | 00:02:44,210 | що є правдою, а що – неправдою.
23 | 00:02:44,290 | 00:02:49,150 | Бо з їхніх рук течуть вібрації – вчора ми тут проводили експеримент,
24 | 00:02:49,230 | 00:02:51,550 | і з рук багатьох людей почали текти
25 | 00:02:51,630 | 00:02:54,610 | ці вібрації – уважно спираючись на це, ви можете зрозуміти,
26 | 00:02:54,690 | 00:02:58,270 | що те, про що Ми говоримо, є абсолютною істиною.
27 | 00:03:07,670 | 00:03:12,350 | Оскільки люди не можуть зрозуміти його значення, вони пробують одне чи інше.
28 | 00:03:12,430 | 00:03:17,130 | Наприклад, у Біблії написано: «Я з'явлюся перед вами як язики полум'я».
29 | 00:03:19,210 | 00:03:21,570 | Значення цього ті люди не можуть пояснити.
30 | 00:03:21,650 | 00:03:26,570 | Вони думають, що коли Бог з'явиться, то з Нього виходитимуть язики полум'я.
31 | 00:03:26,650 | 00:03:28,210 | Це не так.
32 | 00:03:28,290 | 00:03:32,630 | Значення таке: Ми будемо видимі для вас у Сахасрарі.
33 | 00:03:32,710 | 00:03:37,000 | Такий опис Сахасрари.
34 | 00:03:37,080 | 00:03:44,630 | Ми можемо дати вам безліч цитат на підтвердження цього.
35 | 00:03:44,710 | 00:03:51,870 | Ісус Христос сказав: «Ті, хто не проти Мене – ті зі Мною.»
36 | 00:03:51,950 | 00:03:56,370 | Якщо ви запитаєте християн, хто ці люди – вони не знають.
37 | 00:03:56,450 | 00:04:03,930 | Вони ж вирішили, що Ісус Христос казав:
38 | 00:04:04,010 | 00:04:12,810 | «Я є шлях і Я є
39 | 00:04:12,890 | 00:04:16,790 | двері.» Але Він не казав:
40 | 00:04:16,870 | 00:04:21,050 | «Я є кінцева мета.» Цього Він не говорив.
41 | 00:04:21,130 | 00:04:27,430 | Якщо Він сказав «Я є шлях і Я є двері», тоді кінцева мета – це хтось інший.
42 | 00:04:27,510 | 00:04:36,790 | Навіть після того, як Він говорив такими глибокими мовами, злі люди того часу – лише
43 | 00:04:36,870 | 00:04:42,150 | чотири роки, всього чотири роки дали Йому прожити – за чотири роки розіп'яли Його.
44 | 00:04:42,230 | 00:04:46,050 | І навіть сьогодні ті, хто вважають себе Його послідовниками і кажуть,
45 | 00:04:46,130 | 00:04:53,010 | що дотримуються Його Дхарми – щодня приносять у жертву всі Його принципи.
46 | 00:04:53,090 | 00:04:57,390 | Як Я вам вчора казала – індуїсти так само нерозумні,
47 | 00:04:57,470 | 00:04:59,550 | стільки ж мусульмани, стільки ж християни.
48 | 00:04:59,630 | 00:05:11,630 | Якщо ви зможете прочитати Деві Бхаґаватам, то дізнаєтесь,
49 | 00:05:11,710 | 00:05:20,370 | що Шрі Радха створила Його Своєю силою волі, і назвала Його Махавішну.
50 | 00:05:20,450 | 00:05:23,490 | Він був створений у формі яйця з двох частин.
51 | 00:05:23,570 | 00:05:28,690 | Основа цього яйця – це Шрі Ґанеша.
52 | 00:05:28,770 | 00:05:34,530 | Шрі Ґанеша і є першоосновна сила Ісуса Христа.
53 | 00:05:34,610 | 00:05:39,430 | А інша частина яйця – це той, кого ми називаємо Шаданана,
54 | 00:05:39,550 | 00:05:44,270 | Шанмукханана, якого називають Картікейя – так і кажуть.
55 | 00:05:44,350 | 00:05:48,830 | Прана, що є в цьому повному яйці – це і є Ісус Христос.
56 | 00:05:48,910 | 00:05:52,910 | Повна Брахма таттва, Омкара – це і є Ісус Христос.
57 | 00:05:52,910 | 00:05:57,010 | Все існування Кундаліні завдяки Йому, можна сказати.
58 | 00:05:57,090 | 00:05:59,950 | І Він сидить біля основи Кундаліні.
59 | 00:06:01,290 | 00:06:04,790 | Шрі Радха народила Його.
60 | 00:06:04,870 | 00:06:09,290 | Якщо ви прочитаєте Деві Пурану – дізнаєтесь про це.
61 | 00:06:09,370 | 00:06:14,050 | Але Маркандея Пурану хто з наших сучасних людей готовий читати?
62 | 00:06:14,130 | 00:06:17,750 | Такого провидця, як Маркандея, ви ніде не знайдете.
63 | 00:06:17,830 | 00:06:22,010 | Він описав найтонші речі Деві – яка ознака Деві,
64 | 00:06:22,090 | 00:06:27,450 | як Деві одягається, які Її уподобання, якою Вона є.
65 | 00:06:27,530 | 00:06:31,430 | Її поведінка, мова – все до найдрібніших деталей він описав.
66 | 00:06:31,510 | 00:06:36,410 | Іноді дуже дивуєшся, як він міг стільки знати.
67 | 00:06:36,410 | 00:06:46,650 | Але наші сучасні люди, що здобули англійську освіту, не готові визнати навіть те,
68 | 00:06:46,730 | 00:06:51,410 | що в світі існує щось під назвою Деві чи Деві Шакті.
69 | 00:06:51,490 | 00:06:53,150 | Хоча сьогодні англійці змінюються,
70 | 00:06:53,230 | 00:06:56,410 | наші індійці все ще намагаються бути більшими англійцями.
71 | 00:06:56,490 | 00:07:00,970 | Я часто кажу, що відколи англійці залишили свій фрак,
72 | 00:07:01,050 | 00:07:03,410 | в Індії більше англійців, ніж в Англії.
73 | 00:07:06,550 | 00:07:10,410 | Маркандея Пурану, Мені здається, дуже мало хто з вас читав.
74 | 00:07:10,490 | 00:07:17,390 | Але якщо ви прочитаєте в ній опис Махавішну і помедитуєте на це – ви зрозумієте,
75 | 00:07:17,470 | 00:07:23,550 | що це повністю – Крайста, або Крішта – повністю опис Христа.
76 | 00:07:26,950 | 00:07:33,750 | Шрі Радха Сама Своєю силою, яка є силою Махалакшмі, створила Його.
77 | 00:07:33,830 | 00:07:41,550 | І Його Мати, яка була Мері – не хто інша, просто зрозумійте – це Сама Шрі Радха.
78 | 00:07:41,630 | 00:07:45,470 | Сама Шрі Радха народила Його.
79 | 00:07:45,550 | 00:07:49,970 | «Радха» – «Ра» означає енергію, шакті, а «Дха» означає «та, що утримує».
80 | 00:07:50,050 | 00:07:54,010 | Та, що утримує шакті – це Радха.
81 | 00:07:54,090 | 00:07:57,000 | Радха – це форма Махалакшмі.
82 | 00:07:57,810 | 00:08:00,350 | Радха Джі втілилася у цьому світі.
83 | 00:08:00,430 | 00:08:02,050 | Та, хто раніше була Сітою – стала Радхою.
84 | 00:08:02,130 | 00:08:06,850 | І саме Радха Джі взяла Ґанешу до Себе –
85 | 00:08:06,930 | 00:08:09,110 | бо Радха Джі є втіленням Махалакшмі.
86 | 00:08:09,190 | 00:08:12,590 | А Ґанеша – син Махакалі.
87 | 00:08:12,670 | 00:08:18,450 | Вона взяла Його до Себе і, давши Йому цю особливу форму, створила Христа.
88 | 00:08:18,530 | 00:08:21,770 | Тепер слово «Крайст» – воно також походить від «Крішна».
89 | 00:08:21,850 | 00:08:23,230 | Бо Його Батько – Крішна.
90 | 00:08:23,310 | 00:08:26,530 | Тому Його називають Крайст.
91 | 00:08:27,570 | 00:08:29,450 | Дуже варто це зрозуміти.
92 | 00:08:29,530 | 00:08:32,470 | І ім'я «Джізус» також було створено тому,
93 | 00:08:32,550 | 00:08:36,570 | що Радху осінила думка, що ім'я Яшоди досі ніде не згадувалося.
94 | 00:08:36,650 | 00:08:40,850 | Яшода – «та, що дає славу».
95 | 00:08:40,930 | 00:08:51,250 | Але якщо подивитися, Яшоду називають скорочено «Єшу».
96 | 00:08:51,330 | 00:08:55,590 | А в Уттар-Прадеші, якщо когось звуть «Яшода», його називають «Джасу».
97 | 00:08:55,670 | 00:08:58,430 | Саме це ім'я «Джасу» було дано Йому.
98 | 00:08:58,510 | 00:09:02,570 | Таким чином утворилося ім'я «Джізус Крайст».
99 | 00:09:05,170 | 00:09:09,290 | Тепер індуїстам здається, що Ісус Христос – значить Він наш.
100 | 00:09:09,370 | 00:09:10,390 | Але чи ви справді індуїсти?
101 | 00:09:10,470 | 00:09:15,010 | Ви навіть не індійці.
102 | 00:09:15,090 | 00:09:19,530 | А індуїзм не означає сваритися за щось.
103 | 00:09:19,610 | 00:09:22,110 | Індуїзм – це для тих, хто поклоняється Шакті.
104 | 00:09:22,190 | 00:09:29,490 | І ті, хто наповнені Шакті, хто має Шакті-санскари – тих слід вважати індуїстами.
105 | 00:09:29,570 | 00:09:33,530 | Ті, в кому Шакті ще не пробуджена – їх не варто вважати індуїстами.
106 | 00:09:33,610 | 00:09:36,870 | Таким чином ви можете зрозуміти,
107 | 00:09:36,950 | 00:09:45,530 | що Ісус Христос – це створений Шрі Радхою великий Аватар часів Вайкунтхи.
108 | 00:09:46,350 | 00:09:49,550 | Про Нього є такий опис – Радха Його створила.
109 | 00:09:49,630 | 00:09:52,350 | Потім Його було розділено на дві частини.
110 | 00:09:52,430 | 00:09:55,570 | Одну частину залишили як є – це частина Шрі Ґанеші.
111 | 00:09:55,650 | 00:09:58,630 | А другій частині дали особливу форму,
112 | 00:09:58,710 | 00:10:16,370 | і Шрі Крішна дав Йому благословення одне за одним.
113 | 00:10:16,450 | 00:10:21,130 | Одне з них – що Ти будеш вище за Мене.
114 | 00:10:21,210 | 00:10:25,910 | Подивіться – Вішуддхі чакра тут, а Аґія чакра – тут.
115 | 00:10:25,990 | 00:10:34,870 | Але в мозку Вішуддхі чакра – тут.
116 | 00:10:34,950 | 00:10:38,570 | А з точки зору чакр, чакра Шрі Крішни – тут,
117 | 00:10:38,650 | 00:10:43,450 | а над нею – Аґія чакра, де перебуває Ісус Христос.
118 | 00:10:43,530 | 00:10:49,150 | Друге – Він сказав: «Ти будеш опорою всього світу.» Третє:
119 | 00:10:49,230 | 00:10:56,000 | «Що б Я не отримав у пуджі – шістнадцята
120 | 00:10:56,080 | 00:11:04,090 | частина одразу переходить до Тебе.» Давши таким чином багато благословень, Вірат, Шрі Крішна,
121 | 00:11:04,170 | 00:11:06,770 | дав Йому дозвіл втілитися в цьому світі.
122 | 00:11:06,770 | 00:11:14,410 | Коли Ісус Христос говорив про Свого Батька, Він говорив про Крішну, про Вірата.
123 | 00:11:14,490 | 00:11:16,530 | Він завжди говорив про Свого Батька,
124 | 00:11:16,610 | 00:11:22,090 | бо Його Батько не втілювався разом з Ним у цьому світі.
125 | 00:11:22,170 | 00:11:25,170 | Його Мати була Сама Махалакшмі, Адішакті.
126 | 00:11:25,250 | 00:11:27,730 | Її Він називав «Святий Дух».
127 | 00:11:27,810 | 00:11:31,670 | Але тоді Він не говорив про Святого Духа відкрито.
128 | 00:11:31,750 | 00:11:34,670 | Свою Матір як Святого Духа чи Деві Він не представляв,
129 | 00:11:34,750 | 00:11:50,410 | бо якщо б це зробив – ви знаєте – люди б ще більше ополчились.
130 | 00:11:50,410 | 00:11:54,690 | Ісус Христос Сам настільки розгнівався б, що всі Його руйнівні сили могли б все розтрощити.
131 | 00:11:54,770 | 00:11:59,090 | Ісус Христос має одинадцять Рудр – тобто одинадцять руйнівних сил.
132 | 00:11:59,170 | 00:12:01,410 | Ці одинадцять руйнівних сил знаходяться на нашому чолі.
133 | 00:12:01,490 | 00:12:06,870 | Ці одинадцять руйнівних сил, коли буде втілення Калькі –
134 | 00:12:06,950 | 00:12:18,910 | тоді повністю все руйнівне в цьому світі вони здійснять.
135 | 00:12:18,990 | 00:12:22,830 | Ці одинадцять руйнівних сил сидять на нашому чолі.
136 | 00:12:22,910 | 00:12:28,830 | Серед них одна – сила Ханумана, а інша – Бхаїравнатха.
137 | 00:12:28,910 | 00:12:33,590 | У Біблії їх називають Гавриїл і Михаїл.
138 | 00:12:33,670 | 00:12:36,000 | Навіть якщо ви звернетесь до них англійською – ви зможете пробудити ці сили.
139 | 00:12:36,080 | 00:12:40,000 | Навіть у мантрі, хінді чи санскритом – ця сила може пробудитися у вас.
140 | 00:12:40,080 | 00:12:44,000 | Тобто ваша права сторона, Пінґала Наді – на ній діє сила Ханумана.
141 | 00:12:49,030 | 00:12:54,870 | Коли ваша права сторона не працює і в ній проблеми – треба вимовляти ім'я Ханумана.
142 | 00:12:54,950 | 00:12:58,790 | А якщо скажете «Гавриїл» – ця сила також почне працювати.
143 | 00:12:58,870 | 00:13:03,230 | Ліва сторона працює силою Святого Михаїла або Шрі Бхаїравнатха, їхня сила діє на ній.
144 | 00:13:03,310 | 00:13:07,000 | Якщо вам потрібно активувати ліву сторону – треба звернутися до Бхаїравнатха Джі.
145 | 00:13:07,080 | 00:13:18,110 | Якщо ви скажете ім'я «Святий Михаїл» – ця сила також активується.
146 | 00:13:18,110 | 00:13:22,670 | Ви можете перевірити, переконатися, що те, про що Ми говоримо – правда чи ні.
147 | 00:13:22,750 | 00:13:24,470 | Таким чином ви можете зрозуміти,
148 | 00:13:24,550 | 00:13:28,930 | що ті, хто вважають себе християнами, індуїстами чи мусульманами
149 | 00:13:29,010 | 00:13:46,270 | і сваряться між собою через дурниці – це великі нерозумні.
150 | 00:13:46,270 | 00:13:51,490 | Бо всі ці квіти, що виросли на одному дереві – всі між собою родичі.
151 | 00:13:51,570 | 00:13:55,000 | Просто наш зв'язок з ними не встановлений.
152 | 00:13:51,570 | 00:13:53,590 | Тому ми хапаємо кожного окремо –
153 | 00:13:53,670 | 00:13:59,170 | як зірвати квіти з дерева, забрати їхню життєву силу,
154 | 00:13:59,250 | 00:14:05,000 | і з цими мертвими квітами сваритися між собою.
155 | 00:14:05,080 | 00:14:15,850 | Такий ось стан.
156 | 00:14:15,930 | 00:14:22,510 | Більшість людей, які сьогодні діють у світі, несуть на собі печать его –
157 | 00:14:22,590 | 00:14:26,230 | бо ми здебільшого потрапляємо під вплив егоїстичних тенденцій.
158 | 00:14:26,310 | 00:14:32,170 | Саме его кудись нас штовхає, і все, що живить его – ми продовжуємо робити.
159 | 00:14:32,250 | 00:14:40,030 | Щоб приборкати це его, нам потрібно покликати Ісуса Христа.
160 | 00:14:40,110 | 00:14:44,230 | Там, де Я наношу сіндур кожному з вас – ви здивуєтесь –
161 | 00:14:44,310 | 00:14:49,000 | це саме чакра Ісуса Христа, і саме її Я пробуджую.
162 | 00:14:49,080 | 00:14:54,000 | Ось ця тілака, яку ви наносите Мені на чоло – це тілака Його крові, її символ.
163 | 00:15:01,310 | 00:15:06,610 | У цій крові той символ, що показує: Бог дав Свого єдиного Сина цьому світу,
164 | 00:15:06,690 | 00:15:09,990 | а ви вбили Його, залили Його кров'ю.
165 | 00:15:10,070 | 00:15:12,730 | Це знак, через який ви маєте покаятися,
166 | 00:15:12,810 | 00:15:18,710 | засоромитися своєї дурості та злості, і подумати про це.
167 | 00:15:18,790 | 00:15:33,990 | Про це прочитайте у Біблії «Одкровення Іоана» – там написано,
168 | 00:15:34,070 | 00:15:36,090 | що на тих людях буде ця позначка,
169 | 00:15:36,170 | 00:15:41,150 | і коли Він прийде верхи на білому коні з цими одинадцятьма Рудрами –
170 | 00:15:41,230 | 00:15:44,750 | Калькі – ім'я Його не буде написано, лише Він Сам знатиме його –
171 | 00:15:44,830 | 00:15:51,570 | тоді Він побачить, чия позначка на вашому чолі.
172 | 00:15:51,650 | 00:15:54,730 | За цією позначкою Він впізнає, хто ви.
173 | 00:15:54,810 | 00:16:00,000 | Там навіть є Мій опис – як відбуватиметься Сахаджа Йоґа,
174 | 00:16:00,080 | 00:16:07,000 | яким чином люди це отримають, і яким чином Святий Дух,
175 | 00:16:07,080 | 00:16:11,000 | будучи Матір'ю, допоможе людям отримати реалізацію.
176 | 00:16:11,080 | 00:16:14,730 | Оскільки втілення Ісуса Христа відбулося до Нас, тому найбільше описано саме Його.
177 | 00:16:14,730 | 00:16:21,670 | Так само, як Мухаммад Сахіб дуже детально пояснював пробудження Кундаліні
178 | 00:16:21,750 | 00:16:24,190 | і позбавлення від злих сил,
179 | 00:16:24,270 | 00:16:31,090 | так само Ісус Христос дуже просто пояснив, що є зброєю людини.
180 | 00:16:45,210 | 00:16:48,470 | Прощення – насправді це дуже велика зброя,
181 | 00:16:48,550 | 00:16:51,250 | завдяки якій людина може врятуватися від свого его.
182 | 00:16:51,330 | 00:16:59,230 | Наприклад, хтось завдав вам великого болю, образив вас, зробив вам шкоду –
183 | 00:16:59,310 | 00:17:01,870 | тоді ваше его від цього страждає.
184 | 00:17:03,050 | 00:17:07,290 | Якщо в той момент ви будете тримати в серці будь-які почуття проти нього
185 | 00:17:07,370 | 00:17:13,750 | і весь час думати: «Ця людина так зі мною вчинила» –
186 | 00:17:14,630 | 00:17:19,950 | від таких непотрібних думок ви дуже страждатимете,
187 | 00:17:20,030 | 00:17:26,230 | і весь час ця людина буде керувати вами, хоча вона, можливо, давно забула про це –
188 | 00:17:26,310 | 00:17:29,910 | але ви, згадуючи це знову і знову, продовжуєте себе мучити.
189 | 00:17:43,730 | 00:17:46,850 | Неправда, що ми щось робимо, коли прощаємо. Це просто міф.
190 | 00:17:46,930 | 00:17:53,910 | Що ви зробили, коли сказали «я пробачив»? Нічого не зробили!
191 | 00:17:53,990 | 00:18:00,030 | Ви врятували себе від страждання іншої людини і від її думок.
192 | 00:18:00,110 | 00:18:03,870 | Доки ви думаєте про болісні вчинки тієї людини –
193 | 00:18:03,950 | 00:18:14,510 | завдяки [прощенню] ми рятуємо себе від чужих страхів. Це великий інструмент, закладений в Ісусі Христі.
194 | 00:18:14,590 | 00:18:21,510 | Ісус Христос має ті сили, про які Я вам казала, одинадцять Рудр.
195 | 00:18:21,590 | 00:18:26,330 | Але Він повісив Себе на хресті. Навіщо?
196 | 00:18:26,410 | 00:18:32,530 | Маючи всі ці сили, Він міг знищити всіх.
197 | 00:18:32,610 | 00:18:38,000 | І там з Ним стояла Адішакті, Його Мати, що плакала –
198 | 00:18:38,080 | 00:18:43,000 | Вона не могла витримати, бо все ж у людському тілі,
199 | 00:18:43,080 | 00:18:48,000 | не могла витримати, що за наявності всіх сил Її Син іде на хрест –
200 | 00:18:48,080 | 00:18:53,850 | але Вони Самі грають, не страждають.
201 | 00:18:53,930 | 00:18:56,450 | Для Них все це – гра, вистава.
202 | 00:18:56,530 | 00:19:01,150 | Він просто грає і, прийшовши в цей світ, пішов на хрест,
203 | 00:19:01,230 | 00:19:05,650 | показуючи, які великі дурні ті люди, що розіп'яли Його.
204 | 00:19:05,730 | 00:19:11,090 | Так само Він їздив на віслюку – це означає, що Його «їзда» завжди була на дурнях.
205 | 00:19:14,830 | 00:19:24,930 | Практичне значення цього таке: коли у вас сильний головний біль, багато страждань –
206 | 00:19:25,010 | 00:19:33,150 | скажіть: «Я пробачив усіх.» Не приймайте жодних ліків –
207 | 00:19:33,230 | 00:19:37,170 | просто скажіть: «Усіх людей у світі, хто нас мучив чи хто ще мучитиме –
208 | 00:19:37,250 | 00:19:38,670 | усіх ми пробачили.»
209 | 00:19:38,750 | 00:19:43,000 | І побачите – ваш головний біль зникне.
210 | 00:19:43,080 | 00:19:48,310 | Особливо для сахаджа йоґів, які пробуджені цією Кундаліні Шакті –
211 | 00:19:48,390 | 00:19:51,010 | для них це працює миттєво,
212 | 00:19:51,090 | 00:19:59,790 | бо у вашому нутрі Ісус Христос, який є формою прощення, вже пробуджений.
213 | 00:19:59,790 | 00:20:02,000 | Тепер подивіться – Його місце на Аґія чакрі.
214 | 00:20:02,080 | 00:20:05,430 | Аґія чакра в нас – це оптичний хіазм, де нерви обох очей перетинаються –
215 | 00:20:05,510 | 00:20:13,470 | саме там, посередині, є дуже тонкий прохід, такий тонкий, що лікарі не бачать його.
216 | 00:20:15,410 | 00:20:23,000 | Але там є дуже тонкі двері. Тому Він казав: «Я є двері.»
217 | 00:20:23,080 | 00:20:28,350 | Ці двері такі вузькі, що для того, щоб через них пройти,
218 | 00:20:28,430 | 00:20:31,770 | Ісусу Христу довелося прийти в цей світ і пройти через них.
219 | 00:20:31,850 | 00:20:32,830 | Через наш егоїзм ми вбили Його,
220 | 00:20:32,910 | 00:20:39,470 | бо не могли стерпіти, що якась людина може прийти як Бог.
221 | 00:20:39,550 | 00:20:46,070 | І тому Його вбили. Який злочин Він вчинив?
222 | 00:20:46,150 | 00:20:52,070 | Він зцілив стільки людей. Навчав добрих речей. Вчив жити впорядковано, культурно.
223 | 00:20:52,150 | 00:20:59,810 | Він говорив мовою любові – а ми з ненавистю і злістю.
224 | 00:20:59,810 | 00:21:09,630 | Але ті, хто вчать вас поганих речей, хто прив'язує вас до гріховних вчинків і каже:
225 | 00:21:09,710 | 00:21:12,000 | «Робіть погані речі – чим більше, тим краще» –
226 | 00:21:12,080 | 00:21:15,410 | таких обманщиків ми щодня читаємо їхні книги, ходимо до їхніх стіп.
227 | 00:21:15,490 | 00:21:21,050 | Подивіться на сучасних «ґуру» – один за одного шахраї.
228 | 00:21:21,130 | 00:21:30,000 | Для них ми витрачаємо гроші, для них готові робити все на світі.
229 | 00:21:30,080 | 00:21:40,010 | А якщо прийде справжня праведна людина – ніхто не зверне на неї уваги.
230 | 00:21:40,010 | 00:21:46,070 | Сам Всевишній послав у цей світ Свого єдиного Сина –
231 | 00:21:46,150 | 00:21:47,000 | а ви Його розіп'яли.
232 | 00:21:47,080 | 00:21:49,110 | Ось зразок вашого розуму.
233 | 00:21:49,190 | 00:21:54,000 | І так ви чините щоразу –
234 | 00:21:54,080 | 00:21:58,000 | кожного разу, коли приходило втілення, людина робила те саме.
235 | 00:21:58,080 | 00:22:04,850 | Завжди тікала від істини і тікала від справжнього.
236 | 00:22:04,850 | 00:22:08,000 | Сьогодні Я чую – люди дуже їздять до Ширді.
237 | 00:22:08,080 | 00:22:10,730 | Хоча Саї Натх вже пішов звідти, там таке забруднення – але люди їдуть.
238 | 00:22:10,810 | 00:22:14,000 | Їдуть тому, що Саї Натх уже не присутній там.
239 | 00:22:14,080 | 00:22:20,000 | Коли Він був у Ширді, Йому навіть не давали їсти.
240 | 00:22:20,080 | 00:22:26,000 | А тепер усі їдуть. Чому? Бо помер, то добре.
241 | 00:22:26,080 | 00:22:35,000 | Бо тепер Саї Натх уже на нашій шиї висить.
242 | 00:22:40,710 | 00:22:43,000 | І досі людина в тій же дурості біжить.
243 | 00:22:43,080 | 00:22:44,790 | Те, що є реальним, що стоїть перед вами як доказ –
244 | 00:22:44,870 | 00:22:49,000 | від цього відвертається, а за тим, що мертве – за тим біжить.
245 | 00:22:49,080 | 00:22:53,000 | І сьогодні Його місце вже в іншому місці.
246 | 00:22:53,080 | 00:22:56,810 | Ви бачили – у Ширді було багато дітей, їх запитали –
247 | 00:22:56,890 | 00:23:01,070 | запитайте про справжню Матір... і в них пішли вібрації.
248 | 00:23:01,650 | 00:23:06,000 | Правда в тому, що щоразу коли приходило втілення – ви могли отримати відповідь.
249 | 00:23:06,080 | 00:23:12,000 | Але коли б хто не прийшов – ви своє мертве тримаєте і на Нього спираєтесь –
250 | 00:23:12,080 | 00:23:14,190 | бо сьогодні Він уже не живий – от і добре, тепер Він у наших руках.
251 | 00:23:14,190 | 00:23:20,370 | Як Г'янешвара Джі – Я розповідала вам – для Нього побудували величезний храм.
252 | 00:23:20,450 | 00:23:22,670 | Ми сказали: «Дайте нам помедитувати.»
253 | 00:23:22,750 | 00:23:27,690 | Вони сказали: «Ні, тут ходіть процесією, танцюйте.»
254 | 00:23:27,770 | 00:23:30,510 | Я сказала: «А що вони робили? Ось мурті перед вами –
255 | 00:23:30,590 | 00:23:35,470 | що вони робили?» Кажуть: «Це їхня справа, вони були особливі.»
256 | 00:23:35,550 | 00:23:40,030 | Я сказала: «А ви для чого народилися – тільки для процесій?
257 | 00:23:40,110 | 00:23:44,000 | Для медитації вони казали, для пізнання Параматми.
258 | 00:23:44,080 | 00:23:47,470 | Авідья – головна причина – у вас немає світла – це робіть. Тоді чому не робите?»
259 | 00:23:47,550 | 00:23:52,000 | «Ні, Матаджі, Ви праві, але це неможливо.»
260 | 00:23:52,080 | 00:23:57,750 | Я сказала: «Якби вони були тут – ми б з ними говорили, а з вами – де нам діватися?
261 | 00:23:59,990 | 00:24:02,000 | Вам вони не дали медитувати.»
262 | 00:24:02,080 | 00:24:06,750 | То чому людина тримається за мертве? Через его –
263 | 00:24:06,830 | 00:24:12,910 | бо від цього его роздувається: «Ми учні такого-то.»
264 | 00:24:15,490 | 00:24:17,950 | Але те, що стоїть перед вами як живий доказ –
265 | 00:24:18,030 | 00:24:22,330 | якщо ви його не приймете, як наповниться ваша душа?
266 | 00:24:22,410 | 00:24:26,000 | Подумайте іноді про свій власний інтерес.
267 | 00:24:26,080 | 00:24:36,000 | Ґанґа тече тут – а ви пішли набирати воду туди, де Ґанґи немає.
268 | 00:24:36,970 | 00:24:45,310 | Те, що є реальним доказом – прийміть це.
269 | 00:24:47,490 | 00:24:50,000 | Така сама ситуація була і за часів Ісуса Христа.
270 | 00:24:50,080 | 00:24:55,990 | Він робив численні пробудження Кундаліні, але був такий невдалий –
271 | 00:24:56,070 | 00:24:57,550 | дав реалізацію лише двадцяти одній людині,
272 | 00:24:57,630 | 00:25:02,350 | хоча в Сахаджа Йозі тисячі отримують реалізацію.
273 | 00:25:02,430 | 00:25:09,250 | Він міг давати тисячам, але Його учні і самі були великі осли – нікуди не годилися.
274 | 00:25:09,330 | 00:25:10,730 | Вони думали, що Він все робитиме за них –
275 | 00:25:10,810 | 00:25:19,000 | «Зцілюй і цього, і того.» А Він сказав: «Досить!»
276 | 00:25:19,080 | 00:25:30,000 | Коли побачили, як Він ходить по воді – бо Він Пранава, Омкара –
277 | 00:25:30,080 | 00:25:43,450 | навіть тоді не повірили.
278 | 00:25:43,450 | 00:25:50,000 | Подивіться – у той час було лише дванадцять рибалок, яких ледве знайшли.
279 | 00:25:50,080 | 00:25:54,000 | Якщо рибалкам пояснювати Кундаліні – як це можливо?
280 | 00:25:54,080 | 00:25:56,410 | Тоді ви розумієте, з ким Йому доводилося мати справу.
281 | 00:25:56,410 | 00:26:02,000 | Сьогодні люди стали надто розумними, а тоді це були люди низького рівня –
282 | 00:26:02,080 | 00:26:04,450 | їм щось пояснював, розповідав – але вони не могли зрозуміти.
283 | 00:26:04,530 | 00:26:09,490 | Вони хотіли одного: «Зціліть цього, зціліть того.»
284 | 00:26:09,570 | 00:26:14,000 | Як і в нашій Сахаджа Йозі – хтось отримав реалізацію, і одразу:
285 | 00:26:14,080 | 00:26:21,000 | «Мати, у мого зятя ось це – зціліть його.» А потім список усіх хворих в селі –
286 | 00:26:21,080 | 00:26:30,930 | бо стали «агентами», агентство взяли. Це все проблеми его.
287 | 00:26:30,930 | 00:26:33,000 | Его дуже тонке.
288 | 00:26:33,080 | 00:26:40,000 | Другий спосіб – боротися з его – теж не працює. Борючись з его, ви ніколи не переможете. Его поглинається саме по собі.
289 | 00:26:40,080 | 00:26:59,000 | Справжній Аханкар – це Аханкар Вірата. А ваш аханкар – хибний.
290 | 00:26:59,080 | 00:27:05,000 | Що ви робите? Запитайте себе.
291 | 00:27:05,080 | 00:27:09,310 | Якась мертва річ – ви надали їй іншу форму – хіба це велика справа?
292 | 00:27:09,390 | 00:27:14,000 | Чи можете ви з квітки зробити плід? Спершу запитайте себе.
293 | 00:27:14,080 | 00:27:18,050 | Цей ніс, це красиве тіло – як ви його отримали?
294 | 00:27:18,130 | 00:27:25,000 | З амеби ви стали людиною – як це сталося?
295 | 00:27:25,080 | 00:27:29,150 | З якою красою, і ви навіть не помітили – ви все це отримали.
296 | 00:27:29,150 | 00:27:35,190 | Безмежна, нескінченна милість Параматми, що Він створив вас і дав вам людське тіло –
297 | 00:27:35,270 | 00:27:41,000 | що людина може Йому дати, крім подяки? Крім шани?
298 | 00:27:41,080 | 00:27:48,000 | Що ви взагалі робили досі? Що великого зробили?
299 | 00:27:48,080 | 00:28:00,000 | Якесь неживе перетворили. Але фундаментальну життєву силу людина створити не може.
300 | 00:28:00,990 | 00:28:09,000 | Дістались до Місяця – скільки его!
301 | 00:28:09,080 | 00:28:15,030 | А Той, хто створив тисячі планет – перед Ним що ваше его?
302 | 00:28:15,110 | 00:28:20,000 | Ваше его хибне. А Його Аханкар – справжній.
303 | 00:28:20,080 | 00:28:22,750 | «Аханкар» означає «Я є» – і це лише Він робить.
304 | 00:28:22,830 | 00:28:29,150 | Я іноді жартома розповідаю – якось мандрівники в літаку взяли багаж на голову.
305 | 00:28:29,230 | 00:28:35,310 | Їх запитали: «Навіщо?» Вони відповіли: «Ми хочемо полегшити літаку тягар.»
306 | 00:28:35,390 | 00:28:44,030 | Так само ваше его – абсурд. Ви нічого не робите.
307 | 00:28:44,110 | 00:28:53,930 | Все робить Вірат – дозвольте Йому. Він є тим, хто діє.
308 | 00:28:54,010 | 00:29:07,350 | А ви – лише Його інструмент. Як цей мікрофон переді Мною – він нічого не робить.
309 | 00:29:07,430 | 00:29:13,850 | Я говорю, а він лише стоїть як свідок.
310 | 00:29:13,930 | 00:29:14,510 | Так само і ви є інструментом Параматми. Він вас створив.
311 | 00:29:14,590 | 00:29:22,450 | Дозвольте Його шакті текти через вас і знайдіть своє призначення.
312 | 00:29:22,530 | 00:29:25,410 | Для цього – на цій чакрі, яка є найважчою чакрою,
313 | 00:29:25,490 | 00:29:29,270 | де найтонший елемент Омкари, Пранави –
314 | 00:29:29,350 | 00:29:37,000 | саме тут Він втілився в цьому світі. І саме тут – Шрі Ісус Христос.
315 | 00:29:37,550 | 00:29:39,910 | Зв'язок Кундаліні з Ним – як зв'язок місяця з місячним сяйвом
316 | 00:29:39,990 | 00:29:41,610 | або сонця з його променями.
317 | 00:29:41,690 | 00:29:47,000 | Кундаліні Своєю шакті – Ґаурі Своєю шакті створила Ґанешу.
318 | 00:29:47,080 | 00:29:52,000 | Своєю силою волі, своєю тапасьєю, своєю чистотою Вона створила Ґанешу.
319 | 00:29:52,080 | 00:29:59,250 | Коли Ґанеша дійшов до такого рівня, що міг втілитися –
320 | 00:30:00,410 | 00:30:04,000 | тоді народився Ісус Христос.
321 | 00:30:04,080 | 00:30:11,230 | Люди в Англії сперечаються – як Його народження могло бути таким,
322 | 00:30:11,310 | 00:30:15,690 | що вони називають «непорочне зачаття»?
323 | 00:30:15,770 | 00:30:19,000 | Я кажу – скільки ці люди розуміють?
324 | 00:30:19,080 | 00:30:23,000 | Хіба вони замислювалися, як проростає паросток у насінні?
325 | 00:30:23,080 | 00:30:28,590 | Як ви дихаєте? Як працює тіло? Звідки приходить енергія у мозок?
326 | 00:30:28,670 | 00:30:32,000 | Як ви прийшли в цей світ?
327 | 00:30:32,080 | 00:30:40,000 | Ви кажете, що Земля має гравітацію – але звідки вона? Подумайте.
328 | 00:30:40,080 | 00:30:47,000 | Як маленькі діти вважають себе Шіваджі –
329 | 00:30:47,080 | 00:31:00,000 | так само Мені здається дитинністю, що людина думає: ця сила в нас – це ілюзія, майя.
330 | 00:31:00,080 | 00:31:07,230 | Цей великий обман – ви ще не пізнали.
331 | 00:31:07,310 | 00:31:10,000 | Цей обман потрібно розбити.
332 | 00:31:10,080 | 00:31:14,470 | Доки він не розсіється – ви сидітимете, вважаючи його за істину.
333 | 00:31:14,550 | 00:31:22,050 | І цей великий обман – що ви самі все робите – його потрібно було зруйнувати.
334 | 00:31:22,130 | 00:31:26,000 | Для цього потрібно було принести людське тіло у цей світ.
335 | 00:31:26,080 | 00:31:35,000 | Бо кожного разу, коли живі істоти робили спроби еволюціонувати – приходили Аватари.
336 | 00:31:35,080 | 00:31:44,000 | Шрі Вішну приходив як Шрі Рама, блукаючи по лісах,
337 | 00:31:44,080 | 00:31:46,870 | щоб принести новий вимір у свідомість –
338 | 00:31:46,950 | 00:31:54,770 | яким має бути ідеальний правитель. Він розіграв таку велику драму.
339 | 00:31:54,850 | 00:32:00,000 | Так само Шрі Крішна. Так само і Ісус Христос.
340 | 00:32:00,080 | 00:32:10,000 | Але якщо подивитися на все Його життя – одне стає очевидним: ваша дурість.
341 | 00:32:10,080 | 00:32:12,870 | Ваша велика нерозумність, через яку ви розіп'яли таку велику сутність.
342 | 00:32:15,910 | 00:32:20,000 | Ця дурість проявилась яскраво.
343 | 00:32:20,080 | 00:32:31,250 | Настільки жахлива, що тоді було сказано: «Або злодія, або Його.»
344 | 00:32:31,330 | 00:32:37,000 | І ці «розумні» люди сказали: «Дайте Ісуса Христа.»
345 | 00:32:37,690 | 00:32:48,570 | Ви знаєте, в якій біді ці люди. Який великий гріх вони вчинили –
346 | 00:32:48,650 | 00:32:55,000 | від початку часів він не може бути змитий.
347 | 00:32:55,080 | 00:33:02,710 | І досі в тому ж его люди перебувають, думають – те, що зробили, був великий подвиг.
348 | 00:33:02,710 | 00:33:10,330 | Навіть зараз, якщо вони попросять прощення у Параматми –
349 | 00:33:10,410 | 00:33:15,000 | що ваш великий принцип ми знищили, Господи, пробач нас –
350 | 00:33:15,080 | 00:33:17,610 | тоді ще можна отримати прощення.
351 | 00:33:17,690 | 00:33:22,000 | Але для людини просити прощення – це дуже важко.
352 | 00:33:22,080 | 00:33:25,150 | Людина продовжує чинити одне зло за іншим.
353 | 00:33:25,990 | 00:33:29,000 | Хто в цьому світі може сказати, що люди шанували святих?
354 | 00:33:29,080 | 00:33:32,410 | Подивіться на Нанака Сахіба – як Його мучили. На Кабіра – як переслідували.
355 | 00:33:32,490 | 00:33:40,150 | Жоден великий не пішов з цього світу без страждань. І мучили Його люди.
356 | 00:33:40,230 | 00:33:44,000 | Але тепер світ змінився. Я кажу вам – почалася Сатья Юґа.
357 | 00:33:44,080 | 00:33:46,690 | Спробуйте – ви не зможете заподіяти біль жодному святому. Бо вже досить.
358 | 00:33:46,770 | 00:33:55,150 | Причина в тому, що Ісус Христос випустив у світ велику силу –
359 | 00:33:56,590 | 00:34:04,000 | Його Екадаша Рудри тепер активовані.
360 | 00:34:04,710 | 00:34:13,790 | І кожен, хто спробує мучити святого – буде знищений.
361 | 00:34:13,870 | 00:34:20,110 | Мучити святих – великий гріх. Це ви повинні зрозуміти.
362 | 00:34:20,190 | 00:34:27,530 | І з прикладу Ісуса Христа запам'ятати – цю дурість ми більше не повторимо.
363 | 00:34:27,530 | 00:34:35,750 | Будь-хто може назвати себе аватаром – не треба одразу вірити.
364 | 00:34:35,830 | 00:35:17,000 | В шастрах написані ознаки – їх потрібно перевірити.
365 | 00:35:17,080 | 00:35:22,000 | Якщо втілення підтверджене цими ознаками – тоді слід визнати.
366 | 00:35:22,080 | 00:35:26,000 | Хтось повідомив Мені, що з'явилося ще одне втілення Ісуса Христа.
367 | 00:35:26,080 | 00:35:30,000 | Я сказала: «Скажіть йому пройтися по воді, зупинити вітер, воду, бурю –
368 | 00:35:30,080 | 00:35:34,000 | якщо зможе, і якщо зможе воскрешати мертвих – тоді це Ісус Христос.
369 | 00:35:34,080 | 00:35:38,000 | А якщо не може – то це не Ісус Христос.»
370 | 00:35:38,080 | 00:35:42,000 | І виявилось, що нічого з цього він не міг зробити. Потім з'ясувалося, що все було обманом.
371 | 00:35:26,930 | 00:35:36,000 | Найбільше, чому нас навчає Його життя – як залишатися чистим.
372 | 00:35:36,870 | 00:35:41,000 | Ісус Христос ніколи не змінював Свою професію, ніде не оголошував себе аскетом.
373 | 00:35:41,080 | 00:35:44,090 | Він навіть ходив на весілля.
374 | 00:35:44,170 | 00:35:49,050 | На весіллі написано, що Він перетворив воду на вино.
375 | 00:35:49,130 | 00:35:55,000 | Люди вхопилися – мовляв, Він робив алкоголь!
376 | 00:35:55,080 | 00:36:03,000 | «Вино» – навіть зараз в Ізраїлі, мовою іврит – це виноградний сік, не алкоголь.
377 | 00:36:03,080 | 00:36:06,350 | Це потім комусь спало на думку ферментувати.
378 | 00:36:06,430 | 00:36:09,810 | Якщо прочитаєте життя Мойсея –
379 | 00:36:09,890 | 00:36:19,150 | Він чітко сказав, що алкоголь та наркотики людина не повинна вживати.
380 | 00:36:19,230 | 00:36:24,930 | Бо Я розповідала вам про ґуру-таттву – Мойсей був одним із великих Ґуру.
381 | 00:36:25,010 | 00:36:30,000 | Усі ці ґуру – їхня робота на Набхі чакрі, і навколо Набхі, де Войд –
382 | 00:36:30,080 | 00:36:36,000 | там вони перебувають. А оскільки це впливає на печінку,
383 | 00:36:36,080 | 00:36:42,000 | тому кожен ґуру – будь то Нанак, Кабір, Авраам чи Сократ –
384 | 00:36:42,080 | 00:36:48,000 | усі заборонили алкоголь.
385 | 00:36:48,080 | 00:37:02,490 | Їхній принцип такий – у кого яке завдання, той його виконує. Завдання ґуру – встановити Дхарму. Тому вони заборонили алкоголь.
386 | 00:37:02,570 | 00:37:03,310 | А чиє завдання інше – як завдання Ісуса Христа –
387 | 00:37:03,390 | 00:37:09,000 | відкрити вашу Аґія чакру і зруйнувати его.
388 | 00:37:09,490 | 00:37:15,970 | Моє завдання – пробудити Кундаліні і провести через Сахасрару.
389 | 00:37:16,050 | 00:37:22,250 | Це завдання цілісності, тому Мені доводиться говорити про кожного –
390 | 00:37:22,330 | 00:37:29,470 | про Ісуса Христа, Нанака, Джанаку, Раму, Крішну, Шіву –
391 | 00:37:29,550 | 00:37:36,070 | бо всі їхні сили діють у вас. Сьогодні час цілісності.
392 | 00:37:36,150 | 00:37:44,230 | Подивіться – Сахаджа Йоґа поширюється поступово в містах,
393 | 00:37:44,310 | 00:37:52,890 | бо пізнати істину не під силу людині. Ми бачили це з історії.
394 | 00:37:52,970 | 00:37:59,710 | Сьогодні людина більш розсіяна, ніж будь-коли.
395 | 00:37:59,790 | 00:38:08,170 | Тому сказано, що саме в Калі Юзі це станеться.
396 | 00:38:08,170 | 00:38:14,210 | В «Нала-Дамаянті Акхьяні» описано – Нала зловив Калі,
397 | 00:38:16,210 | 00:38:22,030 | і Калі сказав: «Хочеш вбити – вбий, але вислухай мою велич.
398 | 00:38:22,110 | 00:38:40,230 | У мене є заслуга: ті, хто медитує в печерах –
399 | 00:38:40,310 | 00:38:44,130 | у Калі Юзі будуть сімейними людьми і отримають реалізацію.» Це Сахаджа Йоґа.
400 | 00:38:44,210 | 00:38:51,670 | У Біблії це називається «Останній Суд».
401 | 00:38:51,750 | 00:39:10,000 | У Сахаджа Йозі саме це відбувається – ваш суд, чи ви на тому рівні.
402 | 00:39:10,080 | 00:39:20,000 | Але потрібно стабілізуватися. Як з велосипедом – спочатку хитаєтесь,
403 | 00:39:20,080 | 00:39:26,230 | а коли стабілізувалися – їдете впевнено. Це вам самим вирішувати.
404 | 00:39:26,310 | 00:39:29,910 | Коли стабілізуєтеся – Нірвікальпа встановлюється.
405 | 00:39:30,410 | 00:39:37,000 | Доки Кундаліні нижче Аґія чакри – ми не можемо увійти в Нірвічару.
406 | 00:39:41,300 | 00:39:48,000 | Перший рівень самадхі – Нірвічаріта – не встановлюється.
407 | 00:39:48,080 | 00:39:56,130 | Як тільки Кундаліні перетинає Аґія чакру – ті двері, що Ісус Христос відкрив – коли вони відкриваються,
408 | 00:39:56,210 | 00:39:58,530 | ми входимо в зону Нірвічари, тобто
409 | 00:39:58,610 | 00:40:11,990 | призначення, «Царство Боже» – лімбічну ділянку мозку.
410 | 00:40:12,070 | 00:40:19,430 | Там перебувають усі сім чакр та підчакри.
411 | 00:40:19,510 | 00:40:27,000 | Доки людина не досягне цього стану – навіть Нірвічаріта не встановиться.
412 | 00:40:27,000 | 00:40:27,380 | Найбільша причина проблем з Аґія чакрою – очі.
413 | 00:40:27,460 | 00:40:27,750 | Людина повинна дуже берегти очі. Це надзвичайно важливо.
414 | 00:40:28,410 | 00:40:30,500 | Друга причина – куди схиляєте чоло.
415 | 00:40:30,580 | 00:40:34,030 | Тому Ісус Христос казав: «Ні перед ким не схиляйте чоло.»
416 | 00:40:34,110 | 00:40:43,110 | Бо хто зна, перед ким ви віддасте все напрацьоване.
417 | 00:40:43,190 | 00:40:48,350 | Тому Він забороняв.
418 | 00:40:48,430 | 00:40:53,910 | Я в Сахаджа Йозі завжди кажу: «Поки Я вам нічого не дала – навіщо до Моїх стіп?»
419 | 00:40:53,990 | 00:41:02,270 | Але в Махараштрі – велика хвороба «брати даршан».
420 | 00:41:02,350 | 00:41:08,000 | Ми поїхали в село – п'ятсот людей –
421 | 00:41:08,080 | 00:41:13,750 | Я сказала: «Не треба.» Всі засмутилися.
422 | 00:41:13,830 | 00:41:19,950 | Я кажу – схиляйте чоло лише перед справжнім представником Бога.
423 | 00:41:20,030 | 00:41:28,410 | Перед шарлатанами не варто.
424 | 00:41:29,050 | 00:41:50,000 | Це дуже важливо. Як тільки схилите чоло в неправильному місці – Аґія чакра псується.
425 | 00:41:50,080 | 00:42:05,190 | Якщо схилялися перед хибним ґуру – Аґія чакра зіпсується, і від цього хвороби очей.
426 | 00:42:05,270 | 00:42:15,290 | Головний принцип Аґія чакри – читати лише чисте, священне. Нечисте – ні.
427 | 00:42:15,370 | 00:42:27,000 | Люди кажуть: «Наша робота така.» Але від нечистого очі псуються.
428 | 00:42:27,850 | 00:42:50,950 | Від погляду на поганих людей – теж очі псуються. Вчора Я казала вам, що Ісус Христос говорив: «Не чини перелюбу.»
429 | 00:42:50,950 | 00:42:56,370 | Якщо очі ослабли – це не означає, що ви погана людина.
430 | 00:42:56,450 | 00:43:02,530 | З віком окуляри доводиться носити – це закон життя.
431 | 00:43:02,610 | 00:43:02,690 | Але очі псуються з багатьох причин, і ось одна з них –
432 | 00:43:02,770 | 00:43:29,000 | багато людей мають неспокійний погляд – очі постійно бігають.
433 | 00:43:29,190 | 00:43:48,870 | Навіть хороша робота – якщо занадто: багато читаєте, шиєте, думаєте – очі псуються.
434 | 00:43:49,990 | 00:43:55,110 | Причина – коли занадто працюєте, забуваєте Параматму.
435 | 00:43:55,730 | 00:44:10,000 | Ваш «Ішвара Пранідхана» не встановлений. Ви забуваєте Ісуса Христа.
436 | 00:44:10,080 | 00:44:25,110 | Він не був грамотним – не прочитав жодної букви.
437 | 00:44:25,190 | 00:44:30,000 | Ніколи не бачив жодного вчителя. Але сьогодні Його іменем відкрито університети,
438 | 00:44:30,080 | 00:44:35,000 | побудовано величезні теологічні коледжі, там понаробляли професорів і побудували великі церкви.
439 | 00:44:35,080 | 00:44:45,000 | Ті, хто випускники Параматми – з ними все гаразд.
440 | 00:44:45,080 | 00:44:50,000 | Але ті, хто не отримали жодної дікші від Параматми –
441 | 00:44:50,080 | 00:44:55,000 | ходять з великою помпою, думають: «О, які ми великі!» І серйозно так ходять –
442 | 00:44:55,080 | 00:45:00,000 | ніби великі махатми.
443 | 00:45:00,080 | 00:45:06,000 | І в цьому є вибори – ви ж читали про вибори Папи –
444 | 00:45:06,080 | 00:45:12,000 | які тільки обмани та облуди не бувають у світі, від цього людині стає сумно –
445 | 00:45:12,080 | 00:45:18,000 | Господи, чи зможуть вони коли-небудь зрозуміти Ісуса Христа? Багато хто ходить як Шанкарачар'ї – і наші, великі.
446 | 00:45:18,080 | 00:45:24,000 | Нещодавно Я чула, що один Шанкарачар'я
447 | 00:45:24,080 | 00:45:30,000 | собі золотий мукут робить і золоту велику парасольку –
448 | 00:45:30,080 | 00:45:36,000 | бо подумав: у Папи є, то й у нас має бути.
449 | 00:45:36,080 | 00:45:42,000 | А справжній Аді Шанкарачар'я не мав навіть грошей, щоб спалити тіло своєї матері.
450 | 00:45:42,080 | 00:45:48,000 | А ці сучасні Шанкарачар'ї збирають статки, збирають гроші.
451 | 00:45:54,450 | 00:46:02,670 | А ми, «розумні», від тих Шанкарачар'їв дікшу беремо і їх годуємо.
452 | 00:46:04,250 | 00:46:12,130 | Тепер Кундаліні – де тут зв'язок? Кундаліні – це абсолютно чиста та істинна річ.
453 | 00:46:12,210 | 00:46:24,000 | Це не шахрайство і не бізнес. Це абсолютна істина,
454 | 00:46:24,080 | 00:46:31,000 | і ви не зможете її оцінити, доки самі не увійдете в істину.
455 | 00:46:31,080 | 00:46:38,750 | Ззовні не осягнете. Щоб отримати – злийтеся з істиною.
456 | 00:46:39,470 | 00:46:50,000 | Коли станете єдиними з істиною – зрозумієте: це найвища істина.
457 | 00:46:50,080 | 00:46:50,170 | Що ви є інструментом Всевишнього Батька, через який ця енергія має текти.
458 | 00:46:50,250 | 00:46:57,110 | Ви є інструментом сили любові, яка має поширитися по всьому світу.
459 | 00:46:57,110 | 00:47:04,850 | Але яка велика жертва Ісуса Христа! Він відкрив нашу Аґія чакру для нас.
460 | 00:47:07,990 | 00:47:20,000 | Якщо Аґія чакра не відкриється – Кундаліні не підніметься.
461 | 00:47:20,080 | 00:47:23,000 | Якщо в людини заблокована Аґія чакра, навіть якщо заблокована Муладхара –
462 | 00:47:23,080 | 00:47:25,000 | Кундаліні не рухатиметься. Якщо Аґія чакра заблокована –
463 | 00:47:25,080 | 00:47:27,070 | Кундаліні жодним чином не підніметься.
464 | 00:47:27,150 | 00:47:35,000 | Тому ми наносимо сіндур на неї.
465 | 00:47:35,080 | 00:47:40,000 | Люди питають: «Мати, навіщо кумкум?»
466 | 00:47:40,080 | 00:47:42,000 | Особливо за кордоном кажуть: «Ви робите нас індуїстами!»
467 | 00:47:42,080 | 00:48:00,000 | Я кажу: «Я роблю вас християнами! Це кров Ісуса Христа –
468 | 00:48:00,080 | 00:48:09,710 | згадайте Його, щоб ваше его зникло, щоб ваші біди...»
469 | 00:48:09,790 | 00:48:14,000 | Бо саме Шрі Ґанеша, що захищає Його честь, сидячи на одному місці,
470 | 00:48:14,080 | 00:48:18,710 | піднявшись на Аґія чакру, відкриває там шлях і двері.
471 | 00:48:18,790 | 00:48:25,000 | Що робити для цієї чакри? Є багато шляхів.
472 | 00:48:25,950 | 00:48:37,000 | Впорядкуйте робочу діяльність. Хто занадто працює – отримує діабет, очі слабнуть.
473 | 00:48:37,080 | 00:48:43,510 | Впорядкуйте робочу систему. Працювати потрібно,
474 | 00:48:43,590 | 00:48:52,000 | але в суспільстві нерівновага – один вмирає від роботи, бідолаха –
475 | 00:48:52,080 | 00:49:00,000 | або зовсім молодим помирає, або серцевий напад – а інші лежать у повних лінощах.
476 | 00:49:00,080 | 00:49:05,000 | Цю нерівновагу Параматма не виправить – лише люди можуть, щоб усі працювали.
477 | 00:49:05,080 | 00:49:10,000 | Тому ця рівновага суспільства має прийти до людей,
478 | 00:49:10,080 | 00:49:13,000 | і людям слід розуміти, що від будь-якої крайності суспільство лише псується.
479 | 00:49:13,080 | 00:49:15,950 | Тому не варто допускати таких крайнощів – впорядкуйте свою робочу систему.
480 | 00:49:15,950 | 00:49:22,990 | Впорядкувати робочу систему означає – дайте час очам відпочити.
481 | 00:49:23,070 | 00:49:35,410 | У Сахаджа Йозі є багато засобів – як розслабити, як наповнити світлом та сонцем.
482 | 00:49:35,490 | 00:49:40,810 | Але спершу реалізація. Після цього – вправи для очей.
483 | 00:49:52,850 | 00:50:00,000 | І спостерігайте за своїм его – говоріть до нього:
484 | 00:50:00,080 | 00:50:12,750 | «Куди ти йдеш, пане? Про що думаєш? Що хочеш робити?»
485 | 00:50:12,830 | 00:50:18,950 | Так звертайтеся до себе як до учня.
486 | 00:50:19,030 | 00:50:25,030 | Таким чином тиск его на очі зменшується.
487 | 00:50:25,030 | 00:50:32,930 | Тепер інша сторона Аґія чакри – задня частина – це Махаґанеша.
488 | 00:50:33,010 | 00:50:40,000 | Коли Ґанеша стає Махаґанеша – тоді це царство Ісуса Христа.
489 | 00:50:40,080 | 00:50:52,330 | Під Його владою Рудри – Махаґанеша, Шаданана та інші – навколо Нього.
490 | 00:50:52,410 | 00:51:01,870 | Коли ви закриваєте очі і Кундаліні пробуджується – ви не можете бачити,
491 | 00:51:03,630 | 00:51:10,000 | бо ваші зіниці розширюються – «розширення зіниці» –
492 | 00:51:10,080 | 00:51:16,000 | і настає розслаблення зіниць, і це робота парасимпатичної нервової системи.
493 | 00:51:16,080 | 00:51:23,000 | Це ви можете бачити навіть після реалізації.
494 | 00:51:23,080 | 00:51:30,000 | А якщо Кундаліні ще не пронизала Брахмарандру – в такої людини зіниці розширюються...
495 | 00:51:32,910 | 00:51:50,000 | Але коли Кундаліні пронизує Брахмарандру – з'являється сяйво.
496 | 00:51:50,080 | 00:52:00,000 | Очі такої людини завжди сяють – навіть якщо постаріє.
497 | 00:52:00,080 | 00:52:02,890 | Так можна пізнати, чи людина отримала реалізацію.
498 | 00:52:02,970 | 00:52:08,000 | Очі ракшасів – як у кішки. Ви бачили очі кішки?
499 | 00:52:08,080 | 00:52:16,000 | Її біла ретина стає все меншою, а зіниця зменшується до повного зникнення.
500 | 00:52:16,210 | 00:52:24,000 | Якщо ракшас дозволить вам подивитися в його очі – хоча ракшаси дуже ховаються –
501 | 00:52:24,080 | 00:52:30,000 | але якщо подивитися в очі ґуру – побачите: їхні зіниці зникають, ховаються.
502 | 00:52:30,080 | 00:52:45,000 | Обертаються, як у кішки. Це ознака – бо там таттва Ісуса Христа не діє.
503 | 00:52:45,080 | 00:52:48,330 | Там огидні думки та маніпуляції. Вони бояться вас.
504 | 00:52:48,400 | 00:52:53,900 | Є також багато претатм, що бродять по світу, називаючи себе ґуру.
505 | 00:52:53,980 | 00:53:00,280 | Якщо їм надіти гірлянду – відкинуть, не дозволять торкнутися – настільки низькі. Потім їхнє коротке замикання відбувається.
506 | 00:53:00,360 | 00:53:06,140 | Це глибокі й тонкі речі – дізнаєтесь пізніше.
507 | 00:53:06,140 | 00:53:11,440 | Але повертаючись до Ісуса Христа –
508 | 00:53:11,520 | 00:53:20,000 | через медитацію на Нього, через Його вібрації, багато можна виправити.
509 | 00:53:20,080 | 00:53:25,000 | Але зображення Ісуса Христа – не Його справжній вигляд.
510 | 00:53:25,080 | 00:53:38,000 | Скрізь Його показують худим, виснаженим, як пацієнт з туберкульозом.
511 | 00:53:38,080 | 00:54:00,000 | Це абсурд! Художники самі хворі – тому малюють Його таким.
512 | 00:54:00,080 | 00:54:06,000 | Насправді Він був надзвичайно потужний, тезовитий, гарний, і сила була в Ньому,
513 | 00:54:06,080 | 00:54:12,000 | і Він був міцно збудований – не дуже високий, не дуже низький, а звичайної гарної статури.
514 | 00:54:12,080 | 00:54:30,400 | Людина, яка може підняти такий хрест і нести його – чи може бути виснаженою?
515 | 00:54:30,480 | 00:54:35,000 | Ті, хто малюють такі картини і поширюють фотографії по всьому світу,
516 | 00:54:35,080 | 00:54:38,940 | і люди думають – «О, який Ісус Христос!» – це Його пряме приниження.
517 | 00:54:39,020 | 00:54:43,000 | Лише один великий художник Рубенс –
518 | 00:54:43,080 | 00:54:47,600 | Я особисто відвідала його дім і бачила його знамениту картину «Вознесіння та Зішестя Христа» –
519 | 00:54:47,680 | 00:54:48,480 | він зобразив Ісуса Христа надзвичайно міцним, здоровим і дуже радісним.
520 | 00:54:48,560 | 00:54:54,340 | Бо сьогодні в усьому світі красивими вважають «скелетоподібних», високих дівчат.
521 | 00:54:54,420 | 00:55:05,940 | Побачити таких – нудно стає. На каблуках, ледь не падають – першу премію за красу.
522 | 00:55:06,020 | 00:55:13,120 | Тонкі як павутинки – діти кажуть: «Кого з павутиння принесли?»
523 | 00:55:13,200 | 00:55:15,110 | Але сучасні ідеї настільки перекручені –
524 | 00:55:15,190 | 00:55:18,260 | нам подобається дивитися на павутиння, бо ми самі заплутались.
525 | 00:55:18,340 | 00:55:33,760 | Раніше ідеал краси – подивіться на Мону Лізу, Леонардо да Вінчі.
526 | 00:55:33,840 | 00:55:38,260 | Мона Ліза – здорова, і в ній надзвичайно чиста, священна атмосфера.
527 | 00:55:38,340 | 00:55:40,900 | Увесь світ дивитися їде.
528 | 00:55:40,980 | 00:55:46,430 | Але коли дають премію – шестифутовим худим на каблуках.
529 | 00:55:46,510 | 00:55:54,600 | Людське уявлення про красу спотворилося.
530 | 00:55:54,680 | 00:56:00,000 | І для цього будуть старатися, і бігати, і ще щось робити.
531 | 00:56:00,080 | 00:56:06,000 | Насправді такі жінки – великий головний біль. Хто на таку потрапить – той знає.
532 | 00:56:06,080 | 00:56:16,000 | Ні солодкості в них немає, ні ніжності. Коли ми прийняли таких людей за ідеал – день і ніч тільки це.
533 | 00:56:17,060 | 00:56:26,270 | Такі збочені ідеї входять у нас, і від споглядання подібного
534 | 00:56:26,350 | 00:56:31,420 | наше відчуття краси настільки спотворюється,
535 | 00:56:31,500 | 00:56:37,100 | що на кожну жінку на кожній вулиці ми кидаємо нечисті погляди.
536 | 00:56:37,100 | 00:56:43,660 | Вам здається, що Матаджі говорить старомодні речі.
537 | 00:56:43,740 | 00:56:46,180 | Але це санатана, вічні речі.
538 | 00:56:46,260 | 00:56:50,180 | Ісус Христос 2000 років тому говорив: навіть поглянути з хіттю – великий гріх.
539 | 00:56:50,260 | 00:57:01,620 | Я кажу як Мати – це не принесе вам добра.
540 | 00:57:01,700 | 00:57:17,280 | Ісус Христос не зміг пояснити все, бо Його розіп'яли. Мене ви розіп'яти не зможете.
541 | 00:57:17,360 | 00:57:24,060 | І Я досить розумна, щоб це пояснити так, що ввійде вам у голову.
542 | 00:57:24,980 | 00:57:32,980 | Він не пояснив наслідки – тільки сказав: «Не робіть, це проти вашої сутності».
543 | 00:57:33,060 | 00:57:47,160 | А Я кажу: від цього очі стають нечистими, ви стаєте гіршими за тварин.
544 | 00:57:47,240 | 00:57:56,580 | Тому в Йоґа Шастрі сказано: «чітта врітті ніродха» –
545 | 00:57:56,660 | 00:58:03,280 | стримуйте чітта врітті, тримайте на правильному шляху.
546 | 00:58:03,360 | 00:58:08,130 | Ми люди йоґа бхумі – не егоїсти і не маємо ними бути.
547 | 00:58:08,210 | 00:58:15,400 | Хто хоче бути егоїстом – нехай емігрує до Англії.
548 | 00:58:15,480 | 00:58:26,000 | І одного дня ми досягнемо своєї Йоги.
549 | 00:58:26,080 | 00:58:39,000 | Коли дістанеться плід нашої пунья бхумі – увесь світ буде біля ваших стоп.
550 | 00:58:39,080 | 00:58:44,000 | Того дня дізнаються, де був Ісус Христос,
551 | 00:58:44,080 | 00:58:48,000 | і того дня дізнаються, де справді прийняли Ісуса Христа.
552 | 00:58:48,080 | 00:58:51,700 | І сьогодні в нашій Бхараті жінку дуже шанують, шанують жіночий рід,
553 | 00:58:51,780 | 00:58:56,000 | і досі матір визнають як матір, а сестру – як сестру.
554 | 00:58:56,080 | 00:59:08,000 | [Ісуса Христа] найбільше шанують і наслідують саме в цій країні, а не в тих країнах, що називають себе «християнські нації».
555 | 00:58:51,700 | 00:59:09,000 | Вам є ще багато що розповісти.
556 | 00:59:09,460 | 00:59:15,180 | Ви знаєте, Я казала, що п'ять сторінок книги написано про Ісуса Христа.
557 | 00:59:15,260 | 00:59:16,080 | Не знаю, скільки сторінок він надіслав –
558 | 00:59:16,160 | 00:59:21,680 | бо він був католиком за народженням, і тому мав багато роздумів на цю тему.
559 | 00:59:22,560 | 00:59:26,000 | І він сам раніше ходив кудись, щоб стати священником,
560 | 00:59:26,080 | 00:59:30,000 | і таким чином зробив велике дослідження.
561 | 00:59:30,080 | 00:59:31,080 | І коли він зрозумів, що Ісус Христос –
562 | 00:59:31,160 | 00:59:37,900 | Він в нас самих, Він всередині нас – і доки наше перенародження не відбудеться...
563 | 00:59:37,980 | 00:59:46,000 | Ісус Христос сказав, що друге народження відбувається через Кундаліні.
564 | 00:59:46,080 | 00:59:48,800 | І доки Кундаліні не пробудиться – ваше перенародження не може відбутися.
565 | 00:59:48,880 | 00:59:53,760 | Доки не відбудеться ваше друге народження – ви не пізнаєте Параматму.
566 | 00:59:53,840 | 00:59:55,560 | Читайте Біблію після реалізації –
567 | 00:59:55,640 | 01:00:01,940 | здивуєтесь, що в ній нічого, крім прославлення Сахаджа Йоґи.
568 | 01:00:06,520 | 01:00:14,480 | Те, що Ми кажемо – не всі можуть зрозуміти, бо не мають очей.
569 | 01:00:14,560 | 01:00:25,000 | «Я є шлях і Я є двері» – або «Я є двері, Я є брама» –
570 | 01:00:25,080 | 01:00:33,530 | двері, через які проходить шлях...
571 | 01:00:41,150 | 01:00:50,000 | Ті, хто як клоуни називають себе християнами – «хрещення дали»?
572 | 01:00:50,080 | 01:00:51,650 | Хрещення – це відкриття Сахасрари Кундаліні.
573 | 01:00:51,730 | 01:00:58,530 | Пробудження Кундаліні через Сахасрару – це і є хрещення – тобто останній етап роботи Кундаліні.
574 | 01:01:08,830 | 01:01:28,000 | Ті, хто дають хрещення в церкві – яке вони мають право?
575 | 01:01:28,090 | 01:01:33,000 | А ще вони почали благодійну роботу. «Давайте, братці, служити бідним.»
576 | 01:01:33,080 | 01:01:36,000 | Ви скажете: «Мати, це ж добре!» Добре – але це не Божа справа, це людська.
577 | 01:01:36,080 | 01:01:38,000 | [Вони кажуть:] «Ідіть і служіть бідним», а спершу створіть бідність, а потім служіть бідним.
578 | 01:01:38,080 | 01:01:40,000 | Завдання Параматми –
579 | 01:01:40,080 | 01:01:45,550 | привести вас до Його царства, з'єднати з Параматмою – наповнити вас радістю, красою, миром, процвітанням.
580 | 01:01:45,630 | 01:01:46,850 | А не те, що хтось краде, обманює, бреше, а потім каже «я бідний» і їздить по всьому світу – і ви йдете цілувати його стопи.
581 | 01:01:46,930 | 01:02:07,570 | Ця благодійна робота – це людська справа, соціальна робота. Але це не робота Параматми – не треба привласнювати.
582 | 01:02:07,650 | 01:02:13,010 | За Ісуса Христа ходили до аборигенів – «благодійна діяльність».
583 | 01:02:13,090 | 01:02:19,250 | Осла як не наряджай – християнином чи мусульманином – він залишиться ослом.
584 | 01:02:19,330 | 01:02:20,430 | Від зміни номера нічого не зміниться.
585 | 01:02:20,510 | 01:02:31,950 | Але нерозумні думають – від цього наша демократія зростає.
586 | 01:02:31,950 | 01:02:38,510 | Є один цікавий приклад – Юда,
587 | 01:02:38,590 | 01:02:49,170 | Марія Магдалина купила дуже дороге масло для Ісуса Христа.
588 | 01:02:49,250 | 01:03:02,410 | Юда сказав: «Навіщо витрачати? Продайте і роздайте бідним.» Ось вам благодійність!
589 | 01:03:02,490 | 01:03:08,230 | А потім саме він зрадив Ісуса Христа.
590 | 01:03:08,310 | 01:03:25,000 | Як у нас – хтось робить чорний ринок, а потім роздає хліб перед храмом.
591 | 01:03:25,080 | 01:03:33,000 | Тоді Ісус Христос відповів: «Бідні будуть завжди, а Я – на короткий час» –
592 | 01:03:33,080 | 01:03:44,070 | тобто божественне життя прийшло ненадовго – дивіться на нього, воно має значення. А бідні – це вічний головний біль.
593 | 01:03:44,150 | 01:03:53,690 | Для багатих Він казав: «Легше верблюдові пройти через вушко голки,
594 | 01:03:53,770 | 01:04:07,130 | ніж багатій людині увійти в Царство Боже.»
595 | 01:04:07,210 | 01:04:20,000 | Позбудьтесь обидвох крайнощів. І християни – на цій крайнощі, а якщо ні – то на тій.
596 | 01:04:20,080 | 01:04:30,130 | А ті, хто займаються благодійністю – будують місії, і люди, що через ці місії приходять – реалізації не отримують.
597 | 01:04:36,490 | 01:04:39,310 | Люди кажуть: «Мати, Ви зцілюєте людей,
598 | 01:04:39,390 | 01:04:43,750 | а ми нічого не робимо – вони самі зцілюються.»
599 | 01:04:43,830 | 01:04:48,830 | Ми пробуджуємо Кундаліні, люди зцілюються –
600 | 01:04:48,910 | 01:04:54,290 | ми не ходимо по лікарнях, не беремо двадцять п'ять хворих і не зцілюємо їх.
601 | 01:04:57,050 | 01:04:58,090 | Це відбувається само по собі,
602 | 01:04:58,170 | 01:05:07,670 | бо від любові, що тече зсередини нас – хтось зцілюється.
603 | 01:05:07,750 | 01:05:08,550 | Ісус Христос також зцілював людей – бо з Нього текла сила любові.
604 | 01:05:08,630 | 01:05:13,730 | Але Він не ходив прислуговувати комусь.
605 | 01:05:13,810 | 01:05:24,990 | Зрозумійте це. Ваше завдання – самореалізація. Після неї всі сили самі пробудяться.
606 | 01:05:25,070 | 01:05:31,770 | Ви зможете зцілювати – наші вже й рак зцілили.
607 | 01:05:31,770 | 01:05:41,730 | Ось зараз тут, та, що поклала Мені гірлянду – ця Деві зцілила п'ятдесят людей.
608 | 01:05:41,810 | 01:05:42,670 | Але зрозуміла – ці люди не шукають Бога.
609 | 01:05:42,750 | 01:05:53,190 | Вони згадують Бога тільки коли треба вилікувати хворобу.
610 | 01:05:53,270 | 01:05:57,000 | Навіщо Богу зцілювати такі тіла, що не є Божими світильниками?
611 | 01:05:59,110 | 01:06:03,000 | Чи ви лагодите такі світильники, що ні на що не годяться?
612 | 01:06:03,080 | 01:06:06,950 | Запалюють такі світильники, від яких увесь світ засяє.
613 | 01:06:07,030 | 01:06:13,750 | У Бога теж є розум – Він не такий, щоб ходити зцілювати нерозумних.
614 | 01:06:13,830 | 01:06:22,790 | Ті, в кому немає сили поширювати Боже світло і покращувати Божий шлях –
615 | 01:06:23,650 | 01:06:29,770 | таким людям Бог не хоче давати те, що вони не заслужили.
616 | 01:06:29,850 | 01:06:31,710 | Ті, хто вважають, що йдуть правильним шляхом –
617 | 01:06:31,790 | 01:06:36,170 | «ми великі філантропи, ми великі служителі країни» –
618 | 01:06:36,250 | 01:06:40,430 | ось щойно мені один зателефонував: «Я поїхав давати допомогу людям.»
619 | 01:06:40,510 | 01:06:48,770 | Я сказала – давайте там, це для вас.
620 | 01:06:48,850 | 01:06:55,000 | Потім інший каже – я поїхав лікувати очі. Робіть на здоров'я –
621 | 01:06:55,080 | 01:07:09,490 | що фізичну роботу робите, що для людей робите, соціальну роботу робите –
622 | 01:07:09,570 | 01:07:15,970 | але це не робота Параматми.
623 | 01:07:15,970 | 01:07:17,390 | Все прив'язують до Параматми –
624 | 01:07:17,470 | 01:07:47,290 | «Саїнатх біді», «Шарда мило», «Лакшмі чхап» – хіба це не знущання з Бога?
625 | 01:07:47,370 | 01:07:58,870 | «Мати, буде благо.» Яке благо – більше грошей? Ніколи.
626 | 01:07:58,950 | 01:07:59,650 | Ось уже й «Сакшат Лакшмі» хтось зробив [як бренд].
627 | 01:07:59,730 | 01:08:08,590 | Таких безліч справ людина робить – і все це є привласнення Божого імені.
628 | 01:08:08,670 | 01:08:10,170 | Ми з Ісусом Христом вчинили так само.
629 | 01:08:10,250 | 01:08:16,000 | Потрібно знати – Ісус Христос нікому не належить, нічиєю власністю не є.
630 | 01:08:16,080 | 01:08:22,000 | Він прийшов у цей світ для порятунку і добробуту всього людства, від Параматми.
631 | 01:08:22,080 | 01:08:28,850 | І цей Омкара-таттва приніс Себе в жертву – лише Він міг це зробити, ніхто інший.
632 | 01:08:28,930 | 01:08:34,250 | Тіло Ісуса Христа було з Пранави. Тому відбулося Його Воскресіння.
633 | 01:08:34,330 | 01:08:45,230 | Після Воскресіння учні повірили, отримали реалізацію.
634 | 01:08:45,310 | 01:08:52,170 | Але потім почали займатися різними справами,
635 | 01:08:52,250 | 01:08:59,010 | кричати про Ісуса Христа – і в них увійшли духи.
636 | 01:08:59,090 | 01:09:12,010 | Вони почали говорити всілякі речі – і записали це в Біблію.
637 | 01:09:12,090 | 01:09:17,250 | І тепер усі вважають, що входження духів – це благословення Духа Святого?
