1 | 00:00:01,300 | 00:00:11,106 | Тема, яку вам сьогодні представлено, дуже цікава та приваблива.
2 | 00:00:11,186 | 00:00:15,233 | Кундаліні та Ісус Христос,
3 | 00:00:15,313 | 00:00:25,275 | Господь Ісус Христос – для простих людей це дуже незвичайна річ.
4 | 00:00:25,355 | 00:00:34,300 | І такий зв'язок до цього часу ніхто ніколи не встановлював.
5 | 00:00:38,000 | 00:00:48,321 | Причина в тому, що на дереві Дхарми, коли розквітали квіти – вони розквітали
6 | 00:00:48,401 | 00:00:58,450 | в різних регіонах, різних країнах, на різних мовах, поширюючи свій аромат.
7 | 00:00:58,530 | 00:01:07,085 | Але який зв'язок між ними був – це може знати лише саме дерево.
8 | 00:01:07,165 | 00:01:10,424 | Де б вони не розквітали,
9 | 00:01:10,504 | 00:01:20,146 | де б їхній аромат не поширювався – тамтешні люди їх ніколи не приймали.
10 | 00:01:20,226 | 00:01:31,100 | Тоді як інші люди могли дізнатися чи зрозуміти, що ці квіти росли на одному дереві?
11 | 00:01:34,500 | 00:01:40,927 | Зараз Ми говоримо з того рівня, до якого вас ще не піднесено.
12 | 00:01:41,007 | 00:01:48,593 | Коли ви туди дістанетесь, тоді Наші слова стануть вам легко зрозумілими.
13 | 00:01:48,673 | 00:01:49,673 | Адже те,
14 | 00:01:49,753 | 00:01:57,866 | що Ми говоримо – правда це чи ні – у вас немає жодного способу це перевірити.
15 | 00:01:57,946 | 00:02:00,158 | Немає жодного доказу.
16 | 00:02:00,238 | 00:02:05,900 | Як ви дізнаєтесь, чи те, що Ми кажемо – правда чи неправда?
17 | 00:02:08,199 | 00:02:16,355 | Спосіб дізнатися такий: ви ще не пізнали свого власного значення.
18 | 00:02:16,435 | 00:02:22,583 | Ви ще не на тому рівні, де ви з'єднані з істиною.
19 | 00:02:22,663 | 00:02:29,438 | Тому чи щось є істинним чи хибним, чи це просто чутки,
20 | 00:02:29,518 | 00:02:34,662 | чи вигадка розуму – ви не можете сказати.
21 | 00:02:34,742 | 00:02:45,156 | Ті люди, яких ми називаємо «отримали реалізацію» – вони можуть повністю розпізнати,
22 | 00:02:45,236 | 00:02:49,125 | що є правдою, а що – неправдою.
23 | 00:02:49,205 | 00:02:57,737 | Бо з їхніх рук течуть вібрації – вчора ми тут проводили експеримент,
24 | 00:02:57,817 | 00:03:02,208 | і з рук багатьох людей почали текти
25 | 00:03:02,288 | 00:03:08,812 | ці вібрації – спираючись на це, ви можете зрозуміти,
26 | 00:03:08,892 | 00:03:14,200 | що те, про що Ми говоримо, є абсолютною істиною.
27 | 00:03:19,200 | 00:03:24,097 | Значення цього ті люди не можуть пояснити.
28 | 00:03:24,177 | 00:03:32,921 | Вони думають, що коли Бог з'явиться, то з Нього виходитимуть язики полум'я.
29 | 00:03:33,001 | 00:03:34,166 | Це не так.
30 | 00:03:34,246 | 00:03:40,309 | Значення таке: Ми будемо видимі для вас у Сахасрарі.
31 | 00:03:40,389 | 00:03:42,837 | Такий опис Сахасрари.
32 | 00:03:42,917 | 00:03:49,679 | Ісус Христос сказав, що ті, хто не проти Мене, ті зі Мною.
33 | 00:03:49,759 | 00:03:56,405 | Якщо ви запитаєте християн, хто ці люди – вони не знають.
34 | 00:03:56,485 | 00:04:01,032 | Вони ж вирішили, що Ісус Христос казав:
35 | 00:04:01,112 | 00:04:06,708 | «I am the path, I am the door» – «Я є шлях і Я є
36 | 00:04:06,788 | 00:04:09,702 | двері.» Але Він не казав:
37 | 00:04:09,782 | 00:04:17,477 | «I am the destination» – «Я є кінцева мета.» Цього Він не говорив.
38 | 00:04:17,557 | 00:04:26,301 | Якщо Він сказав «Я є шлях і Я є двері», тоді кінцева мета – це хтось інший.
39 | 00:04:26,381 | 00:04:36,175 | Навіть після того, як Він говорив такими глибокими мовами, злі люди того часу – лише
40 | 00:04:36,255 | 00:04:45,816 | чотири роки, всього чотири роки дали Йому прожити – за чотири роки розіп'яли Його.
41 | 00:04:45,896 | 00:04:53,941 | І навіть сьогодні ті, хто вважають себе Його послідовниками і кажуть,
42 | 00:04:54,021 | 00:05:02,532 | що дотримуються Його Дхарми – щодня приносять у жертву всі Його принципи.
43 | 00:05:02,612 | 00:05:08,675 | Як Я вам вчора казала – індуїсти так само нерозумні,
44 | 00:05:08,755 | 00:05:12,300 | стільки ж мусульмани, стільки ж християни.
45 | 00:05:12,300 | 00:05:17,397 | Якщо ви зможете прочитати Деві Бхаґаватам, то дізнаєтесь,
46 | 00:05:17,477 | 00:05:23,736 | що Шрі Радха створила Його Своєю силою волі, і назвала Його Махавішну.
47 | 00:05:23,816 | 00:05:27,840 | Він був створений у формі яйця з двох частин.
48 | 00:05:27,920 | 00:05:30,960 | Основа цього яйця – це Шрі Ґанеша.
49 | 00:05:31,040 | 00:05:35,153 | Шрі Ґанеша і є першоосновна сила Ісуса Христа.
50 | 00:05:35,233 | 00:05:40,330 | А інша частина яйця – це той, кого ми називаємо Шаданана,
51 | 00:05:40,410 | 00:05:43,987 | Шанмукханана, якого називають Картікейя.
52 | 00:05:44,067 | 00:05:48,985 | Прана, що є в цьому повному яйці – це і є Ісус Христос.
53 | 00:05:49,065 | 00:05:52,900 | Повна Брахма таттва, Омкара – це і є Ісус Христос.
54 | 00:05:52,900 | 00:05:57,602 | Все існування Кундаліні завдяки Йому, можна сказати.
55 | 00:05:57,682 | 00:06:00,847 | І Він сидить біля основи Кундаліні.
56 | 00:06:00,927 | 00:06:03,097 | Шрі Радха народила Його.
57 | 00:06:03,177 | 00:06:07,789 | Якщо ви прочитаєте Деві Пурану – дізнаєтесь про це.
58 | 00:06:07,869 | 00:06:13,566 | Але Маркандея Пурану хто з наших сучасних людей готовий читати?
59 | 00:06:13,646 | 00:06:18,258 | Такого провидця, як Маркандея, ви ніде не знайдете.
60 | 00:06:18,338 | 00:06:22,678 | Він описав найтонші речі Деві – яка ознака Деві,
61 | 00:06:22,758 | 00:06:27,370 | як Деві одягається, які Її уподобання, якою Вона є.
62 | 00:06:27,450 | 00:06:32,876 | Її поведінка, мова – все до найдрібніших деталей він описав.
63 | 00:06:32,956 | 00:06:36,400 | Іноді дуже дивуєшся, як він міг стільки знати.
64 | 00:06:36,400 | 00:06:43,213 | Але наші сучасні люди, що здобули англійську освіту, не готові визнати навіть те,
65 | 00:06:43,293 | 00:06:47,666 | що в світі існує щось під назвою Деві чи Деві Шакті.
66 | 00:06:47,746 | 00:06:50,605 | Хоча сьогодні англійці змінюються,
67 | 00:06:50,685 | 00:06:55,479 | наші індійці все ще намагаються бути більшими англійцями.
68 | 00:06:55,559 | 00:07:00,437 | Я часто кажу, що відколи англійці залишили свій tail coat,
69 | 00:07:00,517 | 00:07:03,400 | в Індії більше англійців, ніж в Англії.
70 | 00:07:06,500 | 00:07:14,607 | Маркандея Пурану, Мені здається, дуже мало хто з вас читав.
71 | 00:07:14,687 | 00:07:25,680 | Але якщо ви прочитаєте в ній опис Махавішну і помедитуєте на це – ви зрозумієте,
72 | 00:07:25,760 | 00:07:29,470 | що це повністю опис Христа.
73 | 00:07:29,550 | 00:07:38,619 | Шрі Радха Сама Своєю силою, яка є силою Махалакшмі, створила Його.
74 | 00:07:38,699 | 00:07:49,692 | І Його Мати, яка була Мері – не хто інша, просто зрозумійте – це Сама Шрі Радха.
75 | 00:07:49,772 | 00:07:53,757 | Сама Шрі Радха народила Його.
76 | 00:07:53,837 | 00:08:03,731 | «Радха» – «Ра» означає енергію, шакті, а «Дха» означає «та, що утримує».
77 | 00:08:03,811 | 00:08:08,208 | Та, що утримує шакті – це Радха.
78 | 00:08:08,288 | 00:08:11,500 | Радха – це форма Махалакшмі.
79 | 00:08:12,700 | 00:08:18,296 | Вона взяла Його до Себе і, давши Йому цю особливу форму, створила Христа.
80 | 00:08:18,376 | 00:08:22,669 | Тепер слово «Крайст» – воно також походить від «Крішна».
81 | 00:08:22,749 | 00:08:24,589 | Бо Його Батько – Крішна.
82 | 00:08:24,669 | 00:08:26,500 | Тому Його називають Крайст.
83 | 00:08:27,600 | 00:08:29,952 | Дуже варто це зрозуміти.
84 | 00:08:30,032 | 00:08:34,051 | І ім'я «Джізус» також було створено тому,
85 | 00:08:34,131 | 00:08:40,307 | що Радху осінила думка, що ім'я Яшоди досі ніде не згадувалося.
86 | 00:08:40,387 | 00:08:43,034 | Яшода – «та, що дає славу».
87 | 00:08:43,114 | 00:08:48,310 | Але якщо подивитися, Яшоду називають скорочено «Єшу».
88 | 00:08:48,390 | 00:08:55,154 | А в Уттар-Прадеші, якщо когось звуть «Яшода», його називають «Джасу».
89 | 00:08:55,234 | 00:08:58,763 | Саме це ім'я «Джасу» було дано Йому.
90 | 00:08:58,843 | 00:09:02,600 | Таким чином утворилося ім'я «Джізус Крайст».
91 | 00:09:05,200 | 00:09:10,645 | Тепер індуїстам здається, що Ісус Христос – значить Він наш.
92 | 00:09:10,725 | 00:09:13,175 | Але чи ви справді індуїсти?
93 | 00:09:13,255 | 00:09:15,161 | Ви навіть не індійці.
94 | 00:09:15,241 | 00:09:18,780 | А індуїзм не означає сваритися за щось.
95 | 00:09:18,860 | 00:09:22,944 | Індуїзм – це для тих, хто поклоняється Шакті.
96 | 00:09:23,024 | 00:09:30,285 | І ті, хто наповнені Шакті, хто має Шакті-санскари – тих слід вважати індуїстами.
97 | 00:09:30,365 | 00:09:36,446 | Ті, в кому Шакті ще не пробуджена – їх не варто вважати індуїстами.
98 | 00:09:36,526 | 00:09:39,430 | Таким чином ви можете зрозуміти,
99 | 00:09:39,510 | 00:09:45,500 | що Ісус Христос – це створений Шрі Радхою великий Аватар часів Вайкунтхи.
100 | 00:09:46,400 | 00:09:52,773 | Про Нього є такий опис – Радха Його створила.
101 | 00:09:52,853 | 00:09:58,660 | Потім Його було розділено на дві частини.
102 | 00:09:58,740 | 00:10:05,538 | Шрі Крішна дав Йому благословення одне за одним.
103 | 00:10:05,618 | 00:10:11,000 | Одне з них – що Ти будеш вище за Мене.
104 | 00:10:11,080 | 00:10:18,445 | Подивіться – Вішуддхі чакра тут, а Аґія чакра – тут.
105 | 00:10:18,525 | 00:10:23,198 | Але в мозку Вішуддхі чакра – тут.
106 | 00:10:23,278 | 00:10:29,509 | А з точки зору чакр, чакра Шрі Крішни – тут,
107 | 00:10:29,589 | 00:10:36,670 | а над нею – Аґія чакра, де перебуває Ісус Христос.
108 | 00:10:36,750 | 00:10:44,964 | Друге – Він сказав: «Ти будеш опорою всього світу.» Третє:
109 | 00:10:45,044 | 00:10:50,567 | «Те, що Я отримую в пуджі – шістнадцята
110 | 00:10:50,647 | 00:10:57,728 | частина першою буде дана Тобі.» Вірат, Шрі Крішна,
111 | 00:10:57,808 | 00:11:02,600 | дав Йому дозвіл втілитися в цьому світі.
112 | 00:11:02,600 | 00:11:11,923 | Коли Ісус Христос говорив про Свого Батька, Він говорив про Крішну, про Вірата.
113 | 00:11:12,003 | 00:11:16,251 | Він завжди говорив про Свого Батька,
114 | 00:11:16,331 | 00:11:22,822 | бо Його Батько не втілювався разом з Ним у цьому світі.
115 | 00:11:22,902 | 00:11:27,741 | Його Мати була Сама Махалакшмі, Адішакті.
116 | 00:11:27,821 | 00:11:31,125 | Її Він називав «Святий Дух».
117 | 00:11:31,205 | 00:11:37,106 | Але тоді Він не говорив про Святого Духа відкрито.
118 | 00:11:37,186 | 00:11:43,559 | Свою Матір як Святого Духа чи Деві Він не представляв,
119 | 00:11:43,639 | 00:11:50,400 | бо якщо б це зробив – ви знаєте – люди б ще більше ополчились.
120 | 00:11:50,400 | 00:11:54,938 | Ісус Христос має руйнівні сили.
121 | 00:11:55,018 | 00:11:59,556 | З ними Він може все розтрощити.
122 | 00:11:59,636 | 00:12:09,299 | Ісус Христос має одинадцять Рудр – тобто одинадцять руйнівних сил.
123 | 00:12:09,379 | 00:12:17,431 | Ці одинадцять руйнівних сил знаходяться на нашому чолі.
124 | 00:12:17,511 | 00:12:25,417 | Серед них одна – сила Ханумана, а інша – Бхаїравнатха.
125 | 00:12:25,497 | 00:12:31,207 | У Біблії їх називають Гавриїл і Михаїл.
126 | 00:12:31,287 | 00:12:42,414 | Навіть якщо ви звернетесь до них англійською – ви зможете пробудити ці сили.
127 | 00:12:42,494 | 00:12:54,646 | Коли ваша права сторона не працює і в ній проблеми – треба вимовляти ім'я Ханумана.
128 | 00:12:54,726 | 00:13:03,071 | А якщо скажете «Гавриїл» – ця сила також почне працювати.
129 | 00:13:03,151 | 00:13:12,374 | Ліва сторона працює силою Святого Михаїла або Шрі Бхаїравнатха.
130 | 00:13:12,454 | 00:13:18,100 | Їхньою мантрою проблеми Іда Наді усуваються.
131 | 00:13:18,100 | 00:13:27,459 | Ви можете перевірити, переконатися, що те, про що Ми говоримо – правда чи ні.
132 | 00:13:27,539 | 00:13:37,384 | Таким чином ви можете зрозуміти, що ті, хто вважають себе християнами, індуїстами
133 | 00:13:37,464 | 00:13:46,300 | чи мусульманами і сваряться між собою через дурниці – це великі нерозумні.
134 | 00:13:46,300 | 00:13:49,958 | Усі вони – родичі між собою.
135 | 00:13:50,038 | 00:13:55,525 | Просто наш зв'язок з ними не встановлений.
136 | 00:13:55,605 | 00:14:03,314 | Тому ми хапаємо кожного окремо – як зірвати квіти з дерева,
137 | 00:14:03,394 | 00:14:12,932 | забрати їхню життєву силу, і з цими мертвими квітами сваритися між собою.
138 | 00:14:13,012 | 00:14:22,419 | Більшість людей, які сьогодні діють у світі, несуть на собі печать его –
139 | 00:14:22,499 | 00:14:30,600 | бо ми здебільшого потрапляємо під вплив егоїстичних тенденцій.
140 | 00:14:30,680 | 00:14:40,348 | Саме его кудись нас штовхає, і все, що живить его – ми продовжуємо робити.
141 | 00:14:40,428 | 00:14:48,137 | Щоб приборкати це его, нам потрібно покликати Ісуса Христа.
142 | 00:14:48,217 | 00:14:59,061 | Там, де Я наношу сіндур кожному з вас – ви здивуєтесь – це саме чакра Ісуса Христа,
143 | 00:14:59,141 | 00:15:01,300 | і саме її Я пробуджую.
144 | 00:15:01,300 | 00:15:10,204 | Хрест – це символ, що показує: Бог дав Свого єдиного Сина цьому світу,
145 | 00:15:10,284 | 00:15:14,863 | а ви вбили Його, залили Його кров'ю.
146 | 00:15:14,943 | 00:15:19,904 | Це знак, через який ви маєте покаятися,
147 | 00:15:19,984 | 00:15:27,107 | засоромитися своєї дурості та злості, і подумати про це.
148 | 00:15:27,187 | 00:15:32,911 | Якщо ви прочитаєте Одкровення – там написано,
149 | 00:15:32,991 | 00:15:43,040 | що на тих людях буде ця позначка, і коли Він прийде верхи на білому коні з цими
150 | 00:15:43,120 | 00:15:50,625 | одинадцятьма Рудрами – Калькі – ім'я Його не буде написано,
151 | 00:15:50,705 | 00:16:00,245 | лише Він Сам знатиме його – тоді Він побачить, чия позначка на вашому чолі.
152 | 00:16:00,325 | 00:16:05,158 | За цією позначкою Він впізнає, хто ви.
153 | 00:16:05,238 | 00:16:14,700 | Навіть у Сахаджа Йозі є Мій опис – як відбуватиметься Сахаджа Йоґа і яким чином.
154 | 00:16:14,700 | 00:16:15,881 | Так само,
155 | 00:16:15,961 | 00:16:26,068 | як Мухаммад Сахіб дуже детально пояснював пробудження Кундаліні і позбавлення
156 | 00:16:26,148 | 00:16:36,124 | від злих сил, так само Ісус Христос дуже просто пояснив, що є зброєю людини.
157 | 00:16:36,204 | 00:16:41,717 | Прощення – насправді це дуже велика зброя,
158 | 00:16:41,797 | 00:16:48,491 | завдяки якій людина може врятуватися від свого его.
159 | 00:16:48,571 | 00:16:55,790 | Наприклад, хтось завдав вам великого болю, образив вас,
160 | 00:16:55,870 | 00:17:02,695 | зробив вам шкоду – тоді ваше его від цього страждає.
161 | 00:17:02,775 | 00:17:13,145 | Якщо в той момент ви будете тримати в серці будь-які почуття проти нього і весь
162 | 00:17:13,225 | 00:17:23,857 | час думати: «Ця людина так зі мною вчинила» – від таких непотрібних думок ви дуже
163 | 00:17:23,937 | 00:17:33,782 | страждатимете, і весь час ця людина буде керувати вами, хоча вона, можливо,
164 | 00:17:33,862 | 00:17:43,700 | давно забула про це – але ви, згадуючи це знову і знову, продовжуєте себе мучити.
165 | 00:17:43,700 | 00:17:49,267 | Неправда, що ми щось робимо, коли прощаємо.
166 | 00:17:49,347 | 00:17:51,030 | Що ми робимо?
167 | 00:17:51,110 | 00:17:56,418 | Що ви зробили, коли сказали «я пробачив»?
168 | 00:17:56,498 | 00:17:58,828 | Нічого не зробили!
169 | 00:17:58,908 | 00:18:06,806 | Ви врятували себе від страждання іншої людини і від її думок.
170 | 00:18:06,886 | 00:18:16,338 | Доки ви думаєте про болісні вчинки тієї людини – Ісус Христос має великий
171 | 00:18:16,418 | 00:18:25,222 | інструмент – Він має ті сили, про які Я вам казала, одинадцять Рудр.
172 | 00:18:25,302 | 00:18:29,315 | Але Він повісив Себе на хресті.
173 | 00:18:29,395 | 00:18:30,395 | Навіщо?
174 | 00:18:30,475 | 00:18:35,654 | Маючи всі ці сили, Він міг знищити всіх.
175 | 00:18:35,734 | 00:18:43,243 | І де з Ним Адішакті – але вони самі грають, не страждають.
176 | 00:18:43,323 | 00:18:47,207 | Для Них все це – гра, вистава.
177 | 00:18:47,287 | 00:18:54,537 | Він просто грає і, прийшовши в цей світ, пішов на хрест,
178 | 00:18:54,617 | 00:19:01,738 | показуючи, які великі дурні ті люди, що розіп'яли Його.
179 | 00:19:01,818 | 00:19:11,100 | Так само Він їздив на віслюку – це означає, що Його «їзда» завжди була на дурнях.
180 | 00:19:14,800 | 00:19:21,482 | Практичне значення цього таке: коли у вас сильний головний біль,
181 | 00:19:21,562 | 00:19:29,079 | багато страждань – скажіть: «Я пробачив усіх.» Не приймайте жодних ліків
182 | 00:19:29,159 | 00:19:34,588 | – просто скажіть: «Усіх людей у світі, хто нас мучив
183 | 00:19:34,668 | 00:19:42,916 | чи хто ще мучитиме – усіх ми пробачили.» І побачите – ваш головний біль зникне.
184 | 00:19:42,996 | 00:19:51,661 | Особливо для сахаджа йоґів, які пробуджені цією Кундаліні Шакті – для них це працює
185 | 00:19:51,741 | 00:19:59,800 | миттєво, бо у вашому нутрі Ісус Христос, який є формою прощення, вже пробуджений.
186 | 00:19:59,800 | 00:20:04,636 | Тепер подивіться – Його місце на Аґія чакрі.
187 | 00:20:04,716 | 00:20:13,729 | Аґія чакра в нас – це оптичний хіазм, де нерви обох очей перетинаються – саме там,
188 | 00:20:13,809 | 00:20:21,833 | посередині, є дуже тонкий прохід, такий тонкий, що лікарі не бачать його.
189 | 00:20:21,913 | 00:20:24,880 | Але там є дуже тонкі двері.
190 | 00:20:24,960 | 00:20:32,324 | Тому Він казав: «I am the door.» Ці двері такі вузькі, що для того,
191 | 00:20:32,404 | 00:20:41,307 | щоб через них пройти, Ісусу Христу довелося прийти в цей світ і пройти через них.
192 | 00:20:41,387 | 00:20:47,212 | Через наш егоїзм ми вбили Його, бо не могли стерпіти,
193 | 00:20:47,292 | 00:20:51,139 | що якась людина може прийти як Бог.
194 | 00:20:51,219 | 00:20:53,197 | І тому Його вбили.
195 | 00:20:53,277 | 00:20:55,805 | Який злочин Він вчинив?
196 | 00:20:55,885 | 00:20:58,633 | Він зцілив стільки людей.
197 | 00:20:58,713 | 00:21:00,911 | Навчав добрих речей.
198 | 00:21:00,991 | 00:21:04,728 | Вчив жити впорядковано, культурно.
199 | 00:21:04,808 | 00:21:09,600 | Він говорив мовою любові – а ми з ненавистю і злістю.
200 | 00:21:09,600 | 00:21:13,176 | Але ті, хто вчать вас поганих речей,
201 | 00:21:13,256 | 00:21:19,316 | хто прив'язує вас до гріховних вчинків і каже: «Робіть погані
202 | 00:21:19,396 | 00:21:27,045 | речі – чим більше, тим краще» – таких обманщиків ми щодня читаємо їхні книги,
203 | 00:21:27,125 | 00:21:29,211 | ходимо до їхніх стіп.
204 | 00:21:29,291 | 00:21:34,655 | Подивіться на сучасних «ґуру» – один за одного шахраї.
205 | 00:21:34,735 | 00:21:40,000 | Для них ми витрачаємо гроші, для них робимо все на світі.
206 | 00:21:40,000 | 00:21:43,036 | Щоб людина могла себе пізнати,
207 | 00:21:43,116 | 00:21:48,683 | Бог послав у цей світ Свого Сина – а ви Його розіп'яли.
208 | 00:21:48,763 | 00:21:51,293 | Ось зразок вашого розуму.
209 | 00:21:51,373 | 00:21:55,219 | І так ви чините щоразу – кожного разу,
210 | 00:21:55,299 | 00:22:00,056 | коли приходило втілення, людина робила те саме.
211 | 00:22:00,136 | 00:22:04,800 | Завжди тікала від істини і тікала від справжнього.
212 | 00:22:04,800 | 00:22:10,350 | Сьогодні Я чую – люди дуже їздять до Ширді.
213 | 00:22:10,430 | 00:22:19,465 | Хоча Саї Натх вже пішов звідти, там таке забруднення – але люди їдуть.
214 | 00:22:19,545 | 00:22:25,353 | Їдуть тому, що Саї Натх уже не присутній там.
215 | 00:22:25,433 | 00:22:31,758 | Коли Він був у Ширді, Йому навіть не давали їсти.
216 | 00:22:31,838 | 00:22:36,872 | А тепер усі їдуть – бо помер, то добре.
217 | 00:22:36,952 | 00:22:41,469 | Ось у тій же дурості людина біжить.
218 | 00:22:41,549 | 00:22:51,230 | Те, що є реальним, що стоїть перед вами як доказ – від цього відвертається,
219 | 00:22:51,310 | 00:22:55,400 | а за тим, що мертве – за тим біжить.
220 | 00:23:14,200 | 00:23:20,503 | Як Г'янешвара Джі – Я розповідала вам – для Нього побудували величезний храм.
221 | 00:23:20,583 | 00:23:25,167 | Ми сказали: «Дайте нам помедитувати.» Вони сказали: «Ні,
222 | 00:23:25,247 | 00:23:30,077 | тут робіть діндій, танцюйте.» Я сказала: «А що вони робили?
223 | 00:23:30,157 | 00:23:35,396 | Ось мурті перед вами – що вони робили?» Кажуть: «Це їхня справа,
224 | 00:23:35,476 | 00:23:41,861 | вони були особливі.» Я сказала: «А ви для чого народилися – тільки для діндій?
225 | 00:23:41,941 | 00:23:46,034 | Для медитації вони казали, для пізнання Параматми.
226 | 00:23:46,114 | 00:23:50,862 | Авідья – головна причина – у вас немає світла – це робіть.
227 | 00:23:50,942 | 00:23:57,082 | Тоді чому не робите?» «Ні, Матаджі, Ви праві, але це неможливо.» Я сказала:
228 | 00:23:57,162 | 00:24:02,974 | «Якби вони були тут – ми б з ними говорили, а з вами – де нам діватися?
229 | 00:24:03,054 | 00:24:08,457 | Вам вони не дали медитувати.» То чому людина тримається за мертве?
230 | 00:24:08,537 | 00:24:12,900 | Через его – бо від цього его роздувається: «Ми учні такого-то.»
231 | 00:24:15,500 | 00:24:24,315 | Але те, що стоїть перед вами як живий доказ – якщо ви його не приймете,
232 | 00:24:24,395 | 00:24:27,499 | як наповниться ваша душа?
233 | 00:24:27,579 | 00:24:32,669 | Подумайте іноді про свій власний інтерес.
234 | 00:24:32,749 | 00:24:40,571 | Ґанґа тече тут – а ви пішли набирати воду туди, де Ґанґи немає.
235 | 00:24:40,651 | 00:24:45,300 | Те, що є реальним доказом – прийміть це.
236 | 00:24:47,500 | 00:24:53,420 | Така сама ситуація була і за часів Ісуса Христа.
237 | 00:24:53,500 | 00:25:03,491 | Він робив численні пробудження Кундаліні, але був такий невдалий – дав реалізацію
238 | 00:25:03,571 | 00:25:12,945 | лише двадцяти одній людині, хоча в Сахаджа Йозі тисячі отримують реалізацію.
239 | 00:25:13,025 | 00:25:21,906 | Він міг би давати тисячам, але навіть Його учні були нікуди не годилися.
240 | 00:25:21,986 | 00:25:29,140 | Вони думали, що Він все робитиме за них – «Зцілюй і цього,
241 | 00:25:29,220 | 00:25:33,167 | і того.» А Він сказав: «Досить!»
242 | 00:25:33,247 | 00:25:39,907 | Коли побачили, як Він ходить по воді – бо Він Пранава,
243 | 00:25:39,987 | 00:25:43,500 | Омкара – навіть тоді не повірили.
244 | 00:25:43,500 | 00:25:48,777 | Подивіться – у той час було лише дванадцять рибалок, яких ледве знайшли.
245 | 00:25:48,857 | 00:25:52,595 | Якщо рибалкам пояснювати Кундаліні – як це можливо?
246 | 00:25:52,675 | 00:25:56,400 | Тоді ви розумієте, з ким Йому доводилося мати справу.
247 | 00:25:56,400 | 00:26:02,285 | Сьогодні люди стали надто розумними, а тоді це були люди низького
248 | 00:26:02,365 | 00:26:08,522 | рівня – їм щось пояснював, розповідав – але вони не могли зрозуміти.
249 | 00:26:08,602 | 00:26:11,771 | Вони хотіли одного: «Зціліть цього,
250 | 00:26:11,851 | 00:26:18,913 | зціліть того.» Як і в нашій Сахаджа Йозі – хтось отримав реалізацію, і одразу:
251 | 00:26:18,993 | 00:26:26,055 | «Мамо, у мого зятя ось це – зціліть його.» А потім список усіх хворих в селі –
252 | 00:26:26,135 | 00:26:29,485 | бо стали «агентами», агентство взяли.
253 | 00:26:29,565 | 00:26:30,900 | Це все проблеми его.
254 | 00:26:30,900 | 00:26:33,043 | Его дуже тонке.
255 | 00:26:33,123 | 00:26:39,838 | Другий спосіб – боротися з его – теж не працює.
256 | 00:26:39,918 | 00:26:43,776 | Від боротьби его не зникає.
257 | 00:26:43,856 | 00:26:49,285 | Справжній Аханкар – це Аханкар Вірата.
258 | 00:26:49,365 | 00:26:52,651 | А ваш аханкар – хибний.
259 | 00:26:52,731 | 00:26:54,588 | Що ви робите?
260 | 00:26:54,668 | 00:26:56,811 | Запитайте себе.
261 | 00:26:56,891 | 00:27:06,464 | Якась мертва річ – ви надали їй іншу форму – хіба це велика справа?
262 | 00:27:06,544 | 00:27:11,545 | Чи можете ви з квітки зробити плід?
263 | 00:27:11,625 | 00:27:14,768 | Спершу запитайте себе.
264 | 00:27:14,848 | 00:27:21,563 | Цей ніс, це красиве тіло – як ви його отримали?
265 | 00:27:21,643 | 00:27:27,501 | З амеби ви стали людиною – як це сталося?
266 | 00:27:27,581 | 00:27:35,200 | З якою красою, і ви навіть не помітили – ви все це отримали.
267 | 00:27:35,200 | 00:27:39,537 | Безмежна, нескінченна милість Параматми,
268 | 00:27:39,617 | 00:27:48,508 | що Він створив вас і дав вам людське тіло – що людина може Йому дати, крім подяки?
269 | 00:27:48,588 | 00:27:49,672 | Крім шани?
270 | 00:27:49,752 | 00:27:52,571 | Що ви взагалі робили досі?
271 | 00:27:52,651 | 00:27:54,819 | Що великого зробили?
272 | 00:27:54,899 | 00:27:57,609 | Якесь неживе перетворили.
273 | 00:27:57,689 | 00:28:03,760 | Але фундаментальну життєву силу людина створити не може.
274 | 00:28:03,840 | 00:28:07,526 | Дістались до Місяця – скільки его!
275 | 00:28:07,606 | 00:28:13,786 | А Той, хто створив тисячі планет – перед Ним що ваше его?
276 | 00:28:13,866 | 00:28:15,492 | Ваше его хибне.
277 | 00:28:15,572 | 00:28:18,499 | А Його Аханкар – справжній.
278 | 00:28:18,579 | 00:28:22,800 | «Аханкар» означає «Я є» – і це лише Він робить.
279 | 00:28:22,800 | 00:28:32,322 | Я іноді жартома розповідаю – якось мандрівники в літаку взяли багаж на голову.
280 | 00:28:32,402 | 00:28:37,041 | Їх запитали: «Навіщо?» Вони відповіли:
281 | 00:28:37,121 | 00:28:44,812 | «Ми хочемо полегшити літаку тягар.» Так само ваше его – абсурд.
282 | 00:28:44,892 | 00:28:47,333 | Ви нічого не робите.
283 | 00:28:47,413 | 00:28:51,563 | Все робить Вірат – дозвольте Йому.
284 | 00:28:51,643 | 00:28:53,962 | Він є тим, хто діє.
285 | 00:28:54,042 | 00:28:57,460 | А ви – лише Його інструмент.
286 | 00:28:57,540 | 00:29:03,766 | Як цей мікрофон переді Мною – він нічого не робить.
287 | 00:29:03,846 | 00:29:08,485 | Я говорю, а він лише стоїть як свідок.
288 | 00:29:08,565 | 00:29:13,326 | Так само і ви є інструментом Параматми.
289 | 00:29:13,406 | 00:29:15,359 | Він вас створив.
290 | 00:29:15,439 | 00:29:22,500 | Дозвольте Його шакті текти через вас і знайдіть своє призначення.
291 | 00:29:22,500 | 00:29:28,809 | Для цього – на цій чакрі, яка є найважчою чакрою,
292 | 00:29:28,889 | 00:29:38,546 | де найтонший елемент Омкари, Пранави – саме тут Він втілився в цьому світі.
293 | 00:29:38,626 | 00:29:42,489 | І саме тут – Шрі Ісус Христос.
294 | 00:29:42,569 | 00:29:50,424 | Зв'язок Кундаліні з Ним – як зв'язок місяця з місячним сяйвом
295 | 00:29:50,504 | 00:29:53,980 | або сонця з його променями.
296 | 00:29:54,060 | 00:29:59,200 | Кундаліні Своєю шакті, Ґаурі – Своєю шакті.
297 | 00:30:00,400 | 00:30:03,902 | Тоді народився Ісус Христос.
298 | 00:30:03,982 | 00:30:12,113 | Люди в Англії сперечаються – як Його народження могло бути таким,
299 | 00:30:12,193 | 00:30:16,946 | що вони називають «divine conception»?
300 | 00:30:17,026 | 00:30:21,404 | Я кажу – скільки ці люди розуміють?
301 | 00:30:21,484 | 00:30:28,614 | Хіба вони замислювалися, як проростає паросток у насінні?
302 | 00:30:28,694 | 00:30:30,445 | Як ви дихаєте?
303 | 00:30:30,525 | 00:30:32,401 | Як працює тіло?
304 | 00:30:32,481 | 00:30:36,609 | Звідки приходить енергія у мозок?
305 | 00:30:36,689 | 00:30:39,816 | Як ви прийшли в цей світ?
306 | 00:30:39,896 | 00:30:46,525 | Ви кажете, що Земля має гравітацію – але звідки вона?
307 | 00:30:46,605 | 00:30:47,855 | Подумайте.
308 | 00:30:47,935 | 00:30:57,317 | Як маленькі діти вважають себе Шіваджі – так само Мені здається дитинністю,
309 | 00:30:57,397 | 00:31:03,526 | що людина думає: ця сила в нас – це ілюзія, майя.
310 | 00:31:03,606 | 00:31:07,200 | Цей великий обман – ви ще не пізнали.
311 | 00:31:07,200 | 00:31:09,954 | Цей обман потрібно розбити.
312 | 00:31:10,034 | 00:31:16,563 | Доки він не розсіється – ви сидітимете, вважаючи його за істину.
313 | 00:31:16,643 | 00:31:24,396 | І цей великий обман – що ви самі все робите – його потрібно було зруйнувати.
314 | 00:31:24,476 | 00:31:30,291 | Для цього потрібно було принести людське тіло у цей світ.
315 | 00:31:30,371 | 00:31:38,838 | Бо кожного разу, коли живі істоти робили спроби еволюціонувати – приходили Аватари.
316 | 00:31:38,918 | 00:31:44,018 | Шрі Вішну приходив як Шрі Рама, блукаючи по лісах,
317 | 00:31:44,098 | 00:31:51,035 | щоб принести новий вимір у свідомість – яким має бути ідеальний цар.
318 | 00:31:51,115 | 00:31:54,277 | Він розіграв таку велику драму.
319 | 00:31:54,357 | 00:31:56,397 | Так само Шрі Крішна.
320 | 00:31:56,477 | 00:31:58,925 | Так само і Ісус Христос.
321 | 00:31:59,005 | 00:32:06,554 | Але якщо подивитися на все Його життя – одне стає очевидним: ваша дурість.
322 | 00:32:06,634 | 00:32:12,900 | Ваша велика нерозумність, через яку ви розіп'яли таку велику сутність.
323 | 00:32:15,900 | 00:32:20,103 | Ця дурість проявилась яскраво.
324 | 00:32:20,183 | 00:32:29,150 | Настільки жахлива, що тоді було сказано: «Або злодія, або Його.»
325 | 00:32:29,230 | 00:32:40,719 | І ці «розумні» люди сказали: «Дайте Ісуса Христа.» Ви знаєте, в якій біді ці люди.
326 | 00:32:40,799 | 00:32:51,307 | Який великий гріх вони вчинили – від початку часів він не може бути змитий.
327 | 00:32:51,387 | 00:33:02,700 | І досі в тому ж его люди перебувають, думають – те, що зробили, був великий подвиг.
328 | 00:33:02,700 | 00:33:08,820 | Навіть зараз, якщо вони попросять прощення у Параматми – що ваш великий
329 | 00:33:08,900 | 00:33:15,279 | принцип ми знищили, Господи, пробач нас – тоді ще можна отримати прощення.
330 | 00:33:15,359 | 00:33:19,496 | Але для людини просити прощення – це дуже важко.
331 | 00:33:19,576 | 00:33:23,196 | Людина продовжує чинити одне зло за іншим.
332 | 00:33:23,276 | 00:33:28,103 | Хто в цьому світі може сказати, що люди шанували святих?
333 | 00:33:28,183 | 00:33:32,062 | Подивіться на Нанака Сахіба – як Його мучили.
334 | 00:33:32,142 | 00:33:34,642 | На Кабіра – як переслідували.
335 | 00:33:34,722 | 00:33:39,118 | Жоден великий не пішов з цього світу без страждань.
336 | 00:33:39,198 | 00:33:40,200 | І мучили Його люди.
337 | 00:33:40,200 | 00:33:43,016 | Але тепер світ змінився.
338 | 00:33:43,096 | 00:33:46,851 | Я кажу вам – почалася Сатья Юґа.
339 | 00:33:46,931 | 00:33:53,621 | Спробуйте – ви не зможете заподіяти біль жодному святому.
340 | 00:33:53,701 | 00:33:55,344 | Бо вже досить.
341 | 00:33:55,424 | 00:33:57,184 | Причина в тому,
342 | 00:33:57,264 | 00:34:06,888 | що Ісус Христос випустив у світ велику силу – Його Екадаша Рудри тепер активовані.
343 | 00:34:06,968 | 00:34:13,071 | І кожен, хто спробує мучити святого – буде знищений.
344 | 00:34:13,151 | 00:34:16,554 | Мучити святих – великий гріх.
345 | 00:34:16,634 | 00:34:19,450 | Це ви повинні зрозуміти.
346 | 00:34:19,530 | 00:34:27,500 | І з прикладу Ісуса Христа запам'ятати – цю дурість ми більше не повторимо.
347 | 00:34:27,500 | 00:34:47,408 | Будь-хто може назвати себе аватаром – не треба одразу вірити.
348 | 00:34:47,488 | 00:35:04,133 | В шастрах написані ознаки – їх потрібно перевірити.
349 | 00:35:04,213 | 00:35:26,900 | Скажіть йому пройтися по воді, зупинити бурю – якщо зможе, тоді вірте.
350 | 00:35:26,900 | 00:35:36,040 | Найбільше, чому нас навчає Його життя – як залишатися чистим.
351 | 00:35:36,120 | 00:35:47,957 | Ісус Христос ніколи не змінював Свою професію, ніде не оголошував себе аскетом.
352 | 00:35:48,037 | 00:35:52,232 | Він навіть ходив на весілля.
353 | 00:35:52,312 | 00:36:00,103 | На весіллі написано, що Він перетворив воду на вино.
354 | 00:36:00,183 | 00:36:06,776 | Люди вхопилися – мовляв, Він робив алкоголь!
355 | 00:36:06,856 | 00:36:18,693 | «Вино» – навіть зараз в Ізраїлі, мовою іврит – це виноградний сік, не алкоголь.
356 | 00:36:18,773 | 00:36:25,366 | Це потім комусь спало на думку ферментувати.
357 | 00:36:25,446 | 00:36:32,638 | Якщо прочитаєте життя Мойсея – Він чітко сказав,
358 | 00:36:32,718 | 00:36:40,360 | що алкоголь та наркотики людина не повинна вживати.
359 | 00:36:40,440 | 00:36:45,834 | Бо Мойсей був одним із великих Ґуру.
360 | 00:36:45,914 | 00:36:54,455 | Всі ці Ґуру – Авраам чи Сократ – усі заборонили алкоголь.
361 | 00:36:54,535 | 00:36:59,629 | Їхнє завдання – встановити Дхарму.
362 | 00:36:59,709 | 00:37:02,500 | Тому заборонили алкоголь.
363 | 00:37:02,500 | 00:37:04,651 | А чиє завдання інше –
364 | 00:37:04,731 | 00:37:11,799 | як завдання Ісуса Христа – відкрити вашу Аґія чакру і зруйнувати его.
365 | 00:37:11,879 | 00:37:18,230 | Моє завдання – пробудити Кундаліні і провести через Сахасрару.
366 | 00:37:18,310 | 00:37:26,197 | Це завдання цілісності, тому Мені доводиться говорити про кожного – про Ісуса
367 | 00:37:26,277 | 00:37:33,959 | Христа, Нанака, Джанаку, Раму, Крішну, Шіву – бо всі їхні сили діють у вас.
368 | 00:37:34,039 | 00:37:36,100 | Сьогодні час цілісності.
369 | 00:37:36,100 | 00:37:44,854 | Подивіться – Сахаджа Йоґа поширюється поступово в містах,
370 | 00:37:44,934 | 00:37:50,616 | бо пізнати істину не під силу людині.
371 | 00:37:50,696 | 00:37:54,228 | Ми бачили це з історії.
372 | 00:37:54,308 | 00:38:01,373 | Сьогодні людина більш розсіяна, ніж будь-коли.
373 | 00:38:01,453 | 00:38:08,200 | Тому сказано, що саме в Калі Юзі це станеться.
374 | 00:38:08,200 | 00:38:16,366 | В «Нала-Дамаянті Акхьяні» описано – Нала зловив Калі,
375 | 00:38:16,446 | 00:38:25,536 | і Калі сказав: «Хочеш вбити – вбий, але вислухай мою велич.
376 | 00:38:25,616 | 00:38:37,942 | У мене є заслуга: ті, хто медитує в печерах – у Калі Юзі будуть сімейними людьми
377 | 00:38:38,022 | 00:38:44,100 | і отримають реалізацію.» Це Сахаджа Йоґа.
378 | 00:38:44,100 | 00:38:52,536 | У Біблії це називається «Last Judgement» – «Суд Істини».
379 | 00:38:52,616 | 00:39:02,710 | У Сахаджа Йозі саме це відбувається – ваш суд, чи ви на тому рівні.
380 | 00:39:02,790 | 00:39:07,159 | Але потрібно стабілізуватися.
381 | 00:39:07,239 | 00:39:19,140 | Як з велосипедом – спочатку хитаєтесь, а коли стабілізувалися – їдете впевнено.
382 | 00:39:19,220 | 00:39:22,835 | Це вам самим вирішувати.
383 | 00:39:22,915 | 00:39:29,900 | Коли стабілізуєтеся – Нірвікальпа встановлюється.
384 | 00:39:29,900 | 00:39:47,136 | Коли Кундаліні піднімається вище Аґія чакри – ми потрапляємо в стан Нірвічари,
385 | 00:39:47,216 | 00:39:56,497 | у «Царство Боже» – лімбічну ділянку мозку.
386 | 00:39:56,577 | 00:40:05,637 | Там перебувають усі сім чакр та підчакри.
387 | 00:40:05,717 | 00:40:19,400 | Доки людина не досягне цього стану – Нірвічара не встановиться.
388 | 00:40:19,400 | 00:40:24,474 | Найбільша причина проблем з Аґія чакрою – очі.
389 | 00:40:24,554 | 00:40:28,083 | Людина повинна дуже берегти очі.
390 | 00:40:28,163 | 00:40:30,700 | Це надзвичайно важливо.
391 | 00:40:30,780 | 00:40:34,640 | Друга причина – куди схиляєте чоло.
392 | 00:40:34,720 | 00:40:42,220 | Тому Ісус Христос казав: «Не схиляйте чоло перед ніким.» Бо хто зна,
393 | 00:40:42,300 | 00:40:46,601 | перед ким ви віддасте все напрацьоване.
394 | 00:40:46,681 | 00:40:48,300 | Тому Він забороняв.
395 | 00:40:48,300 | 00:40:59,211 | Я в Сахаджа Йозі завжди кажу: «Поки Я вам нічого не дала – навіщо до Моїх стіп?»
396 | 00:40:59,291 | 00:41:05,974 | Але в Магараштрі – велика хвороба «брати даршан».
397 | 00:41:06,054 | 00:41:16,283 | Ми поїхали в село – п'ятсот людей – Я сказала: «Не треба.» Всі засмутилися.
398 | 00:41:16,363 | 00:41:24,955 | Я кажу – схиляйте чоло лише перед справжнім представником Бога.
399 | 00:41:25,035 | 00:41:28,400 | Перед шарлатанами не варто.
400 | 00:41:29,100 | 00:41:32,579 | Це дуже важливо.
401 | 00:41:32,659 | 00:41:47,229 | Як тільки схилите чоло в неправильному місці – Аґія чакра псується.
402 | 00:41:47,309 | 00:42:05,200 | Якщо схилялися перед хибним ґуру – Аґія чакра зіпсується, і від цього хвороби очей.
403 | 00:42:05,200 | 00:42:20,791 | Головний принцип Аґія чакри – читати лише чисте, священне.
404 | 00:42:20,871 | 00:42:24,365 | Нечисте – ні.
405 | 00:42:24,445 | 00:42:41,649 | Люди кажуть: «Наша робота така.» Але від нечистого очі псуються.
406 | 00:42:41,729 | 00:42:50,900 | Від погляду на поганих людей – теж.
407 | 00:42:50,900 | 00:43:10,779 | Багато людей мають неспокійний погляд – очі постійно бігають.
408 | 00:43:10,859 | 00:43:37,907 | Навіть хороша робота – якщо занадто: багато читаєте, шиєте, думаєте – очі псуються.
409 | 00:43:37,987 | 00:43:55,100 | Причина – коли занадто працюєте, забуваєте Параматму.
410 | 00:43:55,700 | 00:44:10,510 | Ваш «Ішвара Пранідхана» не встановлений.
411 | 00:44:10,590 | 00:44:20,216 | Ви забуваєте Ісуса Христа.
412 | 00:44:20,296 | 00:44:38,068 | Він не був грамотним – не прочитав жодної букви.
413 | 00:44:38,148 | 00:44:56,290 | Ті, хто випускники Параматми – з ними все гаразд.
414 | 00:44:56,370 | 00:45:18,215 | Але ті, хто нічого не досягли – ходять ніби великі махатми.
415 | 00:45:18,295 | 00:45:36,808 | Шанкарачар'ї собі мукути роблять, золоті парасолі.
416 | 00:45:36,888 | 00:45:42,441 | Гроші збирають.
417 | 00:45:42,521 | 00:46:02,700 | А ми, «розумні», від них посвячення беремо і їх годуємо.
418 | 00:46:04,200 | 00:46:08,140 | Тепер Кундаліні – де тут зв'язок?
419 | 00:46:08,220 | 00:46:13,713 | Кундаліні – це абсолютно чиста та істинна річ.
420 | 00:46:13,793 | 00:46:17,255 | Це не шахрайство і не бізнес.
421 | 00:46:17,335 | 00:46:26,888 | Це абсолютна істина, і ви не зможете її оцінити, доки самі не увійдете в істину.
422 | 00:46:26,968 | 00:46:29,236 | Ззовні не осягнете.
423 | 00:46:29,316 | 00:46:33,376 | Щоб отримати – злийтеся з істиною.
424 | 00:46:33,456 | 00:46:40,979 | Коли станете єдиними з істиною – зрозумієте: це найвища істина.
425 | 00:46:41,059 | 00:46:49,776 | Що ви є інструментом Всевишнього Батька, через який ця енергія має текти.
426 | 00:46:49,856 | 00:46:57,100 | Ви є інструментом сили любові, яка має поширитися по всьому світу.
427 | 00:46:57,100 | 00:47:03,150 | Але яка велика жертва Ісуса Христа!
428 | 00:47:03,230 | 00:47:09,453 | Він відкрив нашу Аґія чакру для нас.
429 | 00:47:09,533 | 00:47:19,560 | Якщо Аґія чакра не відкриється – Кундаліні не підніметься.
430 | 00:47:19,640 | 00:47:30,877 | Якщо в людини заблокована Аґія чакра – Кундаліні не рухатиметься.
431 | 00:47:30,957 | 00:47:37,699 | Коли є блокування – ми наносимо сіндур.
432 | 00:47:37,779 | 00:47:47,460 | Люди питають: «Мамо, навіщо кумкум?» За кордоном кажуть:
433 | 00:47:47,540 | 00:47:58,085 | «Ви робите нас індуїстами!» Я кажу: «Я роблю вас християнами!
434 | 00:47:58,165 | 00:48:08,192 | Це кров Ісуса Христа – згадайте Його, щоб ваше его зникло,
435 | 00:48:08,272 | 00:48:18,700 | щоб ваші біди...» Саме на Аґія чакрі Він відкриває шлях і двері.
436 | 00:48:18,700 | 00:48:23,283 | Що робити для цієї чакри?
437 | 00:48:23,363 | 00:48:26,296 | Є багато шляхів.
438 | 00:48:26,376 | 00:48:31,876 | Впорядкуйте робочу діяльність.
439 | 00:48:31,956 | 00:48:41,122 | Хто занадто працює – отримує діабет, очі слабнуть.
440 | 00:48:41,202 | 00:48:46,152 | Впорядкуйте робочу систему.
441 | 00:48:46,232 | 00:48:49,715 | Працювати потрібно,
442 | 00:48:49,795 | 00:49:03,361 | але в суспільстві нерівновага – один вмирає від роботи, а інший не працює.
443 | 00:49:03,441 | 00:49:12,424 | Цю нерівновагу Параматма не виправить – це людям.
444 | 00:49:12,504 | 00:49:15,900 | Всі повинні працювати.
445 | 00:49:15,900 | 00:49:27,821 | Впорядкувати робочу систему означає – дайте час очам відпочити.
446 | 00:49:27,901 | 00:49:43,039 | У Сахаджа Йозі є багато засобів – як розслабити, як наповнити світлом та сонцем.
447 | 00:49:43,119 | 00:49:47,282 | Але спершу реалізація.
448 | 00:49:47,362 | 00:49:52,800 | Після цього – вправи для очей.
449 | 00:49:52,800 | 00:50:05,534 | І спостерігайте за своїм его – говоріть до нього: «Куди ти йдеш, пане?
450 | 00:50:05,614 | 00:50:08,160 | Про що думаєш?
451 | 00:50:08,240 | 00:50:17,881 | Що хочеш робити?» Так звертайтеся до себе як до учня.
452 | 00:50:17,961 | 00:50:25,000 | Таким чином тиск его на очі зменшується.
453 | 00:50:25,000 | 00:50:33,908 | Тепер інша сторона Аґія чакри – задня частина – це Махаґанеша.
454 | 00:50:33,988 | 00:50:42,465 | Коли Ґанеша стає Махаґанеша – тоді це царство Ісуса Христа.
455 | 00:50:42,545 | 00:50:52,300 | Під Його владою Рудри – Махаґанеша, Шаданана та інші – навколо Нього.
456 | 00:50:52,300 | 00:51:07,582 | Коли ви закриваєте очі і Кундаліні пробуджується – ви не можете бачити,
457 | 00:51:07,662 | 00:51:10,675 | бо ваші зіниці
458 | 00:51:10,755 | 00:51:28,620 | розширюються – «розширення зіниці» (dilation of the pupil) – і настає розслаблення.
459 | 00:51:28,700 | 00:51:41,184 | Але коли Кундаліні пронизує Сахасрару – з'являється сяйво.
460 | 00:51:41,264 | 00:51:52,671 | Очі такої людини завжди сяють – навіть якщо постаріє.
461 | 00:51:52,751 | 00:52:02,900 | Так можна пізнати, чи людина отримала реалізацію.
462 | 00:52:02,900 | 00:52:13,055 | А у ракшасів – зіниці стають маленькими і зникають.
463 | 00:52:13,135 | 00:52:24,684 | Якщо подивитеся в очі ґуру – їхні очі зникають, ховаються.
464 | 00:52:24,764 | 00:52:29,542 | Обертаються, як у кішки.
465 | 00:52:29,622 | 00:52:38,781 | Це ознака – бо там таттва Ісуса Христа не діє.
466 | 00:52:38,861 | 00:52:45,232 | Там огидні думки та маніпуляції.
467 | 00:52:45,312 | 00:52:48,300 | Вони бояться вас.
468 | 00:52:48,400 | 00:52:55,051 | Є також претатми, що бродять по світу, називаючи себе ґуру.
469 | 00:52:55,131 | 00:53:02,008 | Якщо їм надіти гірлянду – відкинуть, не дозволять торкнутися.
470 | 00:53:02,088 | 00:53:06,100 | Це глибокі речі – дізнаєтесь пізніше.
471 | 00:53:06,100 | 00:53:18,558 | Але повертаючись до Ісуса Христа – через медитацію на Нього,
472 | 00:53:18,638 | 00:53:27,773 | через Його вібрації, багато можна виправити.
473 | 00:53:27,853 | 00:53:39,272 | Але зображення Ісуса Христа – не Його справжній вигляд.
474 | 00:53:39,352 | 00:53:53,471 | Скрізь Його показують худим, виснаженим, як пацієнт з туберкульозом.
475 | 00:53:53,551 | 00:53:55,627 | Це абсурд!
476 | 00:53:55,707 | 00:54:05,465 | Художники самі хворі – тому малюють Його таким.
477 | 00:54:05,545 | 00:54:15,096 | Насправді Він був надзвичайно міцний, сильний.
478 | 00:54:15,176 | 00:54:30,400 | Людина, яка може підняти такий хрест і нести його – чи може бути виснаженою?
479 | 00:54:30,400 | 00:54:41,962 | Ті, хто малюють такі картини і поширюють фотографії – вони не розуміють Його.
480 | 00:54:42,042 | 00:54:49,549 | Ісус Христос був здоровий, міцний і дуже радісний.
481 | 00:54:49,629 | 00:54:56,986 | А сьогодні красивим вважається «худий як скелет».
482 | 00:54:57,066 | 00:55:01,270 | Побачити таких – нудно стає.
483 | 00:55:01,350 | 00:55:09,308 | На каблуках, ледь не падають – першу премію за красу.
484 | 00:55:09,388 | 00:55:18,300 | Тонкі як павутинки – діти кажуть: «Кого з павутиння принесли?»
485 | 00:55:18,300 | 00:55:26,446 | Але сучасні ідеї настільки перекручені – нам подобається дивитися на павутиння,
486 | 00:55:26,526 | 00:55:28,897 | бо ми самі заплутались.
487 | 00:55:28,977 | 00:55:35,577 | Раніше ідеал краси – подивіться на Мону Лізу, Леонардо да Вінчі.
488 | 00:55:35,657 | 00:55:42,566 | Мона Ліза – здорова, і в ній надзвичайно чиста, священна атмосфера.
489 | 00:55:42,646 | 00:55:45,121 | Увесь світ дивитися їде.
490 | 00:55:45,201 | 00:55:50,872 | Але коли дають премію – шестифутовим худим на каблуках.
491 | 00:55:50,952 | 00:55:54,600 | Людське уявлення про красу спотворилося.
492 | 00:55:54,600 | 00:56:06,886 | Коли ми прийняли таких людей за ідеал – день і ніч тільки це.
493 | 00:56:06,966 | 00:56:21,871 | Такі збочені ідеї входять у нас, і від споглядання подібного наше відчуття
494 | 00:56:21,951 | 00:56:37,100 | краси настільки спотворюється, що ми кидаємо нечисті погляди на чужих жінок.
495 | 00:56:37,100 | 00:56:45,044 | Вам здається, що Матаджі говорить старомодні речі.
496 | 00:56:45,124 | 00:56:49,572 | Але це санатана, вічні речі.
497 | 00:56:49,652 | 00:57:02,044 | Ісус Христос 2000 років тому говорив: навіть поглянути з хіттю – великий гріх.
498 | 00:57:02,124 | 00:57:08,400 | Я кажу як Мати – це не принесе вам добра.
499 | 00:57:08,400 | 00:57:15,394 | Ісус Христос не зміг пояснити все, бо Його розіп'яли.
500 | 00:57:15,474 | 00:57:19,301 | Мене ви розіп'яти не зможете.
501 | 00:57:19,381 | 00:57:27,827 | І Я досить розумна, щоб це пояснити так, що ввійде вам у голову.
502 | 00:57:27,907 | 00:57:38,200 | Він не пояснив наслідки – тільки сказав: «Не робіть, це проти вашої сутності».
503 | 00:57:38,280 | 00:57:47,200 | А Я кажу: від цього очі стають нечистими, ви стаєте гіршими за тварин.
504 | 00:57:47,200 | 00:57:59,550 | Тому в Йоґа Шастрі сказано: «чітта врітті ніродха» – стримуйте чітта врітті,
505 | 00:57:59,630 | 00:58:04,505 | тримайте на правильному шляху.
506 | 00:58:04,585 | 00:58:13,197 | Ми люди йоґа бхумі – не егоїсти і не маємо ними бути.
507 | 00:58:13,277 | 00:58:21,000 | Хто хоче бути егоїстом – нехай імігрує до Англії.
508 | 00:58:21,000 | 00:58:29,842 | І одного дня ми досягнемо свого йоґу.
509 | 00:58:29,922 | 00:58:47,368 | Коли дістанеться плід нашої пунья бхумі – увесь світ буде у ваших стопах.
510 | 00:58:47,448 | 00:58:59,000 | Того дня дізнаються, де був Ісус Христос і з ким.
511 | 00:58:59,000 | 00:59:08,637 | Вам є ще багато що розповісти.
512 | 00:59:08,717 | 00:59:31,204 | Ісус Христос сказав, що друге народження відбувається через Кундаліні.
513 | 00:59:31,284 | 00:59:45,739 | Читайте Біблію після реалізації – здивуєтесь,
514 | 00:59:45,819 | 01:00:01,000 | що в ній нічого, крім прославлення Сахаджа Йоґи.
515 | 01:00:06,000 | 01:00:15,790 | Те, що Ми кажемо – не всі можуть зрозуміти, бо не мають очей.
516 | 01:00:15,870 | 01:00:26,302 | «I am the path, I am the door» – двері, через які проходить шлях.
517 | 01:00:26,382 | 01:00:31,999 | Друге народження – тільки через це.
518 | 01:00:32,079 | 01:00:42,190 | Ті, хто як клоуни називають себе християнами – «хрещення дали»?
519 | 01:00:42,270 | 01:00:49,331 | Хрещення – це відкриття Сахасрари Кундаліні.
520 | 01:00:49,411 | 01:00:58,000 | Пробудження Кундаліні через Сахасрару – це і є хрещення.
521 | 01:01:08,000 | 01:01:19,189 | Ті, хто дають хрещення в церкві – яке вони мають право?
522 | 01:01:19,269 | 01:01:24,965 | Вони кажуть: служіть бідним.
523 | 01:01:25,045 | 01:01:40,710 | Але завдання Параматми – привести вас до Його царства, з'єднати з Параматмою.
524 | 01:01:40,790 | 01:01:52,590 | А не те, що хтось краде, обманює, а потім каже «я бідний».
525 | 01:01:52,670 | 01:02:03,249 | Благодійність – це людська справа, соціальна робота.
526 | 01:02:03,329 | 01:02:07,000 | Не робота Параматми.
527 | 01:02:07,000 | 01:02:13,489 | За Ісуса Христа ходили до аборигенів – «благодійна діяльність».
528 | 01:02:13,569 | 01:02:21,294 | Осла як не наряджай – християнином чи мусульманином – він залишиться ослом.
529 | 01:02:21,374 | 01:02:25,185 | Від зміни номера нічого не зміниться.
530 | 01:02:25,265 | 01:02:31,000 | Але нерозумні думають – від цього наша демократія зростає.
531 | 01:02:31,000 | 01:02:40,771 | Є один цікавий приклад – Юда,
532 | 01:02:40,851 | 01:03:00,394 | Марія Магдалина купила дуже дороге масло для Ісуса Христа.
533 | 01:03:00,474 | 01:03:10,582 | Юда сказав: «Навіщо витрачати?
534 | 01:03:10,662 | 01:03:27,846 | Продайте і роздайте бідним.» Ось вам благодійність!
535 | 01:03:27,926 | 01:03:40,393 | А потім саме він зрадив Ісуса Христа.
536 | 01:03:40,473 | 01:04:04,000 | Як у нас – хтось робить чорний ринок, а потім роздає хліб перед храмом.
537 | 01:04:04,000 | 01:04:19,304 | Для багатих Він казав: «Легше верблюдові пройти через вушко голки,
538 | 01:04:19,384 | 01:04:36,000 | ніж багатій людині увійти в Царство Боже.» Обидві крайнощі Він відкинув.
539 | 01:04:36,000 | 01:04:50,422 | Ісус Христос зцілював людей – бо з Нього текла сила любові.
540 | 01:04:50,502 | 01:05:00,035 | Але Він не ходив прислуговувати комусь.
541 | 01:05:00,115 | 01:05:03,537 | Зрозумійте це.
542 | 01:05:03,617 | 01:05:11,194 | Ваше завдання – самореалізація.
543 | 01:05:11,274 | 01:05:20,074 | Після неї всі сили самі пробудяться.
544 | 01:05:20,154 | 01:05:31,000 | Ви зможете зцілювати – наші вже й рак зцілили.
545 | 01:05:31,000 | 01:05:36,104 | Деві зцілила п'ятдесят людей.
546 | 01:05:36,184 | 01:05:43,224 | Але зрозуміла – ці люди не шукають Бога.
547 | 01:05:43,304 | 01:05:53,000 | Вони згадують Бога тільки коли треба вилікувати хворобу.
548 | 01:05:53,000 | 01:05:55,452 | Такі люди не шукають Бога.
549 | 01:05:55,532 | 01:05:58,079 | Інакше їм не потрібний Бог.
550 | 01:05:58,159 | 01:06:04,102 | Навіщо Богу зцілювати тих, хто не хоче стати Його світильником?
551 | 01:06:04,182 | 01:06:10,125 | Параматма запалить такі світильники, від яких увесь світ засяє.
552 | 01:06:10,205 | 01:06:13,000 | Навіщо Богу зцілювати нерозумних?
553 | 01:06:13,000 | 01:06:20,507 | Ті, в кому немає бажання любити Бога,
554 | 01:06:20,587 | 01:06:32,558 | робити Його роботу – у них немає права називатися шукачами.
555 | 01:06:32,638 | 01:06:40,145 | Ми з Ісусом Христом вчинили так само.
556 | 01:06:40,225 | 01:06:55,000 | Потрібно знати – Він не робив благодійну роботу, Він давав самореалізацію.
557 | 01:06:55,000 | 01:07:10,831 | Все прив'язують до Параматми – «Саїнатх біді»,
558 | 01:07:10,911 | 01:07:30,527 | «Шарда мило», «Лакшмі чхап» – хіба це не знущання з Бога?
559 | 01:07:30,607 | 01:07:45,749 | «Мамо, буде шубх.» Яке шубх – більше грошей?
560 | 01:07:45,829 | 01:07:48,000 | Ніколи.
561 | 01:07:48,000 | 01:07:54,657 | Тіло Ісуса Христа було з Пранави.
562 | 01:07:54,737 | 01:08:01,193 | Тому відбулося Його Воскресіння.
563 | 01:08:01,273 | 01:08:11,965 | Після Воскресіння учні повірили, отримали реалізацію.
564 | 01:08:12,045 | 01:08:20,922 | Але потім почали займатися різними справами,
565 | 01:08:21,002 | 01:08:30,686 | кричати про Ісуса Христа – і в них увійшли духи.
566 | 01:08:30,766 | 01:08:42,669 | Вони почали говорити всілякі речі – і записали це в Біблію.
567 | 01:08:42,749 | 01:08:57,000 | І тепер усі вважають, що входження духів – це благословення Духа Святого?
568 | 01:08:57,000 | 01:09:00,000 | Джей Шрі Матаджі.
