1 | 00:05:55,490 | 00:06:00,850 | Сьогодні ми зібралися тут, щоб провести Пуджу Вішнумайї.
2 | 00:06:05,500 | 00:06:13,280 | Вішнумайя створюється також через зусилля людини.
3 | 00:06:14,600 | 00:06:25,730 | Як ви бачите хмари, коли вони труться одна об одну, тоді створюється електрика.
4 | 00:06:27,360 | 00:06:30,240 | Тож спочатку мають бути створені хмари.
5 | 00:06:31,700 | 00:06:35,400 | Сонце діє на море.
6 | 00:06:37,220 | 00:06:40,080 | Подивіться, скільки чакр залучається!
7 | 00:06:40,590 | 00:06:44,570 | Море – це Войд, і сонце діє на море.
8 | 00:06:46,260 | 00:06:48,280 | Також місяць діє на море.
9 | 00:06:50,950 | 00:06:54,380 | Як наслідок цього, утворюються хмари.
10 | 00:06:56,740 | 00:07:07,910 | Ця електрика створюється не в океані – це створило б проблеми.
11 | 00:07:10,600 | 00:07:18,900 | Вона створюється в небі, щоб кожен міг її бачити, міг її чути.
12 | 00:07:21,700 | 00:07:25,900 | Спершу вони її бачать, а потім чують.
13 | 00:07:25,900 | 00:07:32,060 | Усе це добре організовано, добре розраховано – це Вішнумайя.
14 | 00:07:36,180 | 00:07:44,410 | Але вона була створена також із певним розумінням людьми на цій Землі.
15 | 00:07:45,860 | 00:07:52,990 | Передусім вони побачили дві хмари, що труться одна об одну.
16 | 00:07:54,680 | 00:08:01,440 | Тож на первісній стадії люди спробували потерти дві матеріальні речі,
17 | 00:08:01,440 | 00:08:02,880 | щоб створити електрику.
18 | 00:08:02,880 | 00:08:07,780 | Отже, дві матеріальні речі, тобто дві частини матерії,
19 | 00:08:07,780 | 00:08:10,830 | коли їх терли, створювали електрику.
20 | 00:08:12,930 | 00:08:18,360 | Дуже значущо це бачити: матерію можна використати для створення електрики!
21 | 00:08:20,840 | 00:08:23,660 | Іскра електрики походить із матерії.
22 | 00:08:24,590 | 00:08:29,210 | Без матерії вони не могли б почати готувати їжу.
23 | 00:08:29,210 | 00:08:33,710 | Тож як вона допомогла Войду.
24 | 00:08:35,880 | 00:08:42,700 | Спершу з океану вона пішла в небо, дала людям послання створити електрику.
25 | 00:08:43,539 | 00:08:44,240 | Подивіться на цю любов!
26 | 00:08:44,880 | 00:08:53,070 | Потім люди навчилися, як готувати їжу, щоб травлення було легшим для людей.
27 | 00:08:58,260 | 00:08:59,800 | Як воно повертається.
28 | 00:08:59,920 | 00:09:08,240 | З природи, як люди вчаться і роблять це заради добра, поліпшення, «хіта», людей.
29 | 00:09:13,520 | 00:09:22,170 | Ця доброчинна енергія, яка призначалася для блага людей, знову була використана.
30 | 00:09:23,060 | 00:09:28,100 | Як ви бачите, це творіння, усе це – Вішнумайї.
31 | 00:09:28,100 | 00:09:29,260 | Ось чому це майя.
32 | 00:09:30,380 | 00:09:34,720 | З електрикою ви можете створити майю,
33 | 00:09:34,720 | 00:09:37,420 | ви це дуже добре знаєте, як ви можете її створити.
34 | 00:09:37,960 | 00:09:43,330 | Так багато присутніх тут, на щастя, таким спонтанним чином,
35 | 00:09:43,330 | 00:09:47,010 | так багато тих, хто має справу з цією електрикою, створюючи майю.
36 | 00:09:51,520 | 00:09:57,080 | Америці так сильно допомогла ця електрика, Вішнумайя.
37 | 00:09:57,080 | 00:09:58,580 | Ви не вдячні Їй.
38 | 00:10:00,440 | 00:10:05,100 | Як у вас є Ніагарський водоспад, у вас тут багато водоспадів.
39 | 00:10:05,100 | 00:10:06,240 | Знову ж таки, вода,
40 | 00:10:06,240 | 00:10:15,200 | коли падає – вона походить з води – коли вода падає на нижчий рівень,
41 | 00:10:15,280 | 00:10:25,350 | дуже низький рівень, тоді вона рухає турбіну, і ці рухи можуть створювати електрику.
42 | 00:10:26,820 | 00:10:30,430 | Тож у вас є гідростатична електрика.
43 | 00:10:31,360 | 00:10:35,360 | Також електрика виробляється, як ви знаєте, з вугілля.
44 | 00:10:35,580 | 00:10:44,500 | А тут, знову ж, Мати Земля працює задля блага людей,
45 | 00:10:47,730 | 00:10:52,160 | щоб створити вугілля у Своєму Єстві.
46 | 00:10:53,090 | 00:10:58,510 | Я думаю, Вона, напевно, бере всі бадхи, поглинає їх усі у Своєму лоні,
47 | 00:10:58,510 | 00:11:03,370 | і, мабуть, спалює каміння всередині Себе, щоб зробити вугілля.
48 | 00:11:06,520 | 00:11:09,580 | І потім це вугілля використовується для виробництва електрики.
49 | 00:11:13,680 | 00:11:16,760 | Наскільки Природа працює для нашого блага!
50 | 00:11:17,770 | 00:11:20,430 | Вашого Нью-Йорка не було б, якби не електрика.
51 | 00:11:20,430 | 00:11:29,200 | Вона зупинилася на п'ятнадцять хвилин, і ви дізналися про силу електрики.
52 | 00:11:31,160 | 00:11:35,150 | Ви не можете рухатися без неї, ви не можете існувати без неї.
53 | 00:11:35,150 | 00:11:40,490 | Ось чому її потрібно було використати і створити – вам дали стільки блага.
54 | 00:11:40,490 | 00:11:47,860 | Ви нею готуєте, ви нею бачите, ви нею слухаєте, ви нею насолоджуєтеся.
55 | 00:11:47,900 | 00:11:51,360 | У вас не було б ваших телевізорів, у вас не було б нічого без електрики.
56 | 00:11:51,900 | 00:11:54,320 | У вас навіть не було б написів «Вихід», написаних тут.
57 | 00:11:54,320 | 00:11:57,160 | Ви б врізалися в стіни!
58 | 00:12:00,130 | 00:12:04,900 | Так багато ця Вішнумайя попрацювала, але Вона – майя.
59 | 00:12:05,280 | 00:12:06,880 | Вона може створити майю.
60 | 00:12:06,980 | 00:12:13,400 | І це створило велику майю в умах людей, що «Ми на вершині світу!».
61 | 00:12:13,400 | 00:12:14,120 | Ви – ні!
62 | 00:12:18,820 | 00:12:26,240 | Якщо електрика відступить від вас, ви знову станете тими самими первісними людьми,
63 | 00:12:26,240 | 00:12:30,300 | які створюють електрику, труть камені – повірте Мені на слово!
64 | 00:12:33,900 | 00:12:38,380 | Цей потік електрики доступний вам для вашого блага, а не для вашого знищення.
65 | 00:12:38,380 | 00:12:44,560 | Але що сталося сьогодні – це те,
66 | 00:12:44,560 | 00:12:48,500 | що ця електрика використовується для вашого знищення.
67 | 00:12:49,430 | 00:12:52,830 | Я пам'ятаю, скажімо, тридцять, сорок років тому,
68 | 00:12:53,280 | 00:12:57,300 | або навіть раніше, коли ми дивилися фільми,
69 | 00:12:57,300 | 00:12:59,020 | вони не були кольоровими,
70 | 00:12:59,020 | 00:13:03,680 | американські фільми були прекрасними фільмами зі змістом у них.
71 | 00:13:04,670 | 00:13:08,830 | Вони б не показували одруженого чоловіка, який бігає за іншою одруженою жінкою.
72 | 00:13:09,210 | 00:13:10,270 | Жодних таких історій.
73 | 00:13:11,400 | 00:13:16,060 | Дуже чиста форма прекрасного сімейного життя.
74 | 00:13:18,270 | 00:13:20,170 | Показувалося все живильне.
75 | 00:13:21,060 | 00:13:28,400 | Ми не чуємо ні про що таке, де показували б перемогу зла.
76 | 00:13:29,170 | 00:13:34,800 | Тепер ви бачите, що показують крадія, і крадій стає героєм.
77 | 00:13:36,300 | 00:13:42,100 | Потім люди дивляться ці фільми, і діти, особливо,
78 | 00:13:42,100 | 00:13:47,080 | Я бачила, мають цього крадія як символ чогось великого.
79 | 00:13:50,210 | 00:13:55,050 | Тож вони йдуть проти Войду повністю, проти релігії, яка всередині нас, абсолютно!
80 | 00:13:55,340 | 00:14:07,900 | Те, що мало живити Войд, те, що мало підтримувати вас у ваших валентностях,
81 | 00:14:09,020 | 00:14:12,680 | тепер повністю порушує Войд.
82 | 00:14:14,690 | 00:14:16,650 | Це й є частина майї.
83 | 00:14:16,670 | 00:14:22,810 | Та сама електрика, яка мала дати вам правильний шлях, світло в темряві,
84 | 00:14:24,230 | 00:14:29,900 | тепер втягує вас, як магніт, у напрямку вашого знищення.
85 | 00:14:32,150 | 00:14:34,950 | Ця Вішнумайя, яка прийшла в цю країну таким грандіозним чином
86 | 00:14:37,030 | 00:14:45,250 | і потім поширилася всюди – дала ідеї кожному.
87 | 00:14:45,470 | 00:14:52,750 | Люди перейняли всі ваші техніки, усі ваші стилі, навіть у вас є Голлівуд
88 | 00:14:52,750 | 00:14:57,280 | і всі ці дуже відомі люди тут, які процвітали на цій електриці.
89 | 00:14:58,490 | 00:15:05,580 | Але, не подякувавши Вішнумайї, вони почали робити речі, які були проти Вішнумайї.
90 | 00:15:07,290 | 00:15:14,690 | Ця Вішнумайя – це та, хто допомогла вам, тому що Вона – Сестра Шрі Крішни,
91 | 00:15:14,690 | 00:15:19,170 | і тому що це володіння Шрі Крішни, Вона зійшла сюди, щоб допомогти вам.
92 | 00:15:19,710 | 00:15:22,190 | Тепер Вона – Сестра – це треба дуже добре зрозуміти.
93 | 00:15:23,030 | 00:15:25,890 | Сестринський зв'язок – це чисті стосунки.
94 | 00:15:26,370 | 00:15:33,470 | Тепер, звичайно, усе так заплутано, але це найчистіші стосунки між братом і сестрою.
95 | 00:15:35,210 | 00:15:50,200 | Брата захищає сестра, а за цнотою сестри дбає брат.
96 | 00:15:50,640 | 00:15:58,650 | Брат, який не відчуває болю, якщо цнота його сестри в небезпеці,
97 | 00:15:58,650 | 00:16:01,990 | або вона легковажить своєю цнотою, – він не брат.
98 | 00:16:01,990 | 00:16:04,310 | Він більше не брат.
99 | 00:16:05,330 | 00:16:10,440 | Він відповідає за те, щоб його сестра зберігала свою цноту.
100 | 00:16:10,440 | 00:16:15,440 | Лише її цнота може захистити його – це взаємна праця.
101 | 00:16:16,140 | 00:16:26,200 | Це почуття, якщо воно не розвинеться, що «Вона – моя сестра, і я маю дбати про її
102 | 00:16:26,200 | 00:16:31,840 | цноту, для цього я маю добре поводитися, щоб вона не знаходила в мені недоліків».
103 | 00:16:32,800 | 00:16:35,520 | У цих стосунків такий очищувальний процес,
104 | 00:16:35,520 | 00:16:39,760 | наскільки електрика має очищувальний процес для вас.
105 | 00:16:40,530 | 00:16:43,570 | Усюди, що робить електрика,
106 | 00:16:43,670 | 00:16:47,290 | сестра робить для свого брата – вона готує для нього, вона
107 | 00:16:48,900 | 00:16:53,360 | вказує йому правильний шлях, вона просвітлює його,
108 | 00:16:53,360 | 00:16:58,540 | а іноді й приголомшує його, також.
109 | 00:16:58,540 | 00:17:03,850 | Їм потрібно пережити певні потрясіння, інакше вони не знатимуть, як з цим впоратися.
110 | 00:17:04,050 | 00:17:09,520 | І найкраще з усього – вона та, заради якої ви повинні бути дуже обережні,
111 | 00:17:10,000 | 00:17:12,359 | щоб знати техніку, як поводитися зі своєю сестрою.
112 | 00:17:14,440 | 00:17:19,800 | Якщо ви не знаєте, як поводитися зі своєю сестрою, ви можете бути абсолютно
113 | 00:17:19,800 | 00:17:26,660 | неправими і можете отримати – щось, чого ви ніколи не очікували б отримати.
114 | 00:17:27,880 | 00:17:30,660 | Отже, потрібно розуміти, як поводитися з сестрою.
115 | 00:17:31,620 | 00:17:33,960 | У цьому випадку ми маємо знати,
116 | 00:17:33,960 | 00:17:41,280 | що та сама (Вішнумайя) народилася знову за часів Шрі Крішни як Драупаді.
117 | 00:17:42,240 | 00:17:44,520 | Вона втілилася як Драупаді,
118 | 00:17:45,280 | 00:17:57,020 | і коли на Драупаді напали Каурави – вони хотіли зняти з Неї сарі.
119 | 00:17:57,700 | 00:18:04,460 | Зняти саме сарі – це символ того, що вони кинули виклик Її цноті.
120 | 00:18:04,750 | 00:18:09,150 | Тепер, якщо ви подивитеся у Майя Наґрі, жінки зовсім не мають розуміння,
121 | 00:18:09,150 | 00:18:14,530 | що вони повинні прикривати цю частину свого тіла.
122 | 00:18:14,530 | 00:18:17,030 | У цій Майя Наґрі – навпаки.
123 | 00:18:17,320 | 00:18:21,020 | Коли Я почула, як одна дуже відповідальна людина сказала,
124 | 00:18:21,020 | 00:18:24,160 | що «У нашій культурі жінки повинні оголювати своє тіло».
125 | 00:18:26,100 | 00:18:27,000 | Що це за культура?
126 | 00:18:27,160 | 00:18:30,930 | Це анти-Крішна, повністю анти-Вішнумайя.
127 | 00:18:32,850 | 00:18:39,940 | Такі люди потраплять у біду, Я впевнена, з проблемами з електрикою.
128 | 00:18:44,310 | 00:18:54,810 | Брати, які не переймаються вірністю чоловіка своєї сестри,
129 | 00:18:56,670 | 00:18:59,470 | а також підтримують його і
130 | 00:19:00,400 | 00:19:04,170 | просять робити неправильні речі,
131 | 00:19:06,080 | 00:19:10,320 | приховують його справи, також однаково відповідальні.
132 | 00:19:11,660 | 00:19:18,710 | Як у Сахаджа Йозі ви знаєте, що сестру потрібно захищати,
133 | 00:19:19,380 | 00:19:24,580 | і якщо чоловік сестри робить щось неправильне, брат повинен зробити йому зауваження.
134 | 00:19:26,720 | 00:19:33,240 | Як одного разу в Індії, одна газета зробила якісь зауваження про Мене.
135 | 00:19:33,360 | 00:19:35,800 | Мої брати вкрай обурилися.
136 | 00:19:35,840 | 00:19:37,540 | Я подумала: «Тепер буде жахливо.
137 | 00:19:37,680 | 00:19:38,960 | Як Мені з цим впоратися?».
138 | 00:19:39,160 | 00:19:40,780 | Це була велика проблема.
139 | 00:19:41,740 | 00:19:43,160 | Вони збиралися йти до суду.
140 | 00:19:43,160 | 00:19:44,660 | Коли Я їм сказала: «Я не піду до суду».
141 | 00:19:44,660 | 00:19:45,420 | «Гаразд, не йди.
142 | 00:19:45,420 | 00:19:45,960 | Але ми підемо».
143 | 00:19:45,960 | 00:19:47,200 | Вони сказали і Моєму чоловіку.
144 | 00:19:47,720 | 00:19:50,420 | Мій чоловік і Мої брати разом – це була страшна сила!
145 | 00:19:52,350 | 00:19:53,690 | Я не знала, що робити.
146 | 00:19:54,870 | 00:19:58,610 | Я написала одному сахаджа йоґу: «Піди й зустрінься з редактором газети.
147 | 00:19:58,610 | 00:20:00,890 | Скажи йому, що це Мої брати, будь обережним.
148 | 00:20:00,890 | 00:20:04,490 | Вони дуже впливові люди в Індії, а звідси ще й Мій чоловік.
149 | 00:20:04,590 | 00:20:05,690 | Це жахливо»,
150 | 00:20:06,210 | 00:20:08,010 | але вони не вибачалися.
151 | 00:20:09,480 | 00:20:16,260 | Тож Я подумала про іншу Вішнумайю, і стався великий страйк,
152 | 00:20:16,980 | 00:20:21,580 | і газету закрили рівно на шість місяців.
153 | 00:20:22,450 | 00:20:27,850 | І їм довелося зазнати великих, дуже великих збитків.
154 | 00:20:27,850 | 00:20:32,360 | А коли вони почали [знову], люди, які там працювали,
155 | 00:20:32,360 | 00:20:36,040 | повернулися і сказали: «Чому ви писали проти Шрі Матаджі?
156 | 00:20:36,750 | 00:20:38,130 | Ми не повернемося».
157 | 00:20:38,290 | 00:20:39,290 | І їм довелося вибачитися.
158 | 00:20:43,000 | 00:20:48,780 | Ось як братня любов може змусити навіть Аді Шакті робити те,
159 | 00:20:48,780 | 00:20:50,160 | чого Вона зазвичай не робила б.
160 | 00:20:54,470 | 00:20:57,360 | Так само, коли Драупаді було кинуто виклик,
161 | 00:20:57,930 | 00:21:02,660 | Шрі Крішни не було в Хастінапурі, де це сталося.
162 | 00:21:02,660 | 00:21:11,280 | Він був за тисячу, щонайменше більше тисячі миль від того місця.
163 | 00:21:14,700 | 00:21:20,730 | Але сказано: «Шанкха чакра ґада падма, Ґаруда лай сідхаре».
164 | 00:21:23,190 | 00:21:29,310 | Він прилетів на Своєму Ґаруді з усією Своєю зброєю – шанкхою, чакрою, ґадою, падмою.
165 | 00:21:30,300 | 00:21:34,780 | Усе це Він приніс, щоб врятувати цноту Своєї Сестри.
166 | 00:21:35,740 | 00:21:38,780 | У нашій історії є багато випадків, Я не знаю,
167 | 00:21:38,780 | 00:21:41,680 | чи зможу Я навести щось із вашої історії.
168 | 00:21:43,800 | 00:21:45,920 | Але Я сказала б, що коли Я бачу Авраама Лінкольна,
169 | 00:21:47,010 | 00:21:53,160 | Я думаю, що він був великим братом для Статуї Свободи.
170 | 00:21:53,730 | 00:22:02,020 | Те, як він боровся за жінок з такою чистою любов'ю і не беручи жодних грошей,
171 | 00:22:03,720 | 00:22:11,330 | не беручи з них нічого, щоб покарати чоловіків, які були п'яницями.
172 | 00:22:13,980 | 00:22:18,840 | Це саме те, як поводиться дуже хороший, сильний брат.
173 | 00:22:19,550 | 00:22:25,220 | Але ті почуття тепер згасають, Я думаю.
174 | 00:22:25,740 | 00:22:29,760 | Але, скажімо, в Росії, коли Я була,
175 | 00:22:29,760 | 00:22:36,150 | ходила дивитися будинок Леніна, і скрізь, окрім його дружини,
176 | 00:22:36,150 | 00:22:41,740 | була його сестра, яка допомагала йому – друкувати для нього,
177 | 00:22:41,740 | 00:22:44,180 | робити всю його офіційну роботу.
178 | 00:22:45,330 | 00:22:52,950 | Він написав томи й томи книг у тому малому віці – п'ятдесят чотири роки, томи.
179 | 00:22:54,370 | 00:22:58,240 | Передусім він був у Сибіру, і тільки уявіть,
180 | 00:22:58,240 | 00:23:02,320 | ця його сестра надрукувала більшість із них.
181 | 00:23:02,960 | 00:23:08,640 | Протягом усієї цієї подорожі ми відчували присутність сестри і те,
182 | 00:23:08,930 | 00:23:10,630 | як вона допомагала своєму брату.
183 | 00:23:13,400 | 00:23:18,600 | Ці стосунки такі чисті, які нічого не хочуть.
184 | 00:23:18,600 | 00:23:23,670 | Дружина може сказати: «Якщо ти не купиш мені пальто, я розлучуся з тобою».
185 | 00:23:23,770 | 00:23:26,910 | Може, в Англії, і, можливо, в Америці кажуть так.
186 | 00:23:27,550 | 00:23:29,290 | Але сестра не може розлучитися.
187 | 00:23:32,130 | 00:23:33,450 | Вона не може розлучитися з цим.
188 | 00:23:34,820 | 00:23:37,680 | Цього разу в газеті опублікували ім'я Мого брата.
189 | 00:23:39,350 | 00:23:40,350 | Тож Я сказала: «Що Я можу вдіяти?
190 | 00:23:40,350 | 00:23:40,950 | Він Мій брат, тож він Мій брат».
191 | 00:23:43,590 | 00:23:53,920 | Хороший, поганий, будь-який, він Мій брат, Я не можу розлучитися з ним.
192 | 00:23:53,920 | 00:23:56,660 | Це щось, стосунки, які не можна розірвати.
193 | 00:23:57,690 | 00:23:59,970 | Природа дала вам цей зв'язок.
194 | 00:24:01,840 | 00:24:09,100 | Але коли ви приходите в колектив, дуже важливо, щоб ми поважали ці стосунки.
195 | 00:24:12,020 | 00:24:16,090 | Якщо ви не поважаєте ці стосунки, ви не можете організувати колективне життя.
196 | 00:24:17,230 | 00:24:25,920 | Ось, на вечірку, куди Я йду, і Я відчуваю, що відбувається щось дуже дивне.
197 | 00:24:26,340 | 00:24:31,800 | Чиясь дружина заплуталася з чиїмсь чоловіком.
198 | 00:24:32,470 | 00:24:34,470 | Відбуваються всілякі дивні речі.
199 | 00:24:35,200 | 00:24:40,080 | Але в колективі, якщо ви знаєте, що, крім моєї дружини, решта з них – мої сестри
200 | 00:24:41,190 | 00:24:46,300 | – так встановлюється чистота, вам не треба хвилюватися – «Вони мої сестри!».
201 | 00:24:48,540 | 00:24:52,010 | І ваші очі стають спокійними.
202 | 00:24:53,000 | 00:24:56,140 | З ваших очей починає литися невинність.
203 | 00:24:56,340 | 00:24:58,280 | Це дуже, дуже проста річ.
204 | 00:24:58,760 | 00:25:03,080 | Тож в очах, коли ви отримуєте Реалізацію,
205 | 00:25:03,080 | 00:25:08,600 | ви отримуєте блиск – ви, мабуть, бачили, є сяйво – це Вішнумайя.
206 | 00:25:09,870 | 00:25:12,630 | Це та Вішнумайя, яка сяє крізь ваші очі,
207 | 00:25:12,730 | 00:25:17,350 | і Вона – Та, хто проводить вас через майю Вішнумайї.
208 | 00:25:18,630 | 00:25:21,130 | Цей блиск в очах ви, мабуть, бачили у людей,
209 | 00:25:21,130 | 00:25:24,620 | які є реалізованими душами, і цей блиск в
210 | 00:25:24,620 | 00:25:26,840 | очах – це те,
211 | 00:25:26,840 | 00:25:39,630 | що дає вам зрозуміти й відчути красу і силу сестрино-братніх стосунків.
212 | 00:25:42,150 | 00:25:48,190 | На початку Сахаджа Йоги Я вважала за неможливе встановити це.
213 | 00:25:48,190 | 00:25:52,640 | Тож Я сказала – давайте спробуємо Вішнумайю.
214 | 00:25:54,330 | 00:25:55,710 | І це спрацювало.
215 | 00:25:57,480 | 00:26:00,060 | Власне, природно ми знаємо, що це неправильно.
216 | 00:26:00,060 | 00:26:02,800 | Ми знаємо, що це неправильно, природно.
217 | 00:26:03,410 | 00:26:05,750 | Для цього нам не потрібен закон.
218 | 00:26:07,390 | 00:26:11,910 | Одна жінка приїхала в Америку зі своїм братом, і вона сказала Мені,
219 | 00:26:11,910 | 00:26:14,270 | коли Я ще не приїжджала в Америку: «Це дивне місце».
220 | 00:26:15,040 | 00:26:16,860 | Вона сказала: «Я поїхала до Америки,
221 | 00:26:16,860 | 00:26:20,420 | і ми хотіли зупинитися в одному номері», бо вони хотіли заощадити гроші.
222 | 00:26:20,420 | 00:26:21,300 | Їм сказали: «Ні.
223 | 00:26:21,320 | 00:26:23,840 | Якщо ви брат і сестра, ви не можете залишатися разом».
224 | 00:26:25,220 | 00:26:26,020 | Вона сказала: «Чому?».
225 | 00:26:26,340 | 00:26:28,840 | Я маю на увазі, в Індії, якщо ви брат і сестра, ви завжди можете залишитися разом.
226 | 00:26:28,870 | 00:26:34,160 | Якщо ви не брат і сестра, то, звичайно,
227 | 00:26:34,160 | 00:26:38,460 | ви не можете залишатися разом, ви не залишаєтесь разом, навпаки.
228 | 00:26:38,460 | 00:26:39,860 | Якщо ви брат і сестра,
229 | 00:26:39,860 | 00:26:43,320 | ви не можете залишатися в одному номері тут, у готелі, за законом!
230 | 00:26:43,610 | 00:26:48,760 | І [якщо] це батько й дочка, ви не можете залишатися в одному номері.
231 | 00:26:48,760 | 00:26:49,340 | Абсурд.
232 | 00:26:49,340 | 00:26:52,040 | Я маю на увазі, для нас, індійців, це шок.
233 | 00:26:52,320 | 00:26:53,840 | Я сказала: «Але чому?».
234 | 00:26:54,320 | 00:26:55,180 | Я просто не могла зрозуміти.
235 | 00:26:55,180 | 00:26:57,300 | Тепер Я знаю, у чому річ!
236 | 00:26:57,300 | 00:27:01,400 | Що це тепер стало законом, такою мірою.
237 | 00:27:01,640 | 00:27:04,760 | Для нас абсурдно мати такий закон.
238 | 00:27:05,530 | 00:27:09,950 | І, як ми навчилися від вас стільком речам про електрику,
239 | 00:27:10,510 | 00:27:16,060 | вам теж краще навчитися від нас дечому про сили Вішнумайї.
240 | 00:27:17,100 | 00:27:20,260 | Немає нічого поганого в тому, щоб вчитися чомусь від коренів,
241 | 00:27:20,420 | 00:27:24,020 | бо якщо дерево зіпсувалося, воно має
242 | 00:27:24,020 | 00:27:27,560 | навчитися чомусь дуже суттєвому від коренів,
243 | 00:27:27,560 | 00:27:32,260 | і це воно – чистота стосунків між братами й сестрами.
244 | 00:27:33,600 | 00:27:43,340 | Але сестринський зв'язок завжди дає дуже велику цементуючу силу для чоловіка
245 | 00:27:43,340 | 00:27:43,760 | і дружини.
246 | 00:27:43,890 | 00:27:47,750 | Я знаю, якщо Мій чоловік спробує тривожити Мене,
247 | 00:27:47,750 | 00:27:54,610 | його власна сестра не дасть йому спокою, і йому краще бути з цим обережним!
248 | 00:27:55,350 | 00:27:58,970 | І так само зі Мною, якщо Я зроблю щось неправильно,
249 | 00:27:59,170 | 00:28:03,510 | Мій брат стане на бік Мого чоловіка, а не на Мій бік.
250 | 00:28:04,570 | 00:28:07,150 | Тож це дуже добре цементує стосунки.
251 | 00:28:08,740 | 00:28:12,620 | В історії, яку Я знаю, Я розповім вам дві дуже прекрасні історії,
252 | 00:28:12,620 | 00:28:19,040 | які сьогодні спадають Мені на думку, одна – про Шіваджі.
253 | 00:28:19,840 | 00:28:24,340 | Коли Шіваджі – це двічі траплялося за його життя,
254 | 00:28:24,340 | 00:28:32,530 | що дуже примітно – йому одного разу подарували жінку, яка була дуже красивою,
255 | 00:28:32,910 | 00:28:41,020 | і люди пограбували її речі й усі її прикраси,
256 | 00:28:42,290 | 00:28:49,050 | тому що вона була дочкою мусульманської куртизанки, як ви називаєте придворну.
257 | 00:28:49,210 | 00:28:57,170 | І вони спробували пограбувати його, і привели цю красиву жінку перед Шіваджі.
258 | 00:28:59,630 | 00:29:03,560 | Тож Шіваджі подивився на неї і сказав: «Будь ласка,
259 | 00:29:03,560 | 00:29:08,290 | зніми свою вуаль», тому що мусульманки носять вуаль.
260 | 00:29:08,990 | 00:29:13,210 | І коли вона зняла свою вуаль, він сказав, що
261 | 00:29:13,210 | 00:29:18,610 | «Якби моя мати була такою ж красивою, як ти, я був би так само красивим».
262 | 00:29:18,610 | 00:29:25,050 | Яка річ сказати – яка поетична річ сказати: тобто «Якби ти була моєю матір'ю,
263 | 00:29:25,230 | 00:29:29,840 | я був би таким же красивим, як ти», означає, ти моя сестра.
264 | 00:29:32,630 | 00:29:35,750 | А потім він дуже розгнівався на всіх цих людей і попросив їх:
265 | 00:29:35,750 | 00:29:39,910 | «Краще відведіть її і ніколи не робіть такого з жодною жінкою!».
266 | 00:29:40,000 | 00:29:44,800 | І не тільки, він ще й дав багато прикрас і багато речей їй, щоб сказати,
267 | 00:29:44,800 | 00:29:49,520 | що вона – сестра, яка йде до чоловіка з усією пошаною й повагою.
268 | 00:29:50,450 | 00:29:59,260 | А цей пан, її чоловік, був смертельним ворогом Шіваджі.
269 | 00:30:04,740 | 00:30:07,040 | Як він розв'язав цю проблему з такою чистотою,
270 | 00:30:07,040 | 00:30:12,960 | і потім цей пан став якось лагіднішою людиною з цим його жестом.
271 | 00:30:13,780 | 00:30:21,170 | Другий випадок за його життя ми чуємо – про форт, який тепер дуже близько
272 | 00:30:21,170 | 00:30:27,560 | до Мого будинку в Пуні, там була раджпутська жінка на ім'я Камал Кумарі,
273 | 00:30:27,560 | 00:30:37,260 | яку захопив у пастку чоловік, що був офіцером того форту, він був мусульманином,
274 | 00:30:37,520 | 00:30:40,900 | і він казав цій Камал Кумарі: «Ти повинна вийти за мене заміж».
275 | 00:30:40,900 | 00:30:41,920 | І вона не погоджувалася.
276 | 00:30:41,920 | 00:30:46,580 | Вони привезли її звідкись, наче силою.
277 | 00:30:46,770 | 00:30:49,630 | І вона не погоджувалася; вона була раджпуткою.
278 | 00:30:51,580 | 00:30:55,140 | І він сказав: «До завтра тобі доведеться вийти за мене заміж».
279 | 00:30:58,360 | 00:31:02,160 | Ця жінка не знала, що робити,
280 | 00:31:02,160 | 00:31:08,880 | тож з кимось дуже таємно вона надіслала Шіваджі листа з ракхі.
281 | 00:31:12,360 | 00:31:14,780 | Але він дійшов до матері Шіваджі.
282 | 00:31:16,780 | 00:31:25,050 | Мати надіслала листа, надіслала повідомлення Шіваджі верхи: «Приходь сюди
283 | 00:31:25,050 | 00:31:28,630 | якнайшвидше – якщо ти їси свою їжу, то приходь сюди помити руки», настільки.
284 | 00:31:31,460 | 00:31:34,740 | А Шіваджі був такий слухняний своїй матері, дуже слухняний.
285 | 00:31:36,660 | 00:31:38,200 | Треба вчитися з його характеру.
286 | 00:31:38,780 | 00:31:45,830 | Він поспішив туди, тому що послух був його силою.
287 | 00:31:46,800 | 00:31:49,220 | Він поспішив туди і запитав: «Мамо, що сталося?».
288 | 00:31:50,150 | 00:31:52,910 | Тож вона сказала: «Ні, я хочу зіграти з тобою в шахи».
289 | 00:31:54,670 | 00:31:55,610 | Він сказав: «Чому зараз?».
290 | 00:31:55,610 | 00:31:57,090 | «Я мушу зіграти в шахи».
291 | 00:31:57,090 | 00:31:58,130 | Він не міг зрозуміти.
292 | 00:31:58,740 | 00:32:02,140 | І вона зіграла в шахи, і вона щось виграла.
293 | 00:32:02,900 | 00:32:08,320 | Вона могла б йому сказати, але вона хотіла наче накласти на нього якусь Вішнумайю.
294 | 00:32:09,470 | 00:32:11,230 | Він програв.
295 | 00:32:11,230 | 00:32:12,370 | «Мамо, що ти хочеш?».
296 | 00:32:12,970 | 00:32:21,100 | Вона сказала: «Сьогодні я хочу, щоб ти до ночі захопив цей форт».
297 | 00:32:25,750 | 00:32:28,920 | Потім вона показала йому листа й ракхі.
298 | 00:32:29,530 | 00:32:33,780 | Ракхі було настільки могутнім,
299 | 00:32:33,780 | 00:32:38,440 | що мати мусила попросити свого сина, який був відповідальний
300 | 00:32:38,440 | 00:32:43,240 | за звільнення Махараштри з лещат мусульман,
301 | 00:32:43,240 | 00:32:48,020 | щоб він пішов до цього форту і захопив його.
302 | 00:32:49,770 | 00:32:52,270 | Таке могутнє послання з того шнурочка.
303 | 00:32:52,270 | 00:32:54,670 | Отже.
304 | 00:32:54,670 | 00:32:55,610 | Гаразд.
305 | 00:32:55,870 | 00:32:56,610 | Вийшов.
306 | 00:32:56,610 | 00:32:59,450 | Він був досить стривожений, як це зробити.
307 | 00:32:59,450 | 00:33:03,790 | Раптом один чоловік на ім'я Танаджі прийшов запросити його
308 | 00:33:03,790 | 00:33:05,790 | на весілля свого сина зі своїм дядьком.
309 | 00:33:08,450 | 00:33:10,590 | І він побачив його таким стривоженим; він сказав:
310 | 00:33:10,650 | 00:33:13,870 | «Чому ви такі стривожені, пане?».
311 | 00:33:14,410 | 00:33:16,650 | Він сказав: «Моя мати попросила мене те й те».
312 | 00:33:16,650 | 00:33:17,950 | Він сказав: «Гаразд, я йду.
313 | 00:33:17,950 | 00:33:23,310 | Вам не треба йти, тому що буде багато Танаджі, як я, але в нас є лише один Шіваджі.
314 | 00:33:23,310 | 00:33:24,710 | Я зроблю це».
315 | 00:33:24,710 | 00:33:26,490 | Він сказав: «Але твій син збирається одружуватися».
316 | 00:33:26,490 | 00:33:31,940 | Він сказав: «Спочатку нехай мій меч повінчається з цим фортом,
317 | 00:33:31,940 | 00:33:33,200 | потім я одружу свого сина».
318 | 00:33:33,680 | 00:33:35,760 | Такі люди у нас також були.
319 | 00:33:35,760 | 00:33:36,520 | Така самопожертва.
320 | 00:33:36,740 | 00:33:38,220 | Лише через те ракхі.
321 | 00:33:38,500 | 00:33:40,540 | Подумайте про це, лише одне ракхі.
322 | 00:33:41,220 | 00:33:41,500 | Гаразд.
323 | 00:33:41,600 | 00:33:43,700 | Вони не знали цієї дівчини, вони не знали її батька,
324 | 00:33:43,700 | 00:33:46,080 | вони нічого не знали про неї, вони ніколи не бачили її.
325 | 00:33:49,600 | 00:33:52,880 | Чи можете ви уявити когось, хто зробить так у сучасні часи?
326 | 00:33:52,880 | 00:33:57,240 | Ми вважаємося дуже розвиненими, могутніми, великими людьми.
327 | 00:33:58,600 | 00:34:00,700 | Навіть у фільмах нам немає потреби це показувати.
328 | 00:34:01,360 | 00:34:04,580 | Ніхто не прийде дивитися такий фільм, бо вони відчули б себе нікчемними.
329 | 00:34:07,940 | 00:34:18,110 | І він пішов туди, і використав такого великого варана, який пішов і зачепив кігтями.
330 | 00:34:18,110 | 00:34:25,429 | По мотузці він заліз нагору, і вони підкорили й здобули той форт.
331 | 00:34:26,360 | 00:34:28,960 | Було вирішено, що якщо вони матимуть успіх,
332 | 00:34:29,400 | 00:34:33,020 | вони мають запалити вогонь, який Шіваджі зможе побачити і зійти вниз.
333 | 00:34:33,020 | 00:34:35,719 | Він побачив вогонь рано-вранці, тож пішов туди,
334 | 00:34:35,719 | 00:34:40,020 | і під деревом лежало мертве тіло цього Танаджі.
335 | 00:34:40,850 | 00:34:47,429 | Він подивився на нього і сказав: «Ми здобули форт, але ми втратили лева».
336 | 00:34:47,969 | 00:34:50,949 | Ось чому його називають Фортом Лева, Сінхаґад,
337 | 00:34:50,949 | 00:34:53,530 | який можна дуже ясно побачити з Мого будинку.
338 | 00:34:53,530 | 00:34:58,530 | Але це – пам'ятники тій маленькій речі, що називається ракхі.
339 | 00:35:02,590 | 00:35:14,110 | Малий символ вираження, що може здобувати форт за фортом.
340 | 00:35:16,100 | 00:35:22,190 | Інший випадок, – Я вже розповідала цю історію раніше, але повторю її сьогодні,
341 | 00:35:23,240 | 00:35:28,400 | – це коли Александр Македонський заарештував одного царя на ім'я Пуру.
342 | 00:35:30,980 | 00:35:37,290 | Александр одружився з індійкою, і великий Александр опинився у в'язниці.
343 | 00:35:38,570 | 00:35:41,830 | То був день Вішнумайї.
344 | 00:35:43,780 | 00:35:49,740 | Тож вона надіслала – ця жінка була дуже розумна, його дружина – вона надіслала ракхі
345 | 00:35:49,740 | 00:35:56,170 | в маленькій, малюсенькій талі, гарно накритій, цареві Пуру.
346 | 00:35:56,170 | 00:36:01,850 | І, як це за обрядами, того дня це було піднесено йому.
347 | 00:36:02,300 | 00:36:04,380 | Тож він мав прийняти.
348 | 00:36:04,440 | 00:36:05,780 | Якщо це надіслано, ви повинні прийняти.
349 | 00:36:06,850 | 00:36:10,090 | Сестра надсилає це свідомо, але ви повинні прийняти.
350 | 00:36:11,600 | 00:36:16,300 | І він прийняв його, і його зав'язали, тоді він сказав: «Хто моя сестра?».
351 | 00:36:17,180 | 00:36:21,520 | Йому сказали: «Твоя сестра – це дружина Александра».
352 | 00:36:22,420 | 00:36:27,580 | Він сказав: «О Боже, це означає, що я заарештував свого власного шваґра».
353 | 00:36:27,580 | 00:36:29,880 | Одразу він стає шваґром, одразу!
354 | 00:36:30,220 | 00:36:33,160 | Жодного шлюбу не відбулося, нічого – він шваґер.
355 | 00:36:34,890 | 00:36:41,330 | Він поспішив до в'язниці, упав ниць перед великим імператором.
356 | 00:36:42,610 | 00:36:45,260 | Той не міг зрозуміти: «Що відбувається з Пуру?
357 | 00:36:46,000 | 00:36:48,040 | Чому він усе це зробив?».
358 | 00:36:48,340 | 00:36:50,280 | Він сказав: «Пане, мені шкода», своєю мовою,
359 | 00:36:50,280 | 00:36:53,080 | «Мені шкода, я не знав, що ви мій шваґер.
360 | 00:36:53,080 | 00:36:54,600 | Мені шкода за все, що я зробив.
361 | 00:36:54,600 | 00:36:56,600 | Чи пробачите ви мені?» – і все таке.
362 | 00:36:58,300 | 00:37:02,460 | І він привів його, попросив сісти на свій трон.
363 | 00:37:02,460 | 00:37:05,480 | Той не міг зрозуміти: «Що тут відбувається?».
364 | 00:37:06,130 | 00:37:06,710 | «Будь ласка».
365 | 00:37:06,710 | 00:37:09,930 | Посадив його там, одягнув на нього гірлянду, провів йому Аарті,
366 | 00:37:09,930 | 00:37:14,910 | дав йому прикраси, дав йому великі гірлянди з
367 | 00:37:14,910 | 00:37:19,430 | діамантів і рубінів та інших речей, і торкнувся його стіп,
368 | 00:37:19,430 | 00:37:23,030 | омив його стопи і потім з великою пошаною відіслав додому.
369 | 00:37:24,150 | 00:37:27,710 | Той не міг зрозуміти: «Він з глузду з'їхав чи одержимий кимось?».
370 | 00:37:28,150 | 00:37:30,570 | Він, мабуть, подумав, що якийсь грек оволодів цим чоловіком,
371 | 00:37:32,070 | 00:37:33,690 | судячи з того, як він віддавав йому шану.
372 | 00:37:33,690 | 00:37:39,360 | Коли він повернувся додому, його дружина посміхалася.
373 | 00:37:39,540 | 00:37:40,480 | Він сказав: «Чому ти посміхаєшся?».
374 | 00:37:41,660 | 00:37:44,400 | Вона сказала: «Я знала, що цей трюк спрацює з індійським розумом».
375 | 00:37:44,720 | 00:37:45,620 | «Що за трюк?».
376 | 00:37:45,960 | 00:37:47,240 | Вона показала йому один шнурочок.
377 | 00:37:47,240 | 00:37:48,160 | «Ось це був трюк».
378 | 00:37:48,860 | 00:37:50,600 | Він не міг зрозуміти, почав на нього дивитися.
379 | 00:37:50,600 | 00:37:51,780 | «Що це?».
380 | 00:37:52,490 | 00:37:54,070 | Вона сказала: «Це ракхі.
381 | 00:37:54,070 | 00:37:56,530 | Це те, що я йому надіслала.
382 | 00:37:56,530 | 00:38:00,830 | Воно має символ сестри, ось чому тебе звільнено».
383 | 00:38:02,220 | 00:38:03,900 | Александр відкинувся.
384 | 00:38:04,220 | 00:38:09,280 | Він сказав: «О Боже, ці люди можуть звільнити своїх ворогів за шнурочок?
385 | 00:38:10,150 | 00:38:11,750 | Я не можу захопити цих людей.
386 | 00:38:11,750 | 00:38:12,890 | Вони занадто добрі.
387 | 00:38:12,890 | 00:38:14,390 | Вони занадто тонкі.
388 | 00:38:14,390 | 00:38:17,250 | Ці тонкощі ми не можемо зрозуміти».
389 | 00:38:17,250 | 00:38:18,630 | І він повернув назад.
390 | 00:38:18,630 | 00:38:21,190 | Але він узяв із собою декількох поетів,
391 | 00:38:21,930 | 00:38:25,970 | які оспівували його хвалу, яким він був, якою щедрою людиною.
392 | 00:38:25,970 | 00:38:31,570 | Але мушу сказати, досить дивно бачити такого тонкого чоловіка в Греції.
393 | 00:38:32,530 | 00:38:36,210 | Але, можливо, тоді був час для них розуміти тонкощі,
394 | 00:38:36,350 | 00:38:38,010 | але сьогодні Я не маю великих надій.
395 | 00:38:39,100 | 00:38:41,580 | Як Я бачила їх, вони не настільки тонкі.
396 | 00:38:41,580 | 00:38:47,280 | У них є лише такі люди, як Онасіс, які є їхніми героями, кому вони поклоняються.
397 | 00:38:48,880 | 00:38:50,440 | Від чого і до чого ми дійшли?
398 | 00:38:51,000 | 00:38:54,860 | Як ми з однакових хороших речей зробили жахливі речі тепер.
399 | 00:38:55,120 | 00:38:56,180 | Як далеко ми зайшли.
400 | 00:38:56,500 | 00:39:01,800 | І Я сказала б, та сама Вішнумайя тепер вклала в цю майю, щоб ви тепер ішли до пекла!
401 | 00:39:02,060 | 00:39:02,400 | Кінець!
402 | 00:39:03,120 | 00:39:04,800 | Це Вона влаштувала це для вас.
403 | 00:39:05,720 | 00:39:09,440 | Вона не вважає, що американці заслуговують бути в Сахаджа Йозі.
404 | 00:39:09,440 | 00:39:11,240 | Це Вона бореться зі Мною.
405 | 00:39:11,240 | 00:39:12,900 | Вона каже: «Матінко, забудь про це!
406 | 00:39:12,900 | 00:39:13,480 | Забудь!
407 | 00:39:13,480 | 00:39:14,540 | Забудь!».
408 | 00:39:15,250 | 00:39:18,780 | Подивіться на фільми – один гірший за інший.
409 | 00:39:19,970 | 00:39:22,830 | Ви бачите останні картини, сучасні,
410 | 00:39:22,830 | 00:39:24,910 | ви навіть не можете їх дивитися, вам доводиться заплющувати очі.
411 | 00:39:25,740 | 00:39:31,990 | Та сама сила тепер для вашого знищення, використовувана вами самими.
412 | 00:39:32,440 | 00:39:34,740 | Ви використовуєте її для вашого власного знищення.
413 | 00:39:36,720 | 00:39:42,440 | Усі ці фільми працюють над тим, щоб ви билися один з одним,
414 | 00:39:42,680 | 00:39:46,120 | знищували один одного, як убивати одне одного, як бути жорстокими,
415 | 00:39:46,120 | 00:39:48,700 | як бути огидними, як бути безсоромними,
416 | 00:39:48,700 | 00:39:54,440 | як не мати самоповаги і жодної поваги до інших – усе це приходить через ці медіа.
417 | 00:39:55,080 | 00:39:57,120 | Ваші діти такі грубі.
418 | 00:39:57,250 | 00:39:59,550 | Ніхто нікого не слухає.
419 | 00:39:59,780 | 00:40:01,320 | Ніхто не поважає старших.
420 | 00:40:01,320 | 00:40:07,480 | Якщо хтось – проста, чесна, розумна, блискуча людина,
421 | 00:40:07,480 | 00:40:11,830 | вони думають, що він дурень, бо він не знає, як вас перехитрити.
422 | 00:40:12,050 | 00:40:16,970 | Він не знає, як гостро говорити, бо він не знає, як увесь час вас ображати.
423 | 00:40:18,270 | 00:40:25,220 | Уся кіноіндустрія тепер працює над тим, як вигадувати більше образливих слів.
424 | 00:40:25,730 | 00:40:31,550 | Чим більше образливих слів є, тим краще, і саме цього хоче публіка,
425 | 00:40:31,550 | 00:40:39,250 | бо тепер стало економічною справою використовувати фільми для економічних цілей.
426 | 00:40:40,350 | 00:40:43,270 | Коли гроші стають усім – що таке проституція?
427 | 00:40:43,370 | 00:40:44,490 | Ви отримуєте гроші, що поганого?
428 | 00:40:45,050 | 00:40:46,750 | Що поганого у знищенні ваших сімей?
429 | 00:40:46,890 | 00:40:47,590 | Ви отримуєте гроші.
430 | 00:40:47,590 | 00:40:48,210 | Усе гаразд.
431 | 00:40:48,210 | 00:40:50,310 | Тож, чи заберете ви ці гроші з собою,
432 | 00:40:50,310 | 00:40:53,670 | чи залишите цих варварських дітей у цій країні?
433 | 00:40:54,890 | 00:40:56,490 | Чого ви збираєтеся досягти?
434 | 00:40:56,490 | 00:40:59,450 | А орієнтація на гроші настільки велика,
435 | 00:40:59,450 | 00:41:03,290 | що люди кажуть, що американці – найскупіші люди,
436 | 00:41:03,310 | 00:41:06,390 | вони дуже потуральні до себе і найскупіші люди,
437 | 00:41:06,730 | 00:41:12,770 | тоді як тут Вішнумайя – найщедріша річ.
438 | 00:41:12,930 | 00:41:16,350 | Вона спалює Себе, щоб дати вам світло.
439 | 00:41:19,540 | 00:41:22,880 | І скнарість також приходить з орієнтацією на гроші.
440 | 00:41:24,990 | 00:41:29,250 | Вони також дуже пустотливі, іноді вони намагаються зіграти такі трюки,
441 | 00:41:29,250 | 00:41:31,770 | які дуже мерзенні й жахливі.
442 | 00:41:32,380 | 00:41:39,580 | Тоді електриці доводиться діяти, і Я не знаю, Я не знаю про Неї, як Вона все це
443 | 00:41:39,580 | 00:41:40,940 | владнає, але Вона дуже гнівається,
444 | 00:41:40,940 | 00:41:46,280 | особливо на американців, тому що це країна Її брата.
445 | 00:41:48,740 | 00:41:55,130 | Це країна, де править Її брат, і Вона хоче, щоб усе було гаразд, тому
446 | 00:41:56,960 | 00:42:04,940 | що звідси йдуть усі ці безглузді фільми, безглузді речі, які знищують увесь світ.
447 | 00:42:06,950 | 00:42:10,290 | СНІД – одне з «благословінь» Вішнумайї.
448 | 00:42:12,920 | 00:42:16,100 | Він приходить від лівої Вішуддхі, люди про це не знають.
449 | 00:42:16,240 | 00:42:21,100 | Ви починаєте потіти на лівій Вішуддхі для початку.
450 | 00:42:21,220 | 00:42:28,410 | Коли люди починають відчувати провину, вони мають зіткнутися з цим і позбутися її.
451 | 00:42:29,530 | 00:42:33,350 | Звичайно, це починається, як ви кажете, з правосторонності,
452 | 00:42:33,610 | 00:42:40,780 | але ця правосторонність зрештою закінчується на лівій Вішуддхі, а потім залишкова її
453 | 00:42:40,780 | 00:42:49,230 | частина починає породжувати такий вид слабкості в людині, тому що це також
454 | 00:42:49,620 | 00:42:58,800 | чиста форма материнства, це Центральне Серце, це чиста форма материнства.
455 | 00:42:58,800 | 00:43:03,120 | Ви бачите дитину, ви бачите дівчинку, яка невинна.
456 | 00:43:03,860 | 00:43:06,320 | Що її цікавить – то це її маленька лялечка.
457 | 00:43:06,800 | 00:43:09,320 | Вона – мати, повністю.
458 | 00:43:10,370 | 00:43:14,730 | Якщо її правильно виховано, з самого дитинства вона – мати.
459 | 00:43:15,780 | 00:43:20,300 | А материнство – це втілення жіночності.
460 | 00:43:21,800 | 00:43:24,080 | Є також деякі сахаджа йоґи, які настільки нерозумні,
461 | 00:43:24,080 | 00:43:26,900 | що не хочуть мати дітей після шлюбу.
462 | 00:43:26,960 | 00:43:29,080 | Їм слід вийти з Сахаджа Йоги, негайно.
463 | 00:43:31,150 | 00:43:35,730 | Ми зробили все це не для того, щоб мати тут людей, які не можуть народжувати дітей.
464 | 00:43:36,440 | 00:43:37,680 | Якщо вони можуть, вони повинні.
465 | 00:43:38,380 | 00:43:42,280 | Причина в тому, що є так багато великих душ, які хочуть народитися.
466 | 00:43:43,690 | 00:43:52,140 | Це великі плоди, які процвітатимуть на дереві вашого сімейного життя,
467 | 00:43:53,210 | 00:43:57,890 | і якщо ви не хочете мати жодних дітей, то що ви тут робите?
468 | 00:44:01,400 | 00:44:08,860 | Отже, головне у Вішнумайї – це те, що жінка повинна бути матір'ю.
469 | 00:44:10,950 | 00:44:16,050 | Тоді це материнство дає їй ту особливу здатність сяяти.
470 | 00:44:17,140 | 00:44:23,180 | Отже, це починається з лівої Вішуддхі, СНІД іде до Центрального Серця.
471 | 00:44:24,380 | 00:44:28,960 | Центральному Серцю кинуто виклик, материнство втрачено.
472 | 00:44:28,960 | 00:44:33,300 | Ось як антитіла слабнуть, щойно їх атаковано, вони стають слабкими,
473 | 00:44:33,300 | 00:44:39,210 | вони не можуть боротися з хворобою, і ось як людина, яка
474 | 00:44:39,210 | 00:44:44,680 | заражається на СНІД, має зіткнутися з речами таким чином,
475 | 00:44:44,680 | 00:44:50,730 | що в неї немає антитіл, тож вона стає алергійною на все і помирає.
476 | 00:44:52,000 | 00:45:01,440 | Щоб боротися зі СНІДом, повинні бути встановлені стосунки сестер і братів,
477 | 00:45:01,440 | 00:45:05,000 | щоб сестри могли стежити за
478 | 00:45:05,000 | 00:45:07,860 | чоловіками, за тим, як вони поводяться,
479 | 00:45:08,670 | 00:45:12,620 | а вони мають стежити за сестрами, за тим, як ті поводяться.
480 | 00:45:12,620 | 00:45:21,270 | У всьому цьому сатанинському русі Я бачу,
481 | 00:45:21,270 | 00:45:26,930 | що чоловіки зазнають фізичної атаки, а жінки – психічної атаки.
482 | 00:45:28,170 | 00:45:32,330 | І це така атака, що жінкам важко з неї вибратися.
483 | 00:45:35,210 | 00:45:37,490 | Перш за все, ми маємо вирішити,
484 | 00:45:37,490 | 00:45:41,310 | якою є наша мета – стати Духом, а не сексуальною точкою.
485 | 00:45:44,190 | 00:45:47,650 | Ця майя повністю змінила ваші цілі,
486 | 00:45:47,780 | 00:45:55,360 | збирається зробити з вас черв'яків або Я не знаю, що ще.
487 | 00:45:55,360 | 00:46:00,470 | Власне, ось що американці мають зрозуміти: куди вони йдуть?
488 | 00:46:01,370 | 00:46:05,790 | Усі думають, що американці наполовину божевільні, якщо не повністю божевільні.
489 | 00:46:07,020 | 00:46:09,020 | Будь-який американець, що приходить у будь-яку організацію,
490 | 00:46:09,020 | 00:46:10,160 | – «О, обережно, американець».
491 | 00:46:11,000 | 00:46:12,600 | Американці, можливо, про це не знають.
492 | 00:46:13,010 | 00:46:17,550 | Вони ніколи не вважають американця повністю осудною людиною.
493 | 00:46:17,550 | 00:46:18,590 | Яка причина?
494 | 00:46:18,590 | 00:46:22,650 | Через ці дивні, чудернацькі, нерозумні ідеї, які вони мають.
495 | 00:46:24,980 | 00:46:28,660 | Але Я чула, що тут люди стверджують,
496 | 00:46:28,660 | 00:46:31,660 | що ми маємо фундаментальне право бути нерозумними й божевільними.
497 | 00:46:34,160 | 00:46:39,750 | Ось яка річ рухається сьогодні в країні, де ви живете,
498 | 00:46:39,750 | 00:46:43,810 | і якщо ви маєте її врятувати, ви маєте повернути їхні обличчя до Бога.
499 | 00:46:44,090 | 00:46:47,070 | Ви маєте повернути їхні обличчя до Самореалізації.
500 | 00:46:47,070 | 00:46:49,790 | І це дуже, дуже складне завдання,
501 | 00:46:49,790 | 00:46:55,750 | для якого Я прошу вас, усіх сахаджа йоґів, і молюся за
502 | 00:46:55,750 | 00:46:59,330 | вас, щоб ви розвинули такий вид сили,
503 | 00:46:59,330 | 00:47:04,150 | яка є силою Вішнумайї, щоб ви сяяли силою Вішнумайї.
504 | 00:47:04,470 | 00:47:10,010 | Коли Я бачу вашу Статую Свободи, Я думаю, що вона – це Вішнумайя, яка тут стоїть.
505 | 00:47:10,010 | 00:47:15,780 | Чому вони не поставили там чоловіка, чому жінку?
506 | 00:47:15,780 | 00:47:21,340 | Вона – символ сестри, Вішнумайї, і якщо ви маєте свою свободу,
507 | 00:47:21,640 | 00:47:27,060 | майте її – але свободу мудрості, а не нерозумності.
508 | 00:47:28,040 | 00:47:30,540 | І ось що Я маю сказати вам сьогодні
509 | 00:47:30,540 | 00:47:35,700 | в цій великій країні Шрі Крішни – щоб ви краще були пильними.
510 | 00:47:37,060 | 00:47:38,420 | Краще будьте пильні.
511 | 00:47:38,740 | 00:47:45,720 | Ви можете сказати, що Вона справді керує належним чином у Південній Америці,
512 | 00:47:46,870 | 00:47:50,850 | і це було також Її володіння.
513 | 00:47:50,850 | 00:47:53,650 | І там електрика не настільки поширена.
514 | 00:47:53,650 | 00:48:00,710 | Але збочення почалося, тому що вони почали виробляти кокаїн та інші жахливі речі,
515 | 00:48:00,710 | 00:48:01,850 | щоб псувати вашу ліву Вішуддхі.
516 | 00:48:05,650 | 00:48:15,300 | Одні відчувають провину з одної речі в Північній Америці, а інша погіршує справи
517 | 00:48:15,300 | 00:48:22,630 | через кокаїн, і його гарно транспортують сюди, щоб ви псували свою Вішуддхі.
518 | 00:48:26,600 | 00:48:28,780 | Це атака на Вішнумайю, ще одна атака на Вішнумайю,
519 | 00:48:29,070 | 00:48:34,750 | з півдня, тому що вони експортують.
520 | 00:48:34,750 | 00:48:38,090 | І одного разу Я запитала їх: «Чому ви це експортуєте?».
521 | 00:48:38,270 | 00:48:41,510 | Вони сказали: «Це їхня справа – рятувати своїх людей; це не наша справа».
522 | 00:48:42,530 | 00:48:45,010 | У Колумбії, офіційно!
523 | 00:48:46,060 | 00:48:49,020 | Вони відчувають, що: якщо американці не можуть подбати про себе,
524 | 00:48:49,020 | 00:48:51,000 | як ми можемо подбати про наших людей?
525 | 00:48:52,720 | 00:48:55,390 | І вони роблять великі гроші з вас,
526 | 00:48:55,390 | 00:48:58,530 | тому що ви приділили стільки уваги грошам – «Гаразд, майте їх.
527 | 00:48:58,950 | 00:49:04,630 | Ми теж матимемо гроші, даючи вам цю жахливу річ, щоб псувати ваші Вішуддхі
528 | 00:49:04,630 | 00:49:07,650 | і забирати всі ваші гроші, якщо ви думаєте, що гроші такі важливі».
529 | 00:49:09,380 | 00:49:15,200 | Це щось, дуже велика гра, це майя, це жахлива майя, в яку потрапила ця країна.
530 | 00:49:15,820 | 00:49:22,720 | І ви маєте це робити сяючими прикладами, щоб показати,
531 | 00:49:22,720 | 00:49:29,500 | наскільки разюче жахливо те, як ми так легко приймаємо речі.
532 | 00:49:30,300 | 00:49:34,160 | Я впевнена, що ця Вішнумайя розколе тут певні горішки,
533 | 00:49:34,160 | 00:49:39,450 | і Я сподіваюся, що це створить новий шлях для сахаджа йоґів,
534 | 00:49:39,790 | 00:49:43,590 | щоб ним слідувати, щоб привести більше людей у Сахаджа Йогу належним,
535 | 00:49:43,590 | 00:49:47,050 | динамічним чином і утвердити їх у Сахаджа Йозі.
536 | 00:49:48,230 | 00:49:51,307 | Перш ніж ми почнемо Пуджу, Я справді захоплююся тим, як ви створили цю майю тут.
537 | 00:49:51,307 | 00:49:54,532 | Я сподіваюся, це покриє засліплюючу майю і поставить людей на їхній правильний шлях.
538 | 00:49:54,532 | 00:49:56,644 | Я маю сказати, Я захоплююся цим, тим, як ви це зробили.
539 | 00:49:56,644 | 00:49:57,459 | Це зроблено прекрасно.
540 | 00:49:57,459 | 00:49:59,906 | Йоґ: Чи маємо ми спершу зробити імена Шрі Вішну, а потім мантри Деві?
541 | 00:49:59,906 | 00:50:01,278 | Шрі Матаджі: А, гаразд, можна зробити так.
542 | 00:50:01,278 | 00:50:02,020 | Отже, п'ятдесят одне і...
543 | 00:50:02,020 | 00:50:03,948 | Йоґ: Є двадцять чотири імені для Сушумни, для Шрі Вішну.
544 | 00:50:03,948 | 00:50:04,986 | Шрі Матаджі: «Це не Вішнумайя.
545 | 00:50:04,986 | 00:50:06,098 | Що вам потрібно зробити – це...
546 | 00:50:06,098 | 00:50:07,432 | Вішнумайя – це Та, Хто є Дівою.
547 | 00:50:07,432 | 00:50:10,287 | Тож якщо ви візьмете імена Деві, цього достатньо, бо ми зробили імена Крішни тут.
548 | 00:50:10,287 | 00:50:11,288 | Які імена Деві у вас є?».
549 | 00:50:11,288 | 00:50:13,216 | Йоґ: Так, у нас є Деві Махатм'ям, Шрі Матаджі:
550 | 00:50:13,216 | 00:50:15,144 | «Я Деві сарва бхутешу, Вішнумайєті шабдіта».
551 | 00:50:40,020 | 00:50:42,840 | Шрі Матаджі: Які б не були імена Деві, вони підходять для імені Вішну.
552 | 00:50:42,840 | 00:50:43,660 | Гаразд.
553 | 00:50:43,660 | 00:50:46,010 | Одне з імен Деві – також Нірмала, бо означає «чиста»,
554 | 00:50:46,400 | 00:50:51,050 | також у ці дні люди говорять про Хальса й Халістан.
555 | 00:50:51,050 | 00:50:52,810 | Халіс означає «чистий».
556 | 00:50:54,550 | 00:50:59,850 | Халістан – це місце, де чисті люди мають оселитися, тобто сахаджа йоґи.
557 | 00:50:59,980 | 00:51:06,330 | Ось що було сказано, що тільки халіс-люди, тобто ті, хто чисті,
558 | 00:51:06,330 | 00:51:12,090 | мають утворити Халістан, а не ті, хто жорстокі, або ті, хто нерозумні.
559 | 00:51:12,730 | 00:51:16,150 | Це призначено для людей, які є сахаджа йоґами.
560 | 00:51:16,150 | 00:51:18,190 | Це було сказано для сахаджа йоґів.
561 | 00:51:18,190 | 00:51:24,490 | Святі ніколи б не сказали, що ці жорстокі люди мають мати свій Халістан.
562 | 00:51:25,670 | 00:51:31,830 | Отже, як вони це називають, Нірмаліти – це халістанські люди, і вони – Хальси.
563 | 00:51:32,750 | 00:51:36,230 | Така неправильна назва під впливом Вішнумайї.
564 | 00:51:36,230 | 00:51:37,600 | Ті, хто має читати імена, розумієте, не повинні казати,
565 | 00:51:37,600 | 00:51:39,150 | що треба робити; мають одразу сісти з цим.
566 | 00:51:39,150 | 00:51:41,990 | Нехай спочатку зайдуть маленькі дівчатка.
567 | 00:51:55,010 | 00:51:58,150 | Не дуже маленькі дівчатка, розумієте.
568 | 00:51:58,150 | 00:52:02,010 | Скажімо, ті, які можуть ходити самі й робити речі самостійно.
