1 | 00:00:00,080 | 00:00:01,280 | Пуджа на День народження.
2 | 00:00:01,360 | 00:00:02,640 | Лондон (Велика Британія), 23 березня 1980.
3 | 00:00:02,720 | 00:00:04,252 | День народження вашої Матері, і всі подібні святкування мають дуже глибоке значення,
4 | 00:00:04,332 | 00:00:05,532 | адже в такі моменти в атмосфері протікають особливі вібрації.
5 | 00:00:05,612 | 00:00:06,812 | Коли всі небесні тіла, Вічні Особистості,
6 | 00:00:06,892 | 00:00:08,424 | Боги й Богині співають хвалу – ось так вся атмосфера наповнюється радістю та щастям.
7 | 00:00:08,504 | 00:00:09,704 | Люди також висловлюють свою вдячність.
8 | 00:00:09,784 | 00:00:10,984 | Вираження вдячності й любові відбувається по-різному,
9 | 00:00:11,064 | 00:00:12,596 | різними способами в різних країнах, але суть залишається тією ж, а форми змінюються.
10 | 00:00:12,676 | 00:00:13,959 | Суть подібна до океану, який безперервно ллється до берегів, і хвильки,
11 | 00:00:14,039 | 00:00:15,418 | які торкаються берегів, відштовхуються назад, і формується гарний візерунок.
12 | 00:00:15,498 | 00:00:17,030 | Це така спонтанна річ і така прекрасна, створює такий чудовий візерунок в атмосфері.
13 | 00:00:17,110 | 00:00:18,310 | Усі ці хвилі, коли вони сплітають разом візерунок любові,
14 | 00:00:18,390 | 00:00:19,590 | заспокоюють людей, зачаровують людей, і все це сповнене блаженства.
15 | 00:02:35,220 | 00:02:42,720 | У такі моменти розвивається особливий тип почуттів,
16 | 00:02:42,800 | 00:02:54,759 | які ми не можемо висловити словами, тому вираження може набувати будь-якої форми.
17 | 00:02:54,839 | 00:02:58,772 | Але головне – це вираження.
18 | 00:02:58,852 | 00:03:06,947 | Бог виразив Себе через Творіння, створивши це Творіння.
19 | 00:03:07,027 | 00:03:12,743 | А Творіння має виражати свою вдячність,
20 | 00:03:12,823 | 00:03:19,580 | прославляючи Його, і ця гра має тривати вічно.
21 | 00:03:19,660 | 00:03:22,850 | Це найпрекрасніша гра.
22 | 00:03:22,930 | 00:03:30,133 | Ті, хто занурюються в цю гру, ведуть вічне життя.
23 | 00:03:30,213 | 00:03:33,254 | Це життя нескінченне,
24 | 00:03:33,334 | 00:03:43,956 | ніколи не переривається і зв'язує весь Всесвіт своєю прекрасною музикою.
25 | 00:03:51,940 | 00:03:57,267 | Сьогодні, зокрема, Я маю звернутися до людей,
26 | 00:03:57,347 | 00:04:03,395 | які відчувають себе слабкими, щоб слідувати Сахаджа
27 | 00:04:03,475 | 00:04:09,282 | Йозі, які непостійні, тих, кому бракує сили, тих,
28 | 00:04:09,362 | 00:04:14,568 | хто боїться сприймати Сахаджа Йоґу серйозно.
29 | 00:04:14,648 | 00:04:22,137 | Дуже важливо чітко побачити непостійність – чому ми непостійні.
30 | 00:04:22,217 | 00:04:31,269 | Здебільшого це може бути его, яке заважає вам робити щось дуже-дуже важливе.
31 | 00:04:31,349 | 00:04:40,761 | Непостійність приходить до нас різними шляхами, як Я сказала, один з них – его.
32 | 00:04:40,841 | 00:04:46,648 | Непостійна людина може бути налякана власним его,
33 | 00:04:46,728 | 00:04:53,256 | і вона може припинити займатися Сахаджа Йоґою, дійшовши
34 | 00:04:53,336 | 00:04:58,903 | до певного моменту, бо его може сказати: «Далі,
35 | 00:04:58,983 | 00:05:05,151 | якщо ти підеш, є тунель, в який ти не зможеш увійти.
36 | 00:05:05,231 | 00:05:07,794 | Тобі не слід іти далі.
37 | 00:05:07,874 | 00:05:10,197 | Це дуже небезпечно».
38 | 00:05:10,277 | 00:05:14,883 | Це може бути зіпсовано вашими Лінощами.
39 | 00:05:14,963 | 00:05:20,410 | Лінощі – це прокляття цієї країни, Я відчуваю.
40 | 00:05:20,490 | 00:05:24,255 | Це також прокляття Сахаджа Йоґи.
41 | 00:05:24,335 | 00:05:29,421 | Я не знаю, чи це прокляття Західного Світу,
42 | 00:05:29,501 | 00:05:34,707 | але Лінощі – це щось на зразок диявола, який
43 | 00:05:34,787 | 00:05:40,835 | може тримати вас міцно приклеєними до ваших позицій
44 | 00:05:40,915 | 00:05:45,040 | і не дозволить вам зрушити з місця.
45 | 00:05:45,120 | 00:05:50,326 | Наприклад, вранці ви прокидаєтеся і думаєте:
46 | 00:05:50,406 | 00:05:55,612 | «О, все гаразд, навіщо вставати рано вранці?
47 | 00:05:55,692 | 00:05:58,615 | Немає потреби медитувати.
48 | 00:05:58,695 | 00:06:01,018 | Я зроблю це завтра».
49 | 00:06:01,098 | 00:06:07,746 | Або ви починаєте думати: «Це можна зробити через місяць,
50 | 00:06:07,826 | 00:06:13,393 | не має значення, Матаджі тут, все буде гаразд».
51 | 00:06:13,473 | 00:06:20,001 | Але ви повинні знати, що у вас стільки недосконалостей,
52 | 00:06:20,081 | 00:06:26,008 | і якщо ви не будете медитувати зараз, серйозно, не
53 | 00:06:26,088 | 00:06:31,294 | візьметеся за це як за дуже серйозну справу,
54 | 00:06:31,374 | 00:06:38,503 | ви можете відстати настільки, що вас можуть залишити позаду.
55 | 00:06:40,520 | 00:06:43,936 | Медитація дуже важлива після Сахаджа Йоґи.
56 | 00:06:44,016 | 00:06:46,599 | Ви спали і спали все своє життя.
57 | 00:06:46,679 | 00:06:48,430 | Сон не такий важливий.
58 | 00:06:48,510 | 00:06:51,176 | Ви маєте сьогодні пообіцяти Мені,
59 | 00:06:51,256 | 00:06:56,586 | що з завтрашнього дня ви всі будете вставати вранці й медитувати.
60 | 00:06:56,666 | 00:07:00,664 | Я пропонувала, що якщо ви приймаєте ванну вранці,
61 | 00:07:00,744 | 00:07:04,326 | буде краще, щоб у вас не було сонного стану.
62 | 00:07:04,406 | 00:07:08,571 | Лінощі – це така підступна річ, що ви їх не бачите.
63 | 00:07:08,651 | 00:07:10,152 | Вони пояснюють все.
64 | 00:07:10,232 | 00:07:13,897 | Якщо ви скажете: «О, я хворий», вони скажуть:
65 | 00:07:13,977 | 00:07:17,809 | «О, ти такий хворий, тобі слід іти до лікарні».
66 | 00:07:17,889 | 00:07:23,885 | Якщо ви скажете: «Я втомлений», вони скажуть: «Ти надзвичайно втомлений».
67 | 00:07:23,965 | 00:07:26,964 | Чому ви маєте бути такими втомленими?
68 | 00:07:27,044 | 00:07:32,540 | Це ніщо інше, як ваші Лінощі кажуть вам: «Ти надзвичайно втомлений,
69 | 00:07:32,620 | 00:07:36,618 | краще не медитуй зараз, ти надзвичайно втомлений.
70 | 00:07:36,698 | 00:07:39,031 | Краще відпочинь, це важливо».
71 | 00:07:40,020 | 00:07:42,803 | Лінощі гірші за суперего та его.
72 | 00:07:42,883 | 00:07:46,561 | Це свого роду інерція, яка тягне вас униз,
73 | 00:07:46,641 | 00:07:51,751 | і цю інерцію вам потрібно справді відкинути і вийти з неї.
74 | 00:07:51,831 | 00:07:56,046 | Оскільки вона пояснює все, вона вам подобається,
75 | 00:07:56,126 | 00:08:01,594 | бо дає трохи комфорту, і ви хочете покладатися на свої Лінощі.
76 | 00:08:01,674 | 00:08:08,573 | Але Крішна сказав у Ґіті, що Лінощі – це найгірше, що може трапитися з людьми.
77 | 00:08:08,653 | 00:08:13,673 | Якщо вони піддаються Лінощам, якщо вони приймають Лінощі,
78 | 00:08:13,753 | 00:08:17,968 | вони матимуть усі пояснення для свого лінивства.
79 | 00:08:18,048 | 00:08:21,994 | Він назвав це «аласья» – це найгірша хвороба,
80 | 00:08:22,074 | 00:08:26,915 | за Його словами, для будь-якого шукача духовного життя.
81 | 00:08:30,700 | 00:08:35,087 | Ви можете думати: «Бачите, мені зараз не добре» – чи будь-що інше,
82 | 00:08:35,167 | 00:08:37,929 | Лінощі можуть підкинути вам будь-які ідеї.
83 | 00:08:38,009 | 00:08:40,298 | Оскільки Я цього не маю, Я не знаю,
84 | 00:08:40,378 | 00:08:43,953 | які ідеї вони вам підкидають, але вони можуть дати вам
85 | 00:08:44,033 | 00:08:47,608 | будь-яку ідею, яка буде дуже-дуже привабливою для вас,
86 | 00:08:47,688 | 00:08:50,247 | бо вони знають, як догодити вашому его.
87 | 00:08:50,327 | 00:08:53,496 | Лінощі – це те, що задовольняє его, потурає его,
88 | 00:08:53,576 | 00:08:57,151 | і вони змушують вас відчувати: «О, ти дуже втомлений».
89 | 00:08:57,231 | 00:08:58,572 | Від чого ви втомлені?
90 | 00:08:58,652 | 00:09:01,956 | Ви всі молоді люди, чому ви маєте бути втомленими?
91 | 00:09:02,036 | 00:09:04,731 | Ви втомлюєтеся так швидко – це ніщо інше,
92 | 00:09:04,811 | 00:09:07,641 | як ваш пан Лінощі каже вам, що ви втомлені.
93 | 00:09:07,721 | 00:09:11,093 | Ви будете здивовані – після того, як відчули втому,
94 | 00:09:11,173 | 00:09:13,935 | якщо пробіжите дві милі, ви зможете бігти.
95 | 00:09:15,780 | 00:09:22,007 | Тепер, чому Лінощі діють на Сахаджа Йоґу так згубно?
96 | 00:09:22,087 | 00:09:28,193 | Чому Лінощі так сильно працюють проти Сахаджа Йоґи?
97 | 00:09:28,273 | 00:09:35,956 | Причина в тому, що ми ще не ототожнилися зі своїм благополуччям.
98 | 00:09:36,036 | 00:09:38,139 | Ми не думаємо, що:
99 | 00:09:38,220 | 00:09:42,376 | «Ми маємо стати кращими, маємо вдосконалюватися,
100 | 00:09:42,456 | 00:09:47,230 | маємо йти далі, є великий розрив, ми маємо це зробити».
101 | 00:09:47,310 | 00:09:50,407 | Ми не ототожнені зі своїм прогресом.
102 | 00:09:50,487 | 00:09:53,760 | Припустімо, якщо Я скажу вам в Англії,
103 | 00:09:53,840 | 00:09:57,996 | що якщо ви будете бігати дві милі кожного ранку,
104 | 00:09:58,076 | 00:10:05,145 | ви отримаєте приз за красу, 99,9% людей, жінок цієї країни, бігали б рано вранці.
105 | 00:10:05,225 | 00:10:11,852 | Припустімо, якщо хтось скаже чоловікам: «Ви отримаєте звання Містер Всесвіт,
106 | 00:10:11,932 | 00:10:16,706 | якщо будете бігати кожного ранку по п'ять миль», – Я не
107 | 00:10:16,786 | 00:10:23,590 | знаю, 99,999% людей бігали б саме так, бо ми ототожнені з таким видом змагань,
108 | 00:10:23,670 | 00:10:28,091 | який є дуже матеріалістичним, який не має цінності.
109 | 00:10:28,171 | 00:10:32,768 | Але коли ви відмовляєтеся навіть від такого змагання,
110 | 00:10:32,848 | 00:10:39,034 | ви впадаєте в інше змагання – де всі змагаються одне з одним у Лінощах.
111 | 00:10:39,114 | 00:10:43,182 | Вони встають вранці, дивляться навколо: «Ну от,
112 | 00:10:43,262 | 00:10:46,800 | Кулі ще спить, гаразд, давай і я посплю».
113 | 00:10:46,880 | 00:10:51,301 | Тож Кулі подумає: «Він ще спить, давай і я посплю».
114 | 00:10:51,381 | 00:10:58,185 | Отже, йде велике змагання – хто прокинеться першим, хто збирається це зробити.
115 | 00:10:58,265 | 00:11:04,010 | І якщо хтось встає, інший починає шукати вади: «Він встав, але що?
116 | 00:11:04,090 | 00:11:07,452 | Він просто пив чай» чи «Він розмовляв».
117 | 00:11:07,532 | 00:11:08,732 | А що щодо вас?
118 | 00:11:08,812 | 00:11:10,762 | Ви все ще були в ліжку!
119 | 00:11:10,842 | 00:11:14,998 | Принаймні він встав, розмовляв, не має значення.
120 | 00:11:15,078 | 00:11:16,674 | Але він бив ногами.
121 | 00:11:16,754 | 00:11:20,292 | А що щодо вас, хто все ще дрімав у ліжку?
122 | 00:11:21,380 | 00:11:27,357 | Це ж така дитяча річ, Я маю на увазі, така дитяча річ – говорити про це
123 | 00:11:27,437 | 00:11:33,329 | з такими інтелектуалами, як ви, такими начитаними й обізнаними людьми.
124 | 00:11:33,409 | 00:11:37,253 | Це не личить Мені, Матері таких великих людей,
125 | 00:11:37,333 | 00:11:40,495 | так говорити, але іноді Я бачу, що Мої
126 | 00:11:40,575 | 00:11:43,907 | сахаджа йоґи подібні до дворічних дітей,
127 | 00:11:43,987 | 00:11:48,258 | і тоді Мені доводиться їм казати: «Ви вже виросли».
128 | 00:11:48,338 | 00:11:54,401 | Бачите, ви можете пояснити це, але як ви збираєтеся пояснити самим собі?
129 | 00:11:54,481 | 00:11:59,434 | Бо якщо ви маєте рости, якщо хочете, щоб ваше дерево росло,
130 | 00:11:59,514 | 00:12:03,700 | ви повинні змінити свої пріоритети та ототожнення.
131 | 00:12:03,780 | 00:12:07,795 | Якщо ви хочете стати першокласним сахаджа йоґом,
132 | 00:12:07,875 | 00:12:11,122 | вам потрібно звернути на це свою увагу.
133 | 00:12:11,202 | 00:12:13,510 | Я не знаю, як це влаштувати.
134 | 00:12:13,590 | 00:12:18,117 | Припустімо, ми влаштуємо це так – це дуже по-дитячому,
135 | 00:12:18,197 | 00:12:21,700 | але Я мушу вам сказати, бо Я бачила, що це
136 | 00:12:21,780 | 00:12:25,368 | проблема, – що «того дня, коли я не встану,
137 | 00:12:25,448 | 00:12:30,572 | мені доведеться заплатити 10 пенсів», давайте домовимося так.
138 | 00:12:30,652 | 00:12:35,691 | Якщо у вас набагато більша зарплата, поставте десять фунтів.
139 | 00:12:35,771 | 00:12:36,971 | Але щось таке.
140 | 00:12:37,051 | 00:12:42,004 | Або ви можете сказати: «Того дня я віддам один свій светр».
141 | 00:12:42,084 | 00:12:43,454 | Почніть із цього.
142 | 00:12:43,534 | 00:12:44,734 | Це дуже просто.
143 | 00:12:44,814 | 00:12:49,085 | Люди скажуть: «Ні, Матінко, коли я медитую, знаєте,
144 | 00:12:49,165 | 00:12:55,739 | щось іде не так зі мною» – це означає, що ви не в порядку, з вами щось не так.
145 | 00:12:55,819 | 00:12:58,554 | Тож вам краще сісти й медитувати.
146 | 00:13:00,400 | 00:13:06,385 | Тепер Я мушу сказати: якщо ви не медитуєте, ви дуже егоїстичні.
147 | 00:13:06,465 | 00:13:08,695 | Ось у чому головна суть.
148 | 00:13:08,775 | 00:13:16,300 | Адже коли ви приходите сюди, скорпіони виповзають із вас, щоб жалити Мої Стопи.
149 | 00:13:16,380 | 00:13:20,632 | Змії виповзають із вас, щоб кусати Мої Стопи.
150 | 00:13:20,712 | 00:13:23,327 | Ви хочете робити це зі Мною?
151 | 00:13:23,407 | 00:13:25,156 | Або з іншими також.
152 | 00:13:25,236 | 00:13:31,125 | Днями хтось прийшов до Мого дому, і Чайя та всі інші були там.
153 | 00:13:31,205 | 00:13:37,286 | Він був настільки заблокований, що їх крутило від запаморочення,
154 | 00:13:37,366 | 00:13:41,329 | і всі намагалися це прибрати й опрацювати.
155 | 00:13:41,409 | 00:13:47,875 | Якщо ви хочете, щоб Сахаджа Йоґа працювала в цій країні й на Заході,
156 | 00:13:47,955 | 00:13:54,614 | ми повинні зрозуміти свою власну цінність і повинні працювати над цим.
157 | 00:13:54,700 | 00:14:01,929 | Кожного разу, коли у вас блокування, кожного разу, коли ви зустрічаєтеся зі Мною,
158 | 00:14:02,009 | 00:14:07,252 | у вас блокування – як тоді ви збираєтеся відчути Кундаліні?
159 | 00:14:07,332 | 00:14:12,215 | Ви повинні знати, як Кундаліні рухається всередині вас.
160 | 00:14:12,295 | 00:14:16,095 | Скажімо, де вона, як далеко вона піднялася.
161 | 00:14:16,175 | 00:14:20,516 | Принаймні має бути щонайменше десять таких людей,
162 | 00:14:20,596 | 00:14:23,674 | бо Я тут так наполегливо працювала.
163 | 00:14:23,754 | 00:14:31,253 | Ви не знаєте, Я не працювала стільки років в Індії, а там буде щонайменше 80% людей,
164 | 00:14:31,333 | 00:14:37,930 | які можуть відчути, як рухається Кундаліні – вона тут, вона там, вона там.
165 | 00:14:38,010 | 00:14:42,080 | А деякі люди надто задоволені своїм прогресом.
166 | 00:14:42,160 | 00:14:48,577 | Це як ціла група людей, що кудись прямує, скажімо, перетягування канату.
167 | 00:14:48,657 | 00:14:55,795 | Навіть якщо одна людина зробить два кроки вперед від свого місця, все зрушиться.
168 | 00:14:55,875 | 00:15:03,013 | Але ми не звертаємо уваги на людей, які рухають це до себе – ми завжди дивимося:
169 | 00:15:03,093 | 00:15:07,705 | «Як ми можемо змагатися з людиною, яка не рухається?
170 | 00:15:07,785 | 00:15:13,299 | Якщо він відступає на два кроки, ми можемо відступити на три».
171 | 00:15:13,379 | 00:15:15,915 | Такий підхід нам не допоможе.
172 | 00:15:15,995 | 00:15:19,885 | Ви знаєте, що Сахаджа Йоґа – це єдиний шлях,
173 | 00:15:19,965 | 00:15:24,396 | єдиний метод, який Божественна Благодать вам дала,
174 | 00:15:24,476 | 00:15:28,907 | завдяки якому ви збираєтеся перетворити весь світ,
175 | 00:15:28,987 | 00:15:33,509 | і як ледачі лежебоки можуть допомогти Сахаджа Йозі?
176 | 00:15:34,860 | 00:15:37,562 | Лінь – це найгірше на сьогодні.
177 | 00:15:37,642 | 00:15:43,844 | Я знаю, що сьогодні не той день, щоб говорити все це, але ви всі маєте
178 | 00:15:43,924 | 00:15:49,947 | пообіцяти Мені, що ви збираєтеся відмовитися від своєї ліні – Сваха.
179 | 00:15:50,027 | 00:15:56,947 | Ось що Я побачила – кожного разу, коли Я зустрічаюся з вами, у вас блокування.
180 | 00:15:57,027 | 00:16:03,050 | Ще одна річ, яка суперечить Сахаджа Йозі – Я говорила вам сто разів,
181 | 00:16:03,130 | 00:16:09,243 | Я не знаю скільки разів – це говорити погано про інших сахаджа йоґів.
182 | 00:16:09,323 | 00:16:15,525 | Ми всі є частиною одного тіла, скажімо, ми всі є частиною однієї руки.
183 | 00:16:15,605 | 00:16:21,448 | Тепер, якщо цей палець почне говорити погано про цей, що це дасть?
184 | 00:16:21,528 | 00:16:25,935 | Говорити погано одне про одного – дуже погана річ.
185 | 00:16:26,015 | 00:16:33,474 | Тож сьогодні також вирішіть: «Ми ніколи не будемо говорити погано про когось іншого,
186 | 00:16:33,554 | 00:16:37,153 | а подивимося на себе – яка наша позиція».
187 | 00:16:39,960 | 00:16:44,111 | Я бачила, як люди відпускають зауваження про інших,
188 | 00:16:44,191 | 00:16:48,590 | хоча самі сильно заблоковані й не турбуються про себе.
189 | 00:16:48,670 | 00:16:52,821 | Тепер, як ви збираєтеся вдосконалюватися від цього?
190 | 00:16:52,901 | 00:16:55,724 | Якщо ви не звертаєте уваги на себе,
191 | 00:16:55,804 | 00:17:00,535 | а звертаєте увагу на інших, ви не можете вдосконалюватися.
192 | 00:17:00,615 | 00:17:03,106 | Тож іще одна обіцянка має бути:
193 | 00:17:03,186 | 00:17:07,668 | «Ми не будемо говорити погано про інших сахаджа йоґів».
194 | 00:17:07,748 | 00:17:12,728 | Але жоден сахаджа йоґ не повинен сприймати нічого як належне.
195 | 00:17:12,808 | 00:17:15,963 | Ми маємо справді наполегливо працювати.
196 | 00:17:16,043 | 00:17:22,433 | Отже, друга звичка – говорити погано про інших сахаджа йоґів – має бути Сваха,
197 | 00:17:22,513 | 00:17:24,341 | і навіть думати про це.
198 | 00:17:24,421 | 00:17:29,650 | Ви абсолютно ріжете нитки Сахаджа Йоґи, які Я так ніжно зіткала.
199 | 00:17:29,730 | 00:17:33,051 | Тепер, ви будете щедрими до Мене, Я знаю.
200 | 00:17:33,131 | 00:17:35,373 | Ви можете бути дуже щедрими,
201 | 00:17:35,453 | 00:17:40,101 | ви подарували Мені дуже гарну картину, Я дуже вдячна вам.
202 | 00:17:40,181 | 00:17:44,000 | Але спробуйте робити це і для інших – щедрість.
203 | 00:17:44,080 | 00:17:50,470 | Ви маєте бути справді зв'язані разом, і тоді побачите, що ми зможемо створити.
204 | 00:17:50,700 | 00:17:54,385 | Ви бачили, як чудово ми провели виставку.
205 | 00:17:54,465 | 00:17:56,221 | Всі були зачаровані.
206 | 00:17:56,301 | 00:18:00,720 | Всі були дуже щасливі, що ви так добре впоралися.
207 | 00:18:00,800 | 00:18:06,138 | Це було таке радісне, і всі вітали, вони телефонували Мені.
208 | 00:18:06,218 | 00:18:08,709 | Вони казали: «Як вони разом?
209 | 00:18:08,789 | 00:18:12,014 | Не було ні сварок, ні бійок, нічого.
210 | 00:18:12,094 | 00:18:14,493 | Вони зробили це так добре».
211 | 00:18:14,573 | 00:18:22,115 | Тож скажіть своєму розуму: «Як ти смієш думати погано про будь-якого сахаджа йоґа?»
212 | 00:18:22,195 | 00:18:26,706 | Чи знаєте ви, що ви всі є святими найвищого рівня?
213 | 00:18:26,786 | 00:18:33,960 | І такі жалюгідні, безглузді, такі низького рівня речі – як ви можете це робити?
214 | 00:18:34,040 | 00:18:38,459 | Я можу говорити погано про інших, Я можу сказати:
215 | 00:18:38,539 | 00:18:42,315 | «Він поганий» – просто щоб перевірити вас.
216 | 00:18:42,395 | 00:18:48,008 | Я так часто це роблю, щоб побачити, як ви ставитеся до когось.
217 | 00:18:48,088 | 00:18:52,232 | Якщо Я кажу, що хтось поганий, просто мовчіть.
218 | 00:18:52,312 | 00:18:53,976 | Це матиме дві мети.
219 | 00:18:54,056 | 00:18:58,292 | Одна буде – якщо ви співчуваєте комусь, Я кажу:
220 | 00:18:58,372 | 00:19:02,883 | «Не співчувайте», бо ви співчуваєте не тій людині.
221 | 00:19:02,963 | 00:19:06,280 | Або, можливо, Я просто перевіряю вас.
222 | 00:19:06,360 | 00:19:13,626 | Тож тримайте це в своєму розумі – якщо Я кажу, що ця людина негідна, тримайте це
223 | 00:19:13,706 | 00:19:20,605 | в розумі: «Чи я співчуваю цій людині?» Це негативне співчуття дуже поширене.
224 | 00:19:20,685 | 00:19:25,563 | Тож третя обіцянка має бути – ми не будемо співчувати.
225 | 00:19:25,643 | 00:19:31,532 | Якщо ви «спів-чуваєте» – це означає «ви ділите страждання інших».
226 | 00:19:31,612 | 00:19:35,388 | Ви маєте лише ділити радість іншої людини.
227 | 00:19:35,468 | 00:19:42,734 | Тож ми не будемо співчувати іншим, нікому, а будемо ділити радість іншої людини.
228 | 00:19:42,814 | 00:19:49,437 | Ту частину, що є радістю іншої людини, ми будемо ділити й шукати радість.
229 | 00:19:49,517 | 00:19:52,467 | Намагайтеся бачити добрі сторони.
230 | 00:19:52,547 | 00:19:55,681 | Деякі люди просто не можуть бачити.
231 | 00:19:55,761 | 00:19:58,986 | Ось так ви домінуєте одне над одним.
232 | 00:19:59,066 | 00:20:00,363 | Це неправильно.
233 | 00:20:01,520 | 00:20:10,395 | У зростанні життєвої важливості важливо знати, що є життєво важливими частинами.
234 | 00:20:10,475 | 00:20:17,111 | Якщо ви намагаєтеся тиснути на одну життєво важливу частину,
235 | 00:20:17,191 | 00:20:23,827 | ви також не можете рости, бо ви всі підтримуєте одне одного.
236 | 00:20:23,907 | 00:20:32,446 | Тож третя річ – ви маєте пообіцяти, що ви більше не будете співчувати нікому.
237 | 00:20:32,526 | 00:20:37,931 | Ніхто з вас не може любити так, як можу любити Я.
238 | 00:20:38,011 | 00:20:46,550 | І тоді потрібно знати: якщо у вас є співчуття, в ньому немає потреби взагалі.
239 | 00:20:46,630 | 00:20:50,915 | Але ви повинні мати почуття до кожного.
240 | 00:20:55,180 | 00:20:58,638 | Тепер, кожна людина має характер і темперамент.
241 | 00:20:58,718 | 00:21:03,682 | Окрім її власного «Я», є її Дух, який чистий, у Своїй власній формі
242 | 00:21:03,762 | 00:21:08,575 | Він просто дає вам вібрації, вказує праворуч, ліворуч і все таке.
243 | 00:21:08,655 | 00:21:12,038 | Але кожен має характер, це важливо, бо світло,
244 | 00:21:12,118 | 00:21:16,931 | що горить у свічці, може бути різного стилю, одне – іншого стилю.
245 | 00:21:17,011 | 00:21:21,824 | Виглядає гарно, різноманітність виглядає гарно, вона надає красу.
246 | 00:21:21,904 | 00:21:24,458 | Тож ви повинні знати свій характер.
247 | 00:21:24,538 | 00:21:29,351 | Поважайте свій характер і насолоджуйтеся характером іншої людини.
248 | 00:21:29,431 | 00:21:32,889 | Я дійсно насолоджуюся вашими характерами і тим,
249 | 00:21:32,969 | 00:21:36,577 | як мило ви ставитеся до своїх власних характерів.
250 | 00:21:36,657 | 00:21:39,061 | Але темперамент – це не ваше «Я».
251 | 00:21:39,141 | 00:21:41,394 | Темпераменти ви маєте залишити.
252 | 00:21:41,474 | 00:21:43,727 | Темпераменти – це жахливі речі.
253 | 00:21:43,807 | 00:21:48,771 | Відмовтеся від своїх темпераментів, але тримайтеся свого характеру.
254 | 00:21:48,851 | 00:21:51,932 | Характер – це щось таке велике, таке миле,
255 | 00:21:52,012 | 00:21:55,470 | і Я бачу цей характер у людині, і Мені хочеться
256 | 00:21:55,550 | 00:21:56,975 | сказати – як це так,
257 | 00:21:57,055 | 00:22:01,793 | що вони не ототожнюються зі своїм характером, а з темпераментом?
258 | 00:22:01,873 | 00:22:07,740 | Адже, припустімо, хтось має темперамент казати щось безглузде – це темперамент.
259 | 00:22:07,820 | 00:22:10,901 | Тож ви просто кажете: «Що це відбувається?
260 | 00:22:10,981 | 00:22:12,933 | Чому я кажу безглузді речі?
261 | 00:22:13,013 | 00:22:15,040 | Мені краще позбутися цього».
262 | 00:22:15,120 | 00:22:19,557 | Хтось має темперамент дуже швидко закипати – тож подивіться,
263 | 00:22:19,637 | 00:22:22,342 | цей темперамент – це не ваш характер.
264 | 00:22:22,422 | 00:22:28,665 | Але деякі люди такого низького рівня, що навіть у їхньому характері ви можете знайти
265 | 00:22:28,745 | 00:22:29,945 | щось,
266 | 00:22:30,025 | 00:22:36,268 | що продовжує й продовжує тривати – їхній темперамент став єдиним з їхнім характером.
267 | 00:22:36,348 | 00:22:38,225 | Тож намагайтеся розділити.
268 | 00:22:38,305 | 00:22:43,570 | Перш за все, відокремте себе від свого темпераменту до свого характеру,
269 | 00:22:43,650 | 00:22:46,731 | і в цьому характері засвітіть своє світло.
270 | 00:22:46,811 | 00:22:49,817 | Подивіться, якими прекрасними ви станете,
271 | 00:22:49,897 | 00:22:53,000 | ви будете насолоджуватися одне одним набагато більше.
272 | 00:22:55,140 | 00:22:59,907 | Тепер, коли ви зі Мною, Я знаю все про вас, без сумніву.
273 | 00:22:59,987 | 00:23:01,187 | Усе.
274 | 00:23:01,267 | 00:23:05,342 | У вашому розумі, що відбувається, Я читаю думки.
275 | 00:23:05,422 | 00:23:09,497 | Я читаю все, але те, що Я бачу – це ваше світло.
276 | 00:23:09,577 | 00:23:12,786 | Потім те, що Я бачу – це ваш характер.
277 | 00:23:12,866 | 00:23:17,547 | Я не переймаюся вашим темпераментом, але настає момент,
278 | 00:23:17,627 | 00:23:21,269 | коли цей темперамент стає домінуючою річчю.
279 | 00:23:21,349 | 00:23:25,510 | Ви стаєте настільки ототожненими з ним: «Я такий!
280 | 00:23:25,590 | 00:23:26,790 | Я такий!
281 | 00:23:26,870 | 00:23:28,070 | Що робити?
282 | 00:23:28,150 | 00:23:29,350 | Я такий!
283 | 00:23:29,430 | 00:23:31,340 | Це трапляється зі мною.
284 | 00:23:31,420 | 00:23:32,620 | Я...
285 | 00:23:32,700 | 00:23:33,900 | Я...
286 | 00:23:33,980 | 00:23:35,180 | Я...
287 | 00:23:35,260 | 00:23:36,460 | Я...
288 | 00:23:36,540 | 00:23:37,740 | Я».
289 | 00:23:37,820 | 00:23:42,327 | Тож четверта резолюція має бути – більше ніякого «я».
290 | 00:23:42,407 | 00:23:46,741 | Ми не будемо говорити про «я», «я думаю», «я вірю».
291 | 00:23:46,821 | 00:23:48,021 | Хто ви такі?
292 | 00:23:48,101 | 00:23:50,271 | «Я вірю» – ну хто ви такі?
293 | 00:23:50,351 | 00:23:55,464 | Ви Ісус Христос, що ваші вірування та ваша віра такі великі?
294 | 00:23:55,544 | 00:24:00,051 | Тож ми повинні казати «ми», «ми вважаємо», «ми такі».
295 | 00:24:00,131 | 00:24:06,283 | Тепер ми маємо рухатися як одне тіло, з усіма нашими різними характерами
296 | 00:24:06,363 | 00:24:11,650 | ми маємо казати «ми», «ми, які є частиною однієї особистості».
297 | 00:24:11,730 | 00:24:16,064 | Тож завжди кажіть «ми», і ось так ми повинні знати,
298 | 00:24:16,144 | 00:24:21,084 | що ці темпераменти є тим, що тримає нас осторонь від усіх.
299 | 00:24:21,164 | 00:24:25,671 | Темпераменти можуть бути – хтось є плаксивою дитиною.
300 | 00:24:25,751 | 00:24:30,691 | Тоді ця людина залишатиметься плаксивою дитиною так довго,
301 | 00:24:30,771 | 00:24:33,287 | поки Я не розіб'ю Собі голову.
302 | 00:24:33,367 | 00:24:38,654 | Якщо хтось є наляканою людиною, він буде завжди так наляканий.
303 | 00:24:38,734 | 00:24:41,077 | Ви щось скажете – наляканий.
304 | 00:24:41,157 | 00:24:42,357 | Це марно.
305 | 00:24:42,437 | 00:24:43,637 | Навіщо бути таким?
306 | 00:24:43,717 | 00:24:44,917 | Будьте нормальними.
307 | 00:24:44,997 | 00:24:46,197 | Якщо у вас такий темперамент – будьте нормальними.
308 | 00:24:46,277 | 00:24:47,477 | Це нехорошо.
309 | 00:24:44,020 | 00:24:46,727 | Деякі люди агресивні або запальні.
310 | 00:24:46,807 | 00:24:49,760 | Вони будуть постійно виходити з себе.
311 | 00:24:49,840 | 00:24:53,285 | Це знову темперамент, це не їхній характер.
312 | 00:24:53,365 | 00:24:56,564 | Характер проявляється в маленьких речах.
313 | 00:24:56,644 | 00:24:58,367 | Я покажу вам характер.
314 | 00:24:58,447 | 00:25:01,810 | Ось людина має характер – вона дуже щедра.
315 | 00:25:01,890 | 00:25:04,843 | Вона скаже щось, що буде дуже щедрим.
316 | 00:25:04,923 | 00:25:08,778 | Людина, яка має люблячий характер, зробить щось,
317 | 00:25:08,858 | 00:25:11,975 | що покаже, що вона надзвичайно любляча.
318 | 00:25:12,055 | 00:25:15,336 | Тож спочатку з'ясуйте, який ваш характер.
319 | 00:25:15,416 | 00:25:20,665 | Припустімо, ви любляча людина, тоді чому б не любити одне одного?
320 | 00:25:20,745 | 00:25:23,042 | Чому б не говорити про любов?
321 | 00:25:23,122 | 00:25:24,927 | Чому б не бути добрими?
322 | 00:25:25,007 | 00:25:29,682 | Ми придушуємо це і приймаємо свій темперамент за своє «я».
323 | 00:25:29,762 | 00:25:33,781 | І щойно ви приймаєте свій темперамент за своє «я»,
324 | 00:25:33,861 | 00:25:37,634 | виникають проблеми за проблемами за проблемами.
325 | 00:25:37,714 | 00:25:39,683 | Вони просто як бульбашки.
326 | 00:25:39,763 | 00:25:45,012 | Ці темпераменти не мають цінності, не мають змісту, вони даремні.
327 | 00:25:45,092 | 00:25:47,799 | І вони – найбільші вбивці радості.
328 | 00:25:47,879 | 00:25:52,554 | Якщо у вас є одна людина, яка темпераментна – все пропало.
329 | 00:25:52,634 | 00:25:58,129 | Усі ви знатимете, що ця людина має цей темперамент – і втечуть геть.
330 | 00:25:58,780 | 00:26:03,011 | Люди мають свої власні способи робити речі,
331 | 00:26:03,091 | 00:26:07,824 | але потрібно злитися, потрібно віддатися Цілому.
332 | 00:26:07,904 | 00:26:13,539 | Ми повинні навчитися віддавати наші маленькі речі Цілому,
333 | 00:26:13,619 | 00:26:16,246 | і тоді ви будете здивовані,
334 | 00:26:16,326 | 00:26:19,655 | що ми станемо такими гармонійними,
335 | 00:26:19,735 | 00:26:24,668 | такими інтегрованими – попри наші різні характери.
336 | 00:26:24,748 | 00:26:28,578 | Ви маєте зберегти свій різний характер,
337 | 00:26:28,658 | 00:26:34,393 | різний стиль мовлення, різну ходу, різний стиль вираження.
338 | 00:26:34,473 | 00:26:41,712 | Але якщо характер не виведено вперед, все це таке потворне, таке жахливе.
339 | 00:26:41,792 | 00:26:45,221 | Як смердючі, гнилі листки цих днів.
340 | 00:26:45,301 | 00:26:49,733 | Але якщо ви приберете листки, це старе листя,
341 | 00:26:49,813 | 00:26:55,448 | це непотрібне листя, ви знайдете прекрасну траву під ним.
342 | 00:26:55,528 | 00:27:01,364 | Тож ніхто не повинен ототожнюватися зі своїм темпераментом.
343 | 00:27:01,444 | 00:27:04,673 | Це дуже важливо для Сахаджа Йоґи.
344 | 00:27:06,500 | 00:27:11,863 | Ви повинні знати, що люди прийдуть до Сахаджа Йоґи завдяки вам, а не завдяки Мені.
345 | 00:27:11,943 | 00:27:13,854 | Вони не можуть зрозуміти Мене.
346 | 00:27:13,934 | 00:27:15,447 | Я поза їхнім розумінням.
347 | 00:27:15,527 | 00:27:17,504 | Я кажу щось із сьомого поверху.
348 | 00:27:17,584 | 00:27:19,163 | Вони просто не розуміють.
349 | 00:27:19,243 | 00:27:21,220 | Вони зрозуміють вас, а не Мене.
350 | 00:27:21,300 | 00:27:24,605 | Це дуже важливо, можливо, ви цього не усвідомлюєте.
351 | 00:27:24,685 | 00:27:29,849 | Ви, припустімо, не сприймаєте Сахаджа Йоґу серйозно, ви нічого з нею не робите.
352 | 00:27:29,929 | 00:27:32,172 | Ви все ще дуже прив'язані до речей.
353 | 00:27:32,252 | 00:27:35,292 | Ви не хочете робити це, ви не хочете робити те,
354 | 00:27:35,372 | 00:27:38,212 | ви не хочете відмовлятися від цього чи того.
355 | 00:27:38,292 | 00:27:41,663 | Тоді люди скажуть: «О, він сахаджа йоґ, така людина.
356 | 00:27:41,743 | 00:27:42,943 | Як він може бути?
357 | 00:27:43,023 | 00:27:47,788 | Чого він досяг?» Ви можете сказати: «Я отримав Блаженство, Мати дала мені
358 | 00:27:47,868 | 00:27:52,434 | Блаженство», вони скажуть: «Ні, ми не бачимо цього на вашому обличчі».
359 | 00:27:52,514 | 00:27:54,624 | Ви все ще критикуєте одне одного.
360 | 00:27:54,704 | 00:27:59,540 | Все ще думаєте, що ви – хтось особливий, все ще маєте блокування тут і там.
361 | 00:28:00,600 | 00:28:04,394 | Отже, це ви, ви є відображенням Сахаджа Йоґи, а не Я.
362 | 00:28:04,474 | 00:28:08,268 | Вони побачать, подивляться: «Гаразд, Вона – це Вона».
363 | 00:28:08,348 | 00:28:13,312 | Я бачила людей, які є Моїми родичами, вони скажуть: «О, Ти Поза всім.
364 | 00:28:13,392 | 00:28:17,698 | Ніхто не може Тебе досягти, і тому ми не будемо намагатися».
365 | 00:28:17,778 | 00:28:23,473 | Але якщо вони побачать, що є люди, які десь досягли чогось, тоді вони прийдуть.
366 | 00:28:23,553 | 00:28:24,753 | Чи не так?
367 | 00:28:24,833 | 00:28:27,238 | Тож ви подібні до людей – скажімо,
368 | 00:28:27,318 | 00:28:31,916 | Я розташована на сьомому поверсі, а ви всі – на першому поверсі.
369 | 00:28:31,996 | 00:28:36,814 | Потім ви піднімаєтеся на третій поверх, тоді люди починають бачити.
370 | 00:28:36,894 | 00:28:40,396 | Люди з першого поверху не бачать сьомого поверху,
371 | 00:28:40,476 | 00:28:46,317 | але якщо ви хоча б на третьому поверсі, вони кажуть: «О, є якісь люди на третьому
372 | 00:28:46,397 | 00:28:50,703 | поверсі, давайте йдемо вперед!» Саме так, бо люди бачать те,
373 | 00:28:50,783 | 00:28:55,381 | що вони можуть бачити, вони не бачать те, чого не можуть бачити.
374 | 00:28:55,461 | 00:28:58,524 | Тож коли вони побачать трансформацію у вас,
375 | 00:28:58,604 | 00:29:03,202 | побачать цю красу у вас, тоді вони знатимуть, що є Сахаджа Йоґа.
376 | 00:29:03,282 | 00:29:09,196 | Тож заради Сахаджа Йоґи ми маємо пожертвувати певними речами, і Я вже сказала вам,
377 | 00:29:09,276 | 00:29:14,167 | що ми маємо пожертвувати всіма кумедними звичками чи темпераментами,
378 | 00:29:14,247 | 00:29:19,284 | які ми маємо, що сьогодні ви маєте вирішити: «Я відмовлюся від цього»,
379 | 00:29:19,364 | 00:29:24,474 | і це, сьогодні, як Я вам сказала, є особливі благословення, це спрацює.
380 | 00:29:24,554 | 00:29:27,909 | Ви маєте стати справді хорошими сахаджа йоґами.
381 | 00:29:27,989 | 00:29:31,344 | Тепер, порівнюючи себе з іншими, ви не зможете.
382 | 00:29:31,424 | 00:29:34,268 | Розмовляючи одне з одним, ви не зможете.
383 | 00:29:34,348 | 00:29:38,873 | Це ваша власна справа, це ви маєте засвідчити: «Чи я в порядку?
384 | 00:29:38,953 | 00:29:40,700 | Чи я хороший сахаджа йоґ?
385 | 00:29:40,780 | 00:29:46,109 | Чи я справді прогресую?» Ви повинні прогресувати – якщо ви не прогресуєте,
386 | 00:29:46,189 | 00:29:47,389 | ви не ростете.
387 | 00:29:47,469 | 00:29:49,380 | Ви всі маєте рости, і рости, і рости.
388 | 00:29:51,220 | 00:29:55,854 | Тож останнє з усього – це день, коли ми дуже щасливі.
389 | 00:29:55,934 | 00:30:01,369 | Це перший раз, коли Мій день народження святкується в Лондоні,
390 | 00:30:01,449 | 00:30:08,307 | перший раз за кордоном, і всі індійські сахаджа йоґи, напевно, тужать за Мною.
391 | 00:30:08,387 | 00:30:12,932 | Я впевнена, всюди вони, мабуть, дуже тужать за Мною,
392 | 00:30:13,012 | 00:30:16,312 | тож ми маємо подумати і про них також.
393 | 00:30:16,392 | 00:30:21,382 | Подумайте про інших сахаджа йоґів, що вони зараз роблять.
394 | 00:30:21,462 | 00:30:25,118 | Подумайте про них – і ви відчуєте радість.
395 | 00:30:25,198 | 00:30:30,366 | Сядьте й подумайте про інших, і ви відчуєте велику радість,
396 | 00:30:30,446 | 00:30:35,525 | думаючи про тих людей, бо вони також ваші брати та сестри.
397 | 00:30:35,605 | 00:30:40,684 | І так приємно відчувати, що у вас стільки братів і сестер,
398 | 00:30:40,764 | 00:30:42,996 | які говорять однією мовою.
399 | 00:30:43,076 | 00:30:49,578 | Тож ми маємо вийти за межі того обмеження, що ми в Англії – ні, ми скрізь,
400 | 00:30:49,658 | 00:30:55,715 | і ви можете у своїй медитації подумати про всіх цих людей, які там є.
401 | 00:30:56,140 | 00:30:57,717 | Встановіть свої стосунки з ними.
402 | 00:30:57,797 | 00:30:59,529 | Налагодьте своє порозуміння з ними.
403 | 00:30:59,609 | 00:31:00,809 | Пишіть їм.
404 | 00:31:00,889 | 00:31:02,414 | Як у нас є друзі по листуванню,
405 | 00:31:02,494 | 00:31:05,572 | ви можете завести дружбу по листуванню і почати писати людям.
406 | 00:31:05,652 | 00:31:08,161 | Буде дуже гарною ідеєю, якщо ви почнете щось таке.
407 | 00:31:08,241 | 00:31:11,578 | Але листування – це ще одна річ, що підпадає під Лінощі, повністю.
408 | 00:31:11,658 | 00:31:13,545 | Бачите, Я пишу набагато більше листів,
409 | 00:31:13,625 | 00:31:16,859 | ніж будь-хто з вас може написати, і попри те, що Я така зайнята.
410 | 00:31:16,939 | 00:31:18,139 | Ви знаєте, як Я зайнята.
411 | 00:31:18,219 | 00:31:19,419 | Попри це, Я пишу листи.
412 | 00:31:19,499 | 00:31:22,940 | Але Я бачила, що англійські сахаджа йоґи не мають часу писати листи.
413 | 00:31:23,020 | 00:31:25,891 | Ніхто не може повірити, що у них немає часу писати листи.
414 | 00:31:25,971 | 00:31:28,997 | Перш за все, ми маємо вирішити – «занадто» потрібно уникати.
415 | 00:31:29,077 | 00:31:31,793 | Скільки ми їмо, скільки часу проводимо в розмовах одне
416 | 00:31:31,873 | 00:31:34,951 | з одним – давайте вирішимо щодо цього, з'ясуймо це, і тоді ви
417 | 00:31:35,031 | 00:31:37,591 | будете вражені, що якщо ви справді розподілите час,
418 | 00:31:37,671 | 00:31:40,801 | ви побачите, що у вас є багато часу, який ви можете заощадити.
419 | 00:31:40,881 | 00:31:43,804 | Тож як людина з обмеженими грошима сідає й складає бюджет,
420 | 00:31:43,884 | 00:31:45,927 | так само і ви складіть бюджет свого часу.
421 | 00:31:46,007 | 00:31:47,207 | Ви завжди зайняті – чим?
422 | 00:31:47,287 | 00:31:49,174 | Тож давайте знайдемо той час, той час,
423 | 00:31:49,254 | 00:31:51,711 | коли ви маєте дозволити собі рости, той час, який
424 | 00:31:51,791 | 00:31:53,523 | потрібен для вашої особистої уваги,
425 | 00:31:53,603 | 00:31:56,319 | який потрібен для вашої еволюції – ви маєте його дати.
426 | 00:31:56,399 | 00:31:58,234 | Це та данина, яку ви маєте заплатити,
427 | 00:31:58,314 | 00:32:00,660 | бо тепер ви реалізовані душі, і відповідальність – ваша власна.
428 | 00:32:01,660 | 00:32:05,184 | У цьому найкраще – звернутися до мудрості.
429 | 00:32:05,264 | 00:32:08,959 | Сядьте одного разу й зверніться до мудрості,
430 | 00:32:09,039 | 00:32:13,163 | й подумайте: «Матаджі дала нам реалізацію, добре.
431 | 00:32:13,243 | 00:32:15,479 | Пророщення почалося, добре.
432 | 00:32:15,559 | 00:32:16,759 | Де ми?
433 | 00:32:16,839 | 00:32:18,475 | Як далеко ми зайшли?
434 | 00:32:18,555 | 00:32:20,620 | Чи ми хоча б укорінилися?
435 | 00:32:20,700 | 00:32:22,336 | Чи є у нас паростки?
436 | 00:32:22,416 | 00:32:24,824 | Де ми?» Просто з'ясуйте самі.
437 | 00:32:24,904 | 00:32:29,801 | Я знаю, що Матаджі тягне вас усіх, і ви всі втягнуті в це.
438 | 00:32:29,881 | 00:32:36,494 | Вам доводиться рухатися кудись, але якщо ви додасте свою рушійну силу, усі ви.
439 | 00:32:36,574 | 00:32:40,012 | Жодна людина не повинна тягнутися позаду,
440 | 00:32:40,092 | 00:32:43,873 | бо її вага буде тягнути нас назад, чи не так?
441 | 00:32:43,953 | 00:32:46,447 | Тому Я кажу, що це егоїстично.
442 | 00:32:46,527 | 00:32:50,660 | Якщо хтось відстає, ту вагу нам доводиться тягнути знову.
443 | 00:32:50,660 | 00:32:54,020 | Тож що відбувається – це як історія про людину,
444 | 00:32:54,100 | 00:32:57,606 | яка робить три кроки вперед і п'ять кроків назад.
445 | 00:32:57,686 | 00:32:58,886 | Коли вона дійде?
446 | 00:32:58,966 | 00:33:00,423 | Вона ніколи не дійде.
447 | 00:33:00,503 | 00:33:01,703 | Коли вона дійде?
448 | 00:33:01,783 | 00:33:05,216 | Таке запитання, бачите, як задають у математиці:
449 | 00:33:05,296 | 00:33:10,193 | «Коли він дійде?» Такі люди, які рухаються назад швидше, ніж уперед.
450 | 00:33:10,273 | 00:33:15,024 | Тож кожен має вирішити: «Я рухаюся назад, я мушу рухатися вперед».
451 | 00:33:15,104 | 00:33:20,148 | Цим ви допомагаєте всьому рости, і це буде ідеальним для Сахаджа Йоґи.
452 | 00:33:20,228 | 00:33:23,661 | Тож ваш індивідуальний ріст має бути правильним,
453 | 00:33:23,741 | 00:33:26,808 | і ваш колективний ріст має бути правильним.
454 | 00:33:26,888 | 00:33:28,345 | Це не забирає багато.
455 | 00:33:28,425 | 00:33:30,248 | Медитацію ви маєте робити.
456 | 00:33:30,328 | 00:33:32,590 | Ви маєте перебувати в Нірвічарі.
457 | 00:33:32,670 | 00:33:35,444 | Ви маєте відмовитися від свого думання.
458 | 00:33:35,524 | 00:33:39,762 | Намагайтеся бути в Нірвічарі, намагайтеся бути в Нірвічарі,
459 | 00:33:39,842 | 00:33:42,560 | і ви будете здивовані, як все розквітне.
460 | 00:33:43,780 | 00:33:48,325 | Наступного року Я хочу побачити набагато більше людей.
461 | 00:33:48,405 | 00:33:52,864 | Окрім цього, Я також хочу бачити, що кожен прогресує.
462 | 00:33:52,944 | 00:33:59,117 | Бачите, навіть якщо ви отримаєте тисячі людей і без якості – яка користь?
463 | 00:33:59,197 | 00:34:01,429 | Що ми з ними будемо робити?
464 | 00:34:01,509 | 00:34:04,598 | Ми повинні мати людей якісних, людей,
465 | 00:34:04,678 | 00:34:08,880 | які будуть працювати над цим, які досягнуть цього.
466 | 00:34:08,960 | 00:34:13,591 | Ті, хто ототожнені, але не працюють над цим – це марно.
467 | 00:34:13,671 | 00:34:18,644 | Тож кожен має працювати над цим, має працювати наполегливо.
468 | 00:34:18,724 | 00:34:25,154 | Не критикуйте інших, не співчувайте, і йдіть далі й далі зі своїм прогресом.
469 | 00:34:26,679 | 00:34:32,854 | Днями Я шукала значення слова «ашрам» – означає «місце для аскетів, щоб жити».
470 | 00:34:32,934 | 00:34:38,467 | Ашрам – це місце, якщо вам треба туди йти, не тягніть весь свій багаж.
471 | 00:34:38,547 | 00:34:41,354 | Ви маєте взяти туди дуже мало речей.
472 | 00:34:41,434 | 00:34:46,967 | Ви повинні бути здатні жити з двома-трьома комплектами одягу в ашрамі.
473 | 00:34:47,047 | 00:34:52,901 | Бачите, ашрам – це місце, де вас тренують бути помірними, де вас навчають,
474 | 00:34:52,981 | 00:34:57,472 | як контролювати свої почуття, як контролювати свою увагу.
475 | 00:34:57,552 | 00:34:59,797 | Але там також – що ми робимо?
476 | 00:34:59,877 | 00:35:04,608 | Давайте з'ясуємо, що ми робимо, щоб контролювати свою увагу?
477 | 00:35:04,688 | 00:35:10,783 | Найкраще – коли ви приходите в ашрам, візьміться за суворе ставлення до себе,
478 | 00:35:10,863 | 00:35:15,755 | абсолютно суворе: «Гаразд, тепер ми в ашрамі, давайте вперед».
479 | 00:35:15,835 | 00:35:21,048 | Рано вранці встаєте, робите це, робите те, і працюєте таким чином,
480 | 00:35:21,128 | 00:35:26,661 | щоб побачити, що коли ви виходите з ашраму, ви абсолютно вдосконалені.
481 | 00:35:26,741 | 00:35:28,345 | Таким має бути ашрам.
482 | 00:35:28,425 | 00:35:33,156 | А виявляється, що в ашрамі, якщо ви йдете, людям стає гірше.
483 | 00:35:33,236 | 00:35:34,599 | Це найдивовижніше.
484 | 00:35:34,679 | 00:35:37,726 | І навіть вони сказали Моєму чоловікові.
485 | 00:35:37,806 | 00:35:41,014 | Він сказав: «Що, що за ашрам у вас такий,
486 | 00:35:41,094 | 00:35:44,863 | що люди приходять і ловлять блокування в ашрамі?
487 | 00:35:44,943 | 00:35:50,717 | Що це за ашрам?» Причина в тому, що ті, хто в ашрамі, мають дотримуватися
488 | 00:35:50,797 | 00:35:56,491 | певної дисципліни і вставати вранці, і не потурати надмірному питтю чаю.
489 | 00:35:56,940 | 00:36:00,211 | У всьому має бути баланс, поступово зменшуйте.
490 | 00:36:00,291 | 00:36:02,761 | Усе ви можете поступово зменшувати.
491 | 00:36:02,841 | 00:36:06,331 | Ось, якщо ви будете зменшувати цукор, буде добре.
492 | 00:36:06,411 | 00:36:09,245 | Я скажу вам, як кинути чай, дуже просто.
493 | 00:36:09,325 | 00:36:13,835 | Ви спочатку перестаєте класти цукор – половина з вас кине пити.
494 | 00:36:13,915 | 00:36:18,425 | Потім ви перестаєте додавати молоко – тоді друга половина кине,
495 | 00:36:18,505 | 00:36:20,610 | і тоді ви припиняєте пити чай.
496 | 00:36:20,690 | 00:36:21,921 | Ось так це працює.
497 | 00:36:22,001 | 00:36:27,166 | Але не потрібно доходити до такої крайності, що ви взагалі не п'єте чаю.
498 | 00:36:27,246 | 00:36:32,339 | Але й інша крайність – що без чаю ви не можете розмовляти одне з одним,
499 | 00:36:32,419 | 00:36:34,160 | що постійно має бути чай.
500 | 00:36:34,240 | 00:36:38,240 | От зараз у вас не було чаю, нічого, ви сиділи гарненько.
501 | 00:36:38,320 | 00:36:40,644 | Від самого ранку, коли ви встали,
502 | 00:36:40,724 | 00:36:44,505 | ви виглядаєте дуже свіжо й гарно, ніхто не втомлений.
503 | 00:36:44,585 | 00:36:47,565 | А потім: «Я втомлений, мені потрібен чай».
504 | 00:36:47,645 | 00:36:49,532 | Усі ці речі працюють разом.
505 | 00:36:49,612 | 00:36:54,559 | Тож потрібно зайняти дуже-дуже прагматичну позицію щодо Сахаджа Йоґи,
506 | 00:36:54,639 | 00:36:57,400 | і Сахаджа Йоґи у стосунку до нас самих.
507 | 00:36:57,480 | 00:37:00,460 | Наступного року Мені виповниться 58 років.
508 | 00:37:00,540 | 00:37:05,414 | Я не знаю, чи Я буду в Лондоні, чи де, чи ми святкуватимемо в Індії.
509 | 00:37:05,494 | 00:37:09,785 | Ми всі можемо поїхати до Індії, але не буде гарно виглядати,
510 | 00:37:09,865 | 00:37:12,189 | якщо сахаджа йоґи звідси приїдуть
511 | 00:37:12,269 | 00:37:16,414 | зі Мною, а там усі індійські сахаджа йоґи будуть шоковані,
512 | 00:37:16,494 | 00:37:19,109 | подивляться на вас і скажуть: «Що це?
513 | 00:37:19,189 | 00:37:20,389 | Чому ви такі?
514 | 00:37:20,469 | 00:37:23,084 | Ми не розуміємо», – це не буде гарно.
515 | 00:37:23,164 | 00:37:25,561 | Наступного разу ми так не зробимо.
516 | 00:37:25,641 | 00:37:30,588 | Наступного разу ми поїдемо туди набагато чистішими, набагато кращими.
517 | 00:37:30,668 | 00:37:32,628 | Чому б не змагатися в цьому?
518 | 00:37:32,708 | 00:37:35,323 | Замість Лінощів, чому б не змагатися?
519 | 00:37:35,403 | 00:37:41,297 | Якщо він встає о четвертій годині, чому б мені не встати хоча б без чверті чотири?
520 | 00:37:41,377 | 00:37:43,045 | Хоча б без п'яти чотири.
521 | 00:37:43,125 | 00:37:46,687 | Давайте спробуємо змагатися в цьому, і це спрацює.
522 | 00:37:46,767 | 00:37:49,674 | Якщо ви хочете це зробити, це дуже легко.
523 | 00:37:49,754 | 00:37:54,701 | Але поїхати до Індії, і всі кажуть: «Лондонські сахаджа йоґи, о Боже!
524 | 00:37:54,781 | 00:38:00,602 | Який головний біль, вони їдуть, нам доведеться їх чистити, те, се, всілякі речі».
525 | 00:38:00,682 | 00:38:03,060 | У них був дуже дивний досвід дотепер.
526 | 00:38:03,440 | 00:38:09,297 | Наступного разу Я прохаю вас усіх – ретельно готуйтеся протягом одного року.
527 | 00:38:09,377 | 00:38:12,969 | Лише спробуйте протягом одного року, не більше.
528 | 00:38:13,049 | 00:38:18,750 | Якщо вам потрібно вивчити, скажімо, медицину, вам треба вчитися сім років.
529 | 00:38:18,830 | 00:38:23,828 | Що б ви не робили, вам потрібно вчитися роками, ви це вже робили!
530 | 00:38:23,908 | 00:38:30,078 | Тож один рік віддано подивіться, щоб ви жили в радості, щасті й дружбі з іншими,
531 | 00:38:30,158 | 00:38:34,453 | а з собою – у повній старанності та суворому ув'язненні.
532 | 00:38:34,533 | 00:38:36,093 | Тоді лише це спрацює.
533 | 00:38:36,173 | 00:38:41,405 | З іншими (Мати сміється) – багато любові, багато дружби, солодкості.
534 | 00:38:41,485 | 00:38:44,139 | Із собою – повне суворе ув'язнення.
535 | 00:38:44,219 | 00:38:49,686 | Якщо у вас є запальність, станьте перед дзеркалом і подивіться на себе,
536 | 00:38:49,766 | 00:38:53,514 | коли ви сердитесь – ви позбудетеся цього, бачите.
537 | 00:38:54,160 | 00:38:56,272 | Потім усілякі речі можна вилікувати.
538 | 00:38:56,352 | 00:39:00,840 | Якщо у вас є будь-яка проблема, запитайте Мене, Я скажу вам, як це зробити,
539 | 00:39:00,920 | 00:39:04,494 | як проколоти ваше его, все Я можу сказати вам індивідуально.
540 | 00:39:04,574 | 00:39:07,478 | Але ви повинні прийти з цими проблемами, скажіть:
541 | 00:39:07,558 | 00:39:10,218 | «Матінко, ось моя проблема, ось моя проблема.
542 | 00:39:10,298 | 00:39:13,689 | Я не знаю, я роблю це, як це розв'язати?» – і це спрацює.
543 | 00:39:13,769 | 00:39:16,917 | Але засуджуючи себе, ви також не розв'яжете проблему.
544 | 00:39:16,997 | 00:39:20,754 | Це інша мода: «Я такий поганий, я нікуди не годжуся» – це мода.
545 | 00:39:20,834 | 00:39:23,434 | Ви цілком в порядку, з вами нічого поганого.
546 | 00:39:23,514 | 00:39:26,235 | Просто ви маєте працювати над цим і піднятися.
547 | 00:39:26,900 | 00:39:31,516 | Тож від одного року, що закінчується, до наступного року.
548 | 00:39:31,596 | 00:39:36,871 | Ми маємо пообіцяти, ми маємо пообіцяти в день народження Матаджі.
549 | 00:39:36,951 | 00:39:40,660 | Ви подарували Мені такі гарні, прекрасні речі.
550 | 00:39:40,740 | 00:39:43,131 | Я їх люблю, такі чудові слова.
551 | 00:39:43,211 | 00:39:48,980 | Але Я маю сказати вам, що цього разу Я даю вам дисципліну Сахаджа Йоґи.
552 | 00:39:49,060 | 00:39:50,545 | Дисциплінуйте себе.
553 | 00:39:50,625 | 00:39:52,522 | Дисципліна дуже важлива.
554 | 00:39:52,602 | 00:39:56,394 | Якщо ви не дисциплінуєте себе, будь-яке дерево,
555 | 00:39:56,474 | 00:40:00,266 | яке не дисципліноване, не може рости правильно.
556 | 00:40:00,346 | 00:40:02,655 | Ви маєте дисциплінувати себе.
557 | 00:40:02,735 | 00:40:06,115 | Якщо ви не хочете дисциплінуватися, єдине,
558 | 00:40:06,195 | 00:40:11,882 | що буде – ви приходитимете на Мої програми і не будете Мені корисними.
559 | 00:40:11,962 | 00:40:18,555 | Ви маєте розвинути свою глибину, ви маєте зайти глибше, і це має бути пророблене.
560 | 00:40:20,460 | 00:40:28,340 | Цього року у нас буде багато інших програм, про які Я вже говорила з іншими людьми.
561 | 00:40:28,420 | 00:40:30,833 | Ви можете дізнатися в них.
562 | 00:40:30,913 | 00:40:34,861 | Ми їдемо до Парижу, ми їдемо до Швейцарії.
563 | 00:40:34,941 | 00:40:39,272 | Ми їдемо до Америки, і у вас буде багато часу.
564 | 00:40:39,352 | 00:40:47,232 | Але навіть коли у вас немає роботи, коли ви на самоті, ви можете працювати над цим.
565 | 00:40:47,312 | 00:40:50,876 | Кожну мить ви маєте працювати над цим.
566 | 00:40:50,956 | 00:40:57,973 | Цей рік ви справді присвятіть – рік посвяти – вдосконаленню себе повністю,
567 | 00:40:58,053 | 00:41:03,247 | працюючи над цим, зустрічаючись регулярно й роблячи це.
568 | 00:41:03,327 | 00:41:04,973 | Не лише записуючи.
569 | 00:41:05,053 | 00:41:09,384 | Наприклад, на засіданні комітету всі присутні.
570 | 00:41:09,464 | 00:41:14,467 | Тепер ви всі обговорюєте, записуєте на папері, добре.
571 | 00:41:14,547 | 00:41:20,509 | «Ми маємо робити це, ми маємо робити те, ми всі будемо вставати
572 | 00:41:20,589 | 00:41:26,646 | о четвертій годині» – а до шостої всі хропуть, таке не допоможе.
573 | 00:41:26,726 | 00:41:31,920 | Тож ми маємо працювати над цим, бо це те, що нас чекає.
574 | 00:41:32,000 | 00:41:34,029 | Це така прекрасна річ.
575 | 00:41:34,109 | 00:41:40,071 | Трохи зусиль – і яка радість, трохи зусиль – і яка особистість!
576 | 00:41:40,151 | 00:41:42,564 | Трохи зусиль – і яка сила!
577 | 00:41:42,644 | 00:41:46,112 | Трохи зусиль – і яка колективна міць!
578 | 00:41:48,680 | 00:41:52,182 | Тож трохи зусиль: «Чи я доклав трохи більше,
579 | 00:41:52,262 | 00:41:56,334 | ніж міг?» І відмовтеся від цієї ідеї «я втомлений».
580 | 00:41:56,414 | 00:42:00,323 | Ні в кого не буде серцевого нападу, повірте Мені.
581 | 00:42:00,403 | 00:42:03,823 | Ні в кого серце не відмовить, повірте Мені.
582 | 00:42:03,903 | 00:42:08,626 | У вас є багато енергії, але спрямуйте її в правильне русло.
583 | 00:42:08,706 | 00:42:10,335 | Це допоможе всім нам.
584 | 00:42:10,415 | 00:42:13,998 | Також Я хотіла б отримати від вас пропозиції.
585 | 00:42:14,078 | 00:42:19,045 | Сядьте, поговоріть одне з одним для організації інших програм.
586 | 00:42:19,125 | 00:42:24,174 | Я також їду до Брайтона, ми вже визначили ці дати для Брайтона.
587 | 00:42:24,254 | 00:42:28,081 | Але інші місця, куди б ви хотіли, щоб Я поїхала.
588 | 00:42:28,161 | 00:42:31,011 | Скажімо, Единбург чи будь-яке місце.
589 | 00:42:31,091 | 00:42:34,674 | Я тут у травні, червні, липні, ось так Я тут.
590 | 00:42:34,754 | 00:42:37,930 | Ми влаштуємо це, коли скажете – зробимо.
591 | 00:42:38,010 | 00:42:42,489 | Але серед тижня Я можу їздити, на вихідних досить важко.
592 | 00:42:42,569 | 00:42:46,315 | Ми вже домовилися про Париж та інше на вихідні.
593 | 00:42:46,395 | 00:42:50,141 | Але вихідні Мені складні, бо Я маю інші справи.
594 | 00:42:50,221 | 00:42:53,397 | Тож зараз Я з вами – робіть що завгодно.
595 | 00:42:53,477 | 00:42:58,851 | Але перш за все й найголовніше – ви маєте бути абсолютно в порядку.
596 | 00:43:00,500 | 00:43:06,377 | Ви маєте вивчити Сахаджа Йоґу, ви маєте знати, ви маєте стати експертами.
597 | 00:43:06,457 | 00:43:11,844 | Я бачила людей, які прийшли лише вчора й стали великими експертами,
598 | 00:43:11,924 | 00:43:16,658 | тоді як ті, хто тяжко працювали сім років, все ще працюють.
599 | 00:43:16,738 | 00:43:23,512 | Тож ми всі маємо працювати саме так і повинні мати віру в себе, як Я маю віру у вас.
600 | 00:43:23,592 | 00:43:27,428 | Я маю велику віру у вас і Я бачу прекрасний час,
601 | 00:43:27,508 | 00:43:32,079 | який ми проведемо разом, і справді насолодимося повністю.
602 | 00:43:32,159 | 00:43:35,424 | Абсолютно, ми збираємося насолоджуватися.
603 | 00:43:35,504 | 00:43:39,422 | Не майте жодних страхів, не робіть жодних кроків,
604 | 00:43:39,502 | 00:43:43,175 | які можуть зіпсувати темпераменти інших людей.
605 | 00:43:44,380 | 00:43:47,177 | Або ви агресивні, або неагресивні.
606 | 00:43:47,257 | 00:43:49,969 | Але насправді це ніколи так не є.
607 | 00:43:50,049 | 00:43:56,570 | Якщо ви агресивні, тоді ви відмовляєтеся від агресії і стаєте боязкою людиною.
608 | 00:43:56,650 | 00:44:00,040 | Боязкість не має цінності в Сахаджа Йозі.
609 | 00:44:00,120 | 00:44:06,387 | Що Я збираюся робити з боязкими людьми – боязкими, втомленими, знесиленими?
610 | 00:44:06,467 | 00:44:10,618 | Якщо ви втомлені, прийміть якийсь тонік, одужайте.
611 | 00:44:10,698 | 00:44:13,326 | Ви всі маєте одужати й побачити,
612 | 00:44:13,406 | 00:44:18,065 | що ви справді досягаєте того іскристого сяйва всередині.
613 | 00:44:18,145 | 00:44:22,550 | Ви не повірите, що ваша Мати працює дуже наполегливо.
614 | 00:44:22,630 | 00:44:27,035 | Дуже-дуже наполегливо Їй доводиться працювати з вами,
615 | 00:44:27,115 | 00:44:31,436 | і Їй дійсно доводиться вас тягнути, справді тягнути.
616 | 00:44:31,516 | 00:44:37,614 | Але все одно ви бачите Мене дуже щасливою, бо Я бачу щось таке прекрасне,
617 | 00:44:37,694 | 00:44:42,522 | таке чудове, таке миле, таке велике у вас, і кожного разу,
618 | 00:44:42,602 | 00:44:47,684 | коли Я це бачу, Я просто кажу: «Все це мине, зрештою, бачите,
619 | 00:44:47,764 | 00:44:53,862 | це все засохле листя, воно має опасти, осінь закінчиться і прийде весна».
620 | 00:44:53,942 | 00:44:58,432 | Тож, бачите, Я забуваю це і просто не турбуюся про те,
621 | 00:44:58,512 | 00:45:03,171 | скільки Я працювала, скільки Мені ще потрібно працювати.
622 | 00:45:03,540 | 00:45:08,913 | Але довіряйте одне одному, любіть одне одного і давайте більше довіри,
623 | 00:45:08,993 | 00:45:12,574 | більше любові й розуміння, і жодного співчуття.
624 | 00:45:12,654 | 00:45:16,547 | Тож Я не знаю, як вам дякувати знову і знову за те,
625 | 00:45:16,627 | 00:45:19,507 | що ви зробили цю подію такою успішною.
626 | 00:45:19,587 | 00:45:25,973 | Люди дуже щасливі з цього приводу, і ми йдемо, ми з нетерпінням чекаємо завтрашньої
627 | 00:45:26,053 | 00:45:31,816 | програми 24-го числа, і це буде справді дуже-дуже важкий день для всіх нас.
628 | 00:45:31,896 | 00:45:36,880 | Тож після сьогоднішнього ви знатимете, що вам уже набагато краще.
629 | 00:45:36,960 | 00:45:38,160 | Тримайте це.
630 | 00:45:38,240 | 00:45:39,874 | Поставте собі бандхан.
631 | 00:45:39,954 | 00:45:43,458 | Підперезуйтеся й «Уперед, християнські воїни».
632 | 00:45:43,538 | 00:45:46,418 | Ось що це таке – ми маємо бути такими.
633 | 00:45:46,498 | 00:45:48,287 | Ми ті люди, які люблять.
634 | 00:45:48,367 | 00:45:49,567 | Ми любимо.
635 | 00:45:49,647 | 00:45:51,436 | Ми розповсюджуємо любов.
636 | 00:45:51,516 | 00:45:56,578 | Ми випромінюємо любов, і ми маємо бути тим образом і тією подобою,
637 | 00:45:56,658 | 00:46:01,330 | щоб коли люди побачать, вони сказали: «О, це правильні люди».
638 | 00:46:01,410 | 00:46:06,004 | Нам не потрібно носити якийсь спеціальний одяг чи щось таке,
639 | 00:46:06,084 | 00:46:12,470 | але лише побачивши вас, які так розквітаєте, люди мають повірити, що ви всі великі.
640 | 00:46:12,550 | 00:46:16,443 | Ви вже показали свою чудову роботу на тій виставці,
641 | 00:46:16,523 | 00:46:21,351 | і люди були зачаровані, як ви так трансформовані й такі великі.
642 | 00:46:21,431 | 00:46:24,857 | Я маю на увазі, вони справді були зачаровані,
643 | 00:46:24,937 | 00:46:29,064 | як ви зробили всю роботу так добре й так систематично.
644 | 00:46:29,144 | 00:46:35,530 | Тож знову Я мушу нагадати в цей день, що ми маємо пообіцяти нашій Матері: «Матінко,
645 | 00:46:35,610 | 00:46:41,295 | цього року ми справді обіцяємо Тобі, що будемо працювати дуже наполегливо.
646 | 00:46:41,375 | 00:46:45,190 | Ми будемо дуже співчутливими, сповненими доброти».
647 | 00:46:45,270 | 00:46:50,176 | Не смійтеся з людей – це не ваше право, це не спосіб так чинити,
648 | 00:46:50,256 | 00:46:54,227 | бачите, ви не повинні сміятися, це не хороші манери.
649 | 00:46:54,307 | 00:46:57,499 | Просто спробуйте побачити, що людина каже.
650 | 00:46:57,579 | 00:47:02,173 | Навіть якщо вона каже нерозумно, немає сенсу з неї сміятися.
651 | 00:47:02,253 | 00:47:06,068 | Просто подивіться, що вона каже, яке її ставлення,
652 | 00:47:06,148 | 00:47:11,911 | і все це принесе дуже-дуже гарний образ усіх Моїх дітей, яких Я дуже люблю.
653 | 00:47:11,991 | 00:47:14,560 | Я буду любити, і любити, і любити.
654 | 00:47:14,640 | 00:47:17,053 | Що б не трапилось, Я буду вашою.
655 | 00:47:17,133 | 00:47:22,117 | Але все ж, у Моїй любові Я прошу вас – Я не можу відчувати щастя,
656 | 00:47:22,197 | 00:47:24,720 | доки не зроблю вас такими, як Я Сама.
657 | 00:47:24,800 | 00:47:26,000 | Добре?
658 | 00:47:26,200 | 00:47:27,400 | Дуже дякую.
